Component: ARM Compiler 5.06 update 1 (build 61) Tool: armlink [4d35a8]

==============================================================================

Section Cross References

    main.o(i.main) refers to app_error.o(i.app_error_handler_bare) for app_error_handler_bare
    main.o(i.main) refers to cherubimind.o(i.timers_init) for timers_init
    main.o(i.main) refers to cherubimind_ble.o(i.buttons_leds_init) for buttons_leds_init
    main.o(i.main) refers to cherubimind_ble.o(i.ble_stack_init) for ble_stack_init
    main.o(i.main) refers to cherubimind_ble.o(i.peer_manager_init) for peer_manager_init
    main.o(i.main) refers to cherubimind_ble.o(i.gap_params_init) for gap_params_init
    main.o(i.main) refers to cherubimind_ble.o(i.advertising_init) for advertising_init
    main.o(i.main) refers to cherubimind_ble.o(i.services_init) for services_init
    main.o(i.main) refers to cherubimind_ble.o(i.conn_params_init) for conn_params_init
    main.o(i.main) refers to cherubimind.o(i.uart_init) for uart_init
    main.o(i.main) refers to cherubimind.o(i.application_timers_start) for application_timers_start
    main.o(i.main) refers to ble_advertising.o(i.ble_advertising_start) for ble_advertising_start
    main.o(i.main) refers to main.o(i.power_manage) for power_manage
    main.o(i.power_manage) refers to app_error.o(i.app_error_handler_bare) for app_error_handler_bare
    cherubimind.o(i.application_timers_start) refers to app_timer.o(i.app_timer_start) for app_timer_start
    cherubimind.o(i.application_timers_start) refers to app_error.o(i.app_error_handler_bare) for app_error_handler_bare
    cherubimind.o(i.application_timers_start) refers to cherubimind.o(.constdata) for m_battery_timer_id
    cherubimind.o(i.battery_measurement_timeout_handler) refers to cherubimind_ble.o(i.battery_level_update) for battery_level_update
    cherubimind.o(i.heart_rate_meas_timeout_handler) refers to cherubimind_ble.o(i.rri_update) for rri_update
    cherubimind.o(i.heart_rate_meas_timeout_handler) refers to cherubimind_ble.o(i.hrm_update) for hrm_update
    cherubimind.o(i.timers_init) refers to app_timer.o(i.app_timer_init) for app_timer_init
    cherubimind.o(i.timers_init) refers to app_error.o(i.app_error_handler_bare) for app_error_handler_bare
    cherubimind.o(i.timers_init) refers to app_timer.o(i.app_timer_create) for app_timer_create
    cherubimind.o(i.timers_init) refers to cherubimind.o(.bss) for APP_TIMER_BUF
    cherubimind.o(i.timers_init) refers to cherubimind.o(i.battery_measurement_timeout_handler) for battery_measurement_timeout_handler
    cherubimind.o(i.timers_init) refers to cherubimind.o(.constdata) for m_battery_timer_id
    cherubimind.o(i.timers_init) refers to cherubimind.o(i.heart_rate_meas_timeout_handler) for heart_rate_meas_timeout_handler
    cherubimind.o(i.uart_event_handle) refers to app_uart_fifo.o(i.app_uart_get) for app_uart_get
    cherubimind.o(i.uart_event_handle) refers to segger_rtt.o(i.SEGGER_RTT_WriteString) for SEGGER_RTT_WriteString
    cherubimind.o(i.uart_event_handle) refers to cherubimind_ble.o(i.data_send_by_nus) for data_send_by_nus
    cherubimind.o(i.uart_event_handle) refers to app_error.o(i.app_error_handler_bare) for app_error_handler_bare
    cherubimind.o(i.uart_event_handle) refers to cherubimind.o(.data) for current_data
    cherubimind.o(i.uart_event_handle) refers to cherubimind.o(.bss) for send_buffer
    cherubimind.o(i.uart_init) refers to memmovea.o(.text) for __aeabi_memcpy4
    cherubimind.o(i.uart_init) refers to app_uart_fifo.o(i.app_uart_init) for app_uart_init
    cherubimind.o(i.uart_init) refers to app_error.o(i.app_error_handler_bare) for app_error_handler_bare
    cherubimind.o(i.uart_init) refers to cherubimind.o(.constdata) for .constdata
    cherubimind.o(i.uart_init) refers to cherubimind.o(.bss) for rx_buf
    cherubimind.o(i.uart_init) refers to cherubimind.o(i.uart_event_handle) for uart_event_handle
    cherubimind.o(.constdata) refers to cherubimind.o(.bss) for m_battery_timer_id_data
    cherubimind_ble.o(i.advertising_init) refers to memseta.o(.text) for __aeabi_memclr4
    cherubimind_ble.o(i.advertising_init) refers to memmovea.o(.text) for __aeabi_memcpy4
    cherubimind_ble.o(i.advertising_init) refers to ble_advertising.o(i.ble_advertising_init) for ble_advertising_init
    cherubimind_ble.o(i.advertising_init) refers to app_error.o(i.app_error_handler_bare) for app_error_handler_bare
    cherubimind_ble.o(i.advertising_init) refers to cherubimind_ble.o(.data) for m_adv_uuids
    cherubimind_ble.o(i.advertising_init) refers to cherubimind_ble.o(i.on_adv_evt) for on_adv_evt
    cherubimind_ble.o(i.advertising_start) refers to ble_advertising.o(i.ble_advertising_start) for ble_advertising_start
    cherubimind_ble.o(i.advertising_start) refers to app_error.o(i.app_error_handler_bare) for app_error_handler_bare
    cherubimind_ble.o(i.assert_nrf_callback) refers to app_error.o(i.app_error_handler) for app_error_handler
[...]
    ble_conn_state_role                      0x00021241   Thumb Code    50  ble_conn_state.o(i.ble_conn_state_role)
    ble_conn_state_user_flag_acquire         0x00021279   Thumb Code    36  ble_conn_state.o(i.ble_conn_state_user_flag_acquire)
    ble_conn_state_user_flag_collection      0x0002129d   Thumb Code    22  ble_conn_state.o(i.ble_conn_state_user_flag_collection)
    ble_conn_state_user_flag_get             0x000212b9   Thumb Code    32  ble_conn_state.o(i.ble_conn_state_user_flag_get)
    ble_conn_state_user_flag_set             0x000212dd   Thumb Code    32  ble_conn_state.o(i.ble_conn_state_user_flag_set)
    ble_evt_dispatch                         0x00021379   Thumb Code    66  cherubimind_ble.o(i.ble_evt_dispatch)
    ble_hrs_heart_rate_measurement_send      0x000213c9   Thumb Code    98  ble_hrs.o(i.ble_hrs_heart_rate_measurement_send)
    ble_hrs_init                             0x0002142b   Thumb Code   110  ble_hrs.o(i.ble_hrs_init)
    ble_hrs_on_ble_evt                       0x00021499   Thumb Code    58  ble_hrs.o(i.ble_hrs_on_ble_evt)
    ble_hrs_rr_interval_add                  0x000214d3   Thumb Code    58  ble_hrs.o(i.ble_hrs_rr_interval_add)
    ble_nus_init                             0x0002150d   Thumb Code   144  ble_nus.o(i.ble_nus_init)
    ble_nus_on_ble_evt                       0x000215a1   Thumb Code    66  ble_nus.o(i.ble_nus_on_ble_evt)
    ble_nus_string_send                      0x000215e3   Thumb Code    86  ble_nus.o(i.ble_nus_string_send)
    ble_srv_is_notification_enabled          0x00021639   Thumb Code    18  ble_srv_common.o(i.ble_srv_is_notification_enabled)
    ble_srv_report_ref_encode                0x0002164b   Thumb Code    60  ble_srv_common.o(i.ble_srv_report_ref_encode)
    ble_stack_init                           0x00021689   Thumb Code   164  cherubimind_ble.o(i.ble_stack_init)
    bsp_board_button_idx_to_pin              0x000217f1   Thumb Code     8  boards.o(i.bsp_board_button_idx_to_pin)
    bsp_board_button_state_get               0x000217fd   Thumb Code    44  boards.o(i.bsp_board_button_state_get)
    bsp_board_led_invert                     0x0002182d   Thumb Code    44  boards.o(i.bsp_board_led_invert)
    bsp_board_led_off                        0x0002185d   Thumb Code    16  boards.o(i.bsp_board_led_off)
    bsp_board_led_on                         0x00021871   Thumb Code    16  boards.o(i.bsp_board_led_on)
    bsp_board_led_state_get                  0x00021885   Thumb Code    44  boards.o(i.bsp_board_led_state_get)
    bsp_board_leds_init                      0x000218b5   Thumb Code    42  boards.o(i.bsp_board_leds_init)
    bsp_board_leds_off                       0x000218e5   Thumb Code    20  boards.o(i.bsp_board_leds_off)
    bsp_board_leds_on                        0x000218f9   Thumb Code    20  boards.o(i.bsp_board_leds_on)
    bsp_board_pin_to_button_idx              0x0002190d   Thumb Code    32  boards.o(i.bsp_board_pin_to_button_idx)
    bsp_btn_ble_init                         0x00021931   Thumb Code    36  bsp_btn_ble.o(i.bsp_btn_ble_init)
    bsp_btn_ble_on_ble_evt                   0x0002195d   Thumb Code   110  bsp_btn_ble.o(i.bsp_btn_ble_on_ble_evt)
    bsp_btn_ble_sleep_mode_prepare           0x000219d5   Thumb Code    50  bsp_btn_ble.o(i.bsp_btn_ble_sleep_mode_prepare)
    bsp_button_is_pressed                    0x00021ad9   Thumb Code    12  bsp.o(i.bsp_button_is_pressed)
    bsp_event_handler                        0x00021ae5   Thumb Code   104  cherubimind_ble.o(i.bsp_event_handler)
    bsp_event_to_button_action_assign        0x00021b51   Thumb Code    86  bsp.o(i.bsp_event_to_button_action_assign)
    bsp_indication_set                       0x00021bad   Thumb Code    28  bsp.o(i.bsp_indication_set)
    bsp_init                                 0x00021bcd   Thumb Code   140  bsp.o(i.bsp_init)
    bsp_wakeup_button_enable                 0x00021fa1   Thumb Code    22  bsp.o(i.bsp_wakeup_button_enable)
    buttons_leds_init                        0x00021fc5   Thumb Code    82  cherubimind_ble.o(i.buttons_leds_init)
    chunk_queue_next                         0x0002216d   Thumb Code    26  fds.o(i.chunk_queue_next)
    conn_params_error_handler                0x00022387   Thumb Code    16  cherubimind_ble.o(i.conn_params_error_handler)
    conn_params_init                         0x00022399   Thumb Code    82  cherubimind_ble.o(i.conn_params_init)
    data_send_by_nus                         0x00022525   Thumb Code    18  cherubimind_ble.o(i.data_send_by_nus)
    fds_file_delete                          0x00022c0d   Thumb Code    72  fds.o(i.fds_file_delete)
    fds_gc                                   0x00022c55   Thumb Code    60  fds.o(i.fds_gc)
    fds_init                                 0x00022c95   Thumb Code   178  fds.o(i.fds_init)
    fds_record_close                         0x00022d49   Thumb Code    84  fds.o(i.fds_record_close)
    fds_record_find                          0x00022da1   Thumb Code    22  fds.o(i.fds_record_find)
    fds_record_find_by_key                   0x00022db7   Thumb Code    20  fds.o(i.fds_record_find_by_key)
    fds_record_find_in_file                  0x00022dcb   Thumb Code    20  fds.o(i.fds_record_find_in_file)
    fds_record_id_from_desc                  0x00022ddf   Thumb Code    18  fds.o(i.fds_record_id_from_desc)
    fds_record_open                          0x00022df1   Thumb Code    72  fds.o(i.fds_record_open)
    fds_record_update                        0x00022e3d   Thumb Code    26  fds.o(i.fds_record_update)
    fds_record_write                         0x00022e57   Thumb Code    20  fds.o(i.fds_record_write)
    fds_record_write_reserved                0x00022e6b   Thumb Code    28  fds.o(i.fds_record_write_reserved)
    fds_register                             0x00022e89   Thumb Code    38  fds.o(i.fds_register)
    fds_reserve                              0x00022eb9   Thumb Code    48  fds.o(i.fds_reserve)
    fds_reserve_cancel                       0x00022ee9   Thumb Code    74  fds.o(i.fds_reserve_cancel)
    fs_erase                                 0x00023131   Thumb Code   124  fstorage.o(i.fs_erase)
    fs_init                                  0x000231d9   Thumb Code   178  fstorage.o(i.fs_init)
    fs_queued_op_count_get                   0x00023299   Thumb Code    18  fstorage.o(i.fs_queued_op_count_get)
    fs_store                                 0x000232b1   Thumb Code   142  fstorage.o(i.fs_store)
    fs_sys_event_handler                     0x00023345   Thumb Code   100  fstorage.o(i.fs_sys_event_handler)
    gap_params_init                          0x000233b1   Thumb Code   140  cherubimind_ble.o(i.gap_params_init)
    gcm_ble_evt_handler                      0x00023731   Thumb Code   110  gatt_cache_manager.o(i.gcm_ble_evt_handler)
    gcm_gscm_evt_handler                     0x000237a5   Thumb Code   114  gatt_cache_manager.o(i.gcm_gscm_evt_handler)
    gcm_im_evt_handler                       0x0002381d   Thumb Code    44  gatt_cache_manager.o(i.gcm_im_evt_handler)
    gcm_init                                 0x0002384d   Thumb Code    84  gatt_cache_manager.o(i.gcm_init)
    gcm_local_database_has_changed           0x000238b5   Thumb Code    70  gatt_cache_manager.o(i.gcm_local_database_has_changed)
    gcm_smd_evt_handler                      0x00023901   Thumb Code    24  gatt_cache_manager.o(i.gcm_smd_evt_handler)
    get_connection_by_conn_handle            0x00023919   Thumb Code    50  id_manager.o(i.get_connection_by_conn_handle)
    get_free_connection                      0x00023955   Thumb Code    42  id_manager.o(i.get_free_connection)
    gscm_db_change_notification_done         0x00023a09   Thumb Code    24  gatts_cache_manager.o(i.gscm_db_change_notification_done)
    gscm_init                                0x00023a25   Thumb Code    16  gatts_cache_manager.o(i.gscm_init)
    gscm_local_database_has_changed          0x00023a39   Thumb Code    20  gatts_cache_manager.o(i.gscm_local_database_has_changed)
    gscm_local_db_cache_apply                0x00023a51   Thumb Code   144  gatts_cache_manager.o(i.gscm_local_db_cache_apply)
    gscm_local_db_cache_update               0x00023ae1   Thumb Code   150  gatts_cache_manager.o(i.gscm_local_db_cache_update)
    gscm_pdb_evt_handler                     0x00023b79   Thumb Code    84  gatts_cache_manager.o(i.gscm_pdb_evt_handler)
    gscm_service_changed_ind_needed          0x00023bd1   Thumb Code    36  gatts_cache_manager.o(i.gscm_service_changed_ind_needed)
    gscm_service_changed_ind_send            0x00023bf5   Thumb Code    54  gatts_cache_manager.o(i.gscm_service_changed_ind_send)
    hrm_update                               0x00023df9   Thumb Code    70  cherubimind_ble.o(i.hrm_update)
    im_address_resolve                       0x00023e49   Thumb Code    76  id_manager.o(i.im_address_resolve)
    im_ble_addr_get                          0x00023e95   Thumb Code    48  id_manager.o(i.im_ble_addr_get)
    im_ble_evt_handler                       0x00023ec9   Thumb Code   206  id_manager.o(i.im_ble_evt_handler)
    im_conn_handle_get                       0x00023f99   Thumb Code    44  id_manager.o(i.im_conn_handle_get)
    im_init                                  0x00023fc9   Thumb Code    36  id_manager.o(i.im_init)
    im_is_duplicate_bonding_data             0x00023ff5   Thumb Code    68  id_manager.o(i.im_is_duplicate_bonding_data)
    im_master_id_is_valid                    0x00024039   Thumb Code    34  id_manager.o(i.im_master_id_is_valid)
    im_master_ids_compare                    0x0002405b   Thumb Code    50  id_manager.o(i.im_master_ids_compare)
    im_new_peer_id                           0x0002408d   Thumb Code    16  id_manager.o(i.im_new_peer_id)
    im_pdb_evt_handler                       0x0002409d   Thumb Code   124  id_manager.o(i.im_pdb_evt_handler)
    im_peer_free                             0x00024119   Thumb Code    42  id_manager.o(i.im_peer_free)
    im_peer_id_get_by_conn_handle            0x00024145   Thumb Code    34  id_manager.o(i.im_peer_id_get_by_conn_handle)
    im_peer_id_get_by_master_id              0x0002416d   Thumb Code    64  id_manager.o(i.im_peer_id_get_by_master_id)
    intern_softdevice_events_execute         0x000242c5   Thumb Code   158  softdevice_handler.o(i.intern_softdevice_events_execute)
    is_valid_irk                             0x000244d9   Thumb Code    24  id_manager.o(i.is_valid_irk)
    main                                     0x00024bd1   Thumb Code   102  main.o(i.main)
    new_connection                           0x00024d71   Thumb Code   104  id_manager.o(i.new_connection)
    next_id_get                              0x00024de1   Thumb Code    52  peer_id.o(i.next_id_get)
    nrf_drv_clock_init                       0x00024ef5   Thumb Code    94  nrf_drv_clock.o(i.nrf_drv_clock_init)
    nrf_drv_clock_on_sd_enable               0x00024f5d   Thumb Code    46  nrf_drv_clock.o(i.nrf_drv_clock_on_sd_enable)
    nrf_drv_clock_on_soc_event               0x00024f91   Thumb Code    14  nrf_drv_clock.o(i.nrf_drv_clock_on_soc_event)
    nrf_drv_common_irq_enable                0x00024fa1   Thumb Code    84  nrf_drv_common.o(i.nrf_drv_common_irq_enable)
    nrf_drv_gpiote_in_event_enable           0x0002500d   Thumb Code   164  nrf_drv_gpiote.o(i.nrf_drv_gpiote_in_event_enable)
    nrf_drv_gpiote_in_init                   0x000250b9   Thumb Code   206  nrf_drv_gpiote.o(i.nrf_drv_gpiote_in_init)
    nrf_drv_gpiote_in_is_set                 0x00025195   Thumb Code    20  nrf_drv_gpiote.o(i.nrf_drv_gpiote_in_is_set)
    nrf_drv_gpiote_init                      0x000251a9   Thumb Code    90  nrf_drv_gpiote.o(i.nrf_drv_gpiote_init)
    nrf_drv_gpiote_is_init                   0x00025209   Thumb Code    16  nrf_drv_gpiote.o(i.nrf_drv_gpiote_is_init)
    nrf_drv_uart_init                        0x00025231   Thumb Code   126  nrf_drv_uart.o(i.nrf_drv_uart_init)
    nrf_drv_uart_rx                          0x000252b5   Thumb Code   208  nrf_drv_uart.o(i.nrf_drv_uart_rx)
    nrf_drv_uart_rx_enable                   0x00025389   Thumb Code    46  nrf_drv_uart.o(i.nrf_drv_uart_rx_enable)
    nrf_drv_uart_tx                          0x00025551   Thumb Code    96  nrf_drv_uart.o(i.nrf_drv_uart_tx)
    nrf_drv_uart_tx_in_progress              0x000256bd   Thumb Code    22  nrf_drv_uart.o(i.nrf_drv_uart_tx_in_progress)
    on_adv_evt                               0x00025983   Thumb Code    50  cherubimind_ble.o(i.on_adv_evt)
    on_ble_evt                               0x000259b5   Thumb Code   330  cherubimind_ble.o(i.on_ble_evt)
    on_conn_params_evt                       0x00025b05   Thumb Code    38  cherubimind_ble.o(i.on_conn_params_evt)
    pdb_init                                 0x00026269   Thumb Code    52  peer_database.o(i.pdb_init)
    pdb_next_deleted_peer_id_get             0x000262ad   Thumb Code    12  peer_database.o(i.pdb_next_deleted_peer_id_get)
    pdb_next_peer_id_get                     0x000262b9   Thumb Code    12  peer_database.o(i.pdb_next_peer_id_get)
    pdb_pds_evt_handler                      0x000262c5   Thumb Code   436  peer_database.o(i.pdb_pds_evt_handler)
    pdb_peer_allocate                        0x00026481   Thumb Code     8  peer_database.o(i.pdb_peer_allocate)
    pdb_peer_data_ptr_get                    0x00026489   Thumb Code    22  peer_database.o(i.pdb_peer_data_ptr_get)
    pdb_peer_free                            0x0002649f   Thumb Code    88  peer_database.o(i.pdb_peer_free)
    pdb_raw_store                            0x000264f7   Thumb Code    22  peer_database.o(i.pdb_raw_store)
    pdb_write_buf_get                        0x0002650d   Thumb Code   302  peer_database.o(i.pdb_write_buf_get)
    pdb_write_buf_release                    0x00026641   Thumb Code    54  peer_database.o(i.pdb_write_buf_release)
    pdb_write_buf_store                      0x00026679   Thumb Code   252  peer_database.o(i.pdb_write_buf_store)
    pdb_write_buf_store_prepare              0x0002677d   Thumb Code   116  peer_database.o(i.pdb_write_buf_store_prepare)
    pds_init                                 0x00026815   Thumb Code    46  peer_data_storage.o(i.pds_init)
    pds_next_deleted_peer_id_get             0x0002684d   Thumb Code    12  peer_data_storage.o(i.pds_next_deleted_peer_id_get)
    pds_next_peer_id_get                     0x00026859   Thumb Code    12  peer_data_storage.o(i.pds_next_peer_id_get)
    pds_peer_data_iterate                    0x00026865   Thumb Code    88  peer_data_storage.o(i.pds_peer_data_iterate)
    pds_peer_data_iterate_prepare            0x000268c1   Thumb Code    10  peer_data_storage.o(i.pds_peer_data_iterate_prepare)
    pds_peer_data_read                       0x000268d1   Thumb Code   136  peer_data_storage.o(i.pds_peer_data_read)
    pds_peer_data_store                      0x00026959   Thumb Code   186  peer_data_storage.o(i.pds_peer_data_store)
    pds_peer_id_allocate                     0x00026a13   Thumb Code    12  peer_data_storage.o(i.pds_peer_id_allocate)
    pds_peer_id_free                         0x00026a1f   Thumb Code    30  peer_data_storage.o(i.pds_peer_id_free)
    pds_peer_id_is_allocated                 0x00026a3d   Thumb Code    12  peer_data_storage.o(i.pds_peer_id_is_allocated)
    pds_space_reserve                        0x00026a49   Thumb Code    60  peer_data_storage.o(i.pds_space_reserve)
    pds_space_reserve_cancel                 0x00026a85   Thumb Code    20  peer_data_storage.o(i.pds_space_reserve_cancel)
    peer_id_allocate                         0x00026be1   Thumb Code    14  peer_id.o(i.peer_id_allocate)
    peer_id_delete                           0x00026bf5   Thumb Code    38  peer_id.o(i.peer_id_delete)
    peer_id_free                             0x00026c21   Thumb Code    24  peer_id.o(i.peer_id_free)
    peer_id_get_next_deleted                 0x00026c3d   Thumb Code    14  peer_id.o(i.peer_id_get_next_deleted)
    peer_id_get_next_used                    0x00026c51   Thumb Code    50  peer_id.o(i.peer_id_get_next_used)
    peer_id_init                             0x00026c89   Thumb Code    32  peer_id.o(i.peer_id_init)
    peer_id_is_allocated                     0x00026cad   Thumb Code    22  peer_id.o(i.peer_id_is_allocated)
    peer_id_is_deleted                       0x00026cc9   Thumb Code    22  peer_id.o(i.peer_id_is_deleted)
    peer_manager_init                        0x00026d59   Thumb Code   258  cherubimind_ble.o(i.peer_manager_init)
    pm_buffer_block_acquire                  0x00026ec1   Thumb Code    98  pm_buffer.o(i.pm_buffer_block_acquire)
    pm_buffer_init                           0x00026f23   Thumb Code    78  pm_buffer.o(i.pm_buffer_init)
    pm_buffer_ptr_get                        0x00026f71   Thumb Code    48  pm_buffer.o(i.pm_buffer_ptr_get)
    pm_buffer_release                        0x00026fa1   Thumb Code    40  pm_buffer.o(i.pm_buffer_release)
    pm_conn_sec_config_reply                 0x00026fc9   Thumb Code    16  peer_manager.o(i.pm_conn_sec_config_reply)
    pm_evt_handler                           0x00026fd9   Thumb Code   196  cherubimind_ble.o(i.pm_evt_handler)
    pm_gcm_evt_handler                       0x0002709d   Thumb Code   190  peer_manager.o(i.pm_gcm_evt_handler)
    pm_im_evt_handler                        0x0002715d   Thumb Code    82  peer_manager.o(i.pm_im_evt_handler)
    pm_init                                  0x000271b5   Thumb Code   146  peer_manager.o(i.pm_init)
    pm_local_database_has_changed            0x00027259   Thumb Code    22  peer_manager.o(i.pm_local_database_has_changed)
    pm_mutex_init                            0x00027275   Thumb Code    20  pm_mutex.o(i.pm_mutex_init)
    pm_mutex_lock                            0x00027289   Thumb Code    32  pm_mutex.o(i.pm_mutex_lock)
    pm_mutex_lock_first_available            0x000272a9   Thumb Code    48  pm_mutex.o(i.pm_mutex_lock_first_available)
    pm_mutex_lock_status_get                 0x000272d9   Thumb Code    36  pm_mutex.o(i.pm_mutex_lock_status_get)
    pm_mutex_unlock                          0x000272fd   Thumb Code    56  pm_mutex.o(i.pm_mutex_unlock)
    pm_on_ble_evt                            0x00027335   Thumb Code    38  peer_manager.o(i.pm_on_ble_evt)
    pm_pdb_evt_handler                       0x00027361   Thumb Code   440  peer_manager.o(i.pm_pdb_evt_handler)
    pm_peer_delete                           0x00027529   Thumb Code    26  peer_manager.o(i.pm_peer_delete)
    pm_peers_delete                          0x00027549   Thumb Code    70  peer_manager.o(i.pm_peers_delete)
    pm_register                              0x00027599   Thumb Code    52  peer_manager.o(i.pm_register)
    pm_sec_params_set                        0x000275d9   Thumb Code    30  peer_manager.o(i.pm_sec_params_set)
    pm_sm_evt_handler                        0x000275fd   Thumb Code   424  peer_manager.o(i.pm_sm_evt_handler)
    rri_update                               0x00027dcd   Thumb Code    62  cherubimind_ble.o(i.rri_update)
    sdk_mapped_flags_bulk_update_by_key      0x00028199   Thumb Code   118  sdk_mapped_flags.o(i.sdk_mapped_flags_bulk_update_by_key)
    sdk_mapped_flags_first_key_index_get     0x0002820f   Thumb Code    36  sdk_mapped_flags.o(i.sdk_mapped_flags_first_key_index_get)
    sdk_mapped_flags_get_by_key              0x00028245   Thumb Code    46  sdk_mapped_flags.o(i.sdk_mapped_flags_get_by_key)
    sdk_mapped_flags_key_list_get            0x00028273   Thumb Code    66  sdk_mapped_flags.o(i.sdk_mapped_flags_key_list_get)
    sdk_mapped_flags_update_by_key           0x000282b5   Thumb Code    26  sdk_mapped_flags.o(i.sdk_mapped_flags_update_by_key)
    services_init                            0x000287e5   Thumb Code   420  cherubimind_ble.o(i.services_init)
    sleep_mode_enter                         0x00028aa1   Thumb Code    76  cherubimind_ble.o(i.sleep_mode_enter)
    sm_ble_evt_handler                       0x00028aed   Thumb Code    20  security_manager.o(i.sm_ble_evt_handler)
    sm_conn_sec_config_reply                 0x00028b05   Thumb Code    30  security_manager.o(i.sm_conn_sec_config_reply)
    sm_init                                  0x00028b29   Thumb Code    66  security_manager.o(i.sm_init)
    sm_pdb_evt_handler                       0x00028b8d   Thumb Code    80  security_manager.o(i.sm_pdb_evt_handler)
    sm_sec_params_set                        0x00028bed   Thumb Code    46  security_manager.o(i.sm_sec_params_set)
    sm_smd_evt_handler                       0x00028c25   Thumb Code   156  security_manager.o(i.sm_smd_evt_handler)
    smd_ble_evt_handler                      0x00028cc9   Thumb Code    88  security_dispatcher.o(i.smd_ble_evt_handler)
    smd_init                                 0x00028d21   Thumb Code    58  security_dispatcher.o(i.smd_init)
    smd_link_secure                          0x00028d6d   Thumb Code    56  security_dispatcher.o(i.smd_link_secure)
    smd_params_reply                         0x00028da5   Thumb Code   284  security_dispatcher.o(i.smd_params_reply)
    smd_pdb_evt_handler                      0x00028f55   Thumb Code    48  security_dispatcher.o(i.smd_pdb_evt_handler)
    softdevice_ble_evt_handler_set           0x00028f89   Thumb Code    20  softdevice_handler.o(i.softdevice_ble_evt_handler_set)
    softdevice_enable                        0x00028fa1   Thumb Code    34  softdevice_handler.o(i.softdevice_enable)
    softdevice_enable_get_default_config     0x00028fc9   Thumb Code    44  softdevice_handler.o(i.softdevice_enable_get_default_config)
    softdevice_fault_handler                 0x00028ff5   Thumb Code    20  softdevice_handler.o(i.softdevice_fault_handler)
    softdevice_handler_init                  0x00029009   Thumb Code   134  softdevice_handler.o(i.softdevice_handler_init)
    softdevice_handler_is_enabled            0x000290a5   Thumb Code     6  softdevice_handler.o(i.softdevice_handler_is_enabled)
    softdevice_sys_evt_handler_set           0x000290b1   Thumb Code    20  softdevice_handler.o(i.softdevice_sys_evt_handler_set)
    sys_evt_dispatch                         0x0002912f   Thumb Code    18  cherubimind_ble.o(i.sys_evt_dispatch)
    timers_init                              0x000293fd   Thumb Code   100  cherubimind.o(i.timers_init)
    uart_event_handle                        0x000295e1   Thumb Code   690  cherubimind.o(i.uart_event_handle)
    uart_init                                0x00029a85   Thumb Code    74  cherubimind.o(i.uart_init)
    Region$$Table$$Base                      0x0002a4c4   Number         0  anon$$obj.o(Region$$Table)
    Region$$Table$$Limit                     0x0002a4e4   Number         0  anon$$obj.o(Region$$Table)
    Image$$RW_IRAM1$$Base                    0x20002128   Number         0  anon$$obj.o ABSOLUTE
    m_conn_handle                            0x20002146   Data           2  cherubimind_ble.o(.data)
    m_adv_uuids                              0x20002148   Data          16  cherubimind_ble.o(.data)
    SystemCoreClock                          0x20002294   Data           4  system_nrf52.o(.data)
    fs_data$$Base                            0x20002298   Number         0  fds.o(fs_data)
    fs_data$$Limit                           0x200022a8   Number         0  fds.o(fs_data)
    nrf_nvic_state                           0x20002d40   Data          12  app_util_platform.o(.bss)
    _SEGGER_RTT                              0x20002f40   Data         120  segger_rtt.o(.bss)
    __initial_sp                             0x20004fb8   Data           0  arm_startup_nrf52.o(STACK)



==============================================================================

Memory Map of the image

  Image Entry point : 0x0001f401

  Load Region LR_IROM1 (Base: 0x0001f000, Size: 0x0000b664, Max: 0x00061000, ABSOLUTE, COMPRESSED[0x0000b538])

    Execution Region ER_IROM1 (Base: 0x0001f000, Size: 0x0000b4e4, Max: 0x00061000, ABSOLUTE)

    Base Addr    Size         Type   Attr      Idx    E Section Name        Object

    0x0001f000   0x00000400   Data   RO         5808    RESET               arm_startup_nrf52.o
    0x0001f400   0x00000000   Code   RO         5889  * .ARM.Collect$$$$00000000  mc_w.l(entry.o)
    0x0001f400   0x00000004   Code   RO         5915    .ARM.Collect$$$$00000001  mc_w.l(entry2.o)
    0x0001f404   0x00000004   Code   RO         5918    .ARM.Collect$$$$00000004  mc_w.l(entry5.o)
    0x0001f408   0x00000000   Code   RO         5920    .ARM.Collect$$$$00000008  mc_w.l(entry7b.o)
    0x0001f408   0x00000000   Code   RO         5922    .ARM.Collect$$$$0000000A  mc_w.l(entry8b.o)
    0x0001f408   0x00000008   Code   RO         5923    .ARM.Collect$$$$0000000B  mc_w.l(entry9a.o)
    0x0001f410   0x00000000   Code   RO         5925    .ARM.Collect$$$$0000000D  mc_w.l(entry10a.o)
    0x0001f410   0x00000000   Code   RO         5927    .ARM.Collect$$$$0000000F  mc_w.l(entry11a.o)
    0x0001f410   0x00000004   Code   RO         5916    .ARM.Collect$$$$00002712  mc_w.l(entry2.o)
    0x0001f414   0x00000024   Code   RO         5809    .text               arm_startup_nrf52.o
    0x0001f438   0x00000040   Code   RO         5899    .text               mc_w.l(memmovea.o)
    0x0001f478   0x00000024   Code   RO         5901    .text               mc_w.l(memseta.o)
    0x0001f49c   0x0000000e   Code   RO         5903    .text               mc_w.l(strlen.o)
    0x0001f4aa   0x0000001a   Code   RO         5907    .text               mc_w.l(memcmp.o)
    0x0001f4c4   0x00000012   Code   RO         5909    .text               mc_w.l(strcpy.o)
    0x0001f4d6   0x00000002   PAD
    0x0001f4d8   0x00000024   Code   RO         5931    .text               mc_w.l(init.o)
    0x0001f4fc   0x00000056   Code   RO         5941    .text               mc_w.l(__dczerorl2.o)
    0x0001f552   0x00000002   PAD
    0x0001f554   0x00000238   Code   RO         3432    i.GPIOTE_IRQHandler  nrf_drv_gpiote.o
    0x0001f78c   0x00000018   Code   RO         4164    i.NVIC_ClearPendingIRQ  app_timer.o
    0x0001f7a4   0x00000018   Code   RO         5661    i.NVIC_DisableIRQ   softdevice_handler.o
    0x0001f7bc   0x00000016   Code   RO         4165    i.NVIC_EnableIRQ    app_timer.o
    0x0001f7d2   0x00000016   Code   RO         5662    i.NVIC_EnableIRQ    softdevice_handler.o
    0x0001f7e8   0x00000018   Code   RO         4166    i.NVIC_SetPendingIRQ  app_timer.o
    0x0001f800   0x00000028   Code   RO         4167    i.NVIC_SetPriority  app_timer.o
    0x0001f828   0x00000050   Code   RO         3183    i.POWER_CLOCK_IRQHandler  nrf_drv_clock.o
    0x0001f878   0x00000034   Code   RO         4168    i.RTC1_IRQHandler   app_timer.o
    0x0001f8ac   0x00000044   Code   RO         5469    i.SEGGER_RTT_Write  segger_rtt.o
    0x0001f8f0   0x00000084   Code   RO         5470    i.SEGGER_RTT_WriteNoLock  segger_rtt.o
    0x0001f974   0x0000001a   Code   RO         5472    i.SEGGER_RTT_WriteString  segger_rtt.o
    0x0001f98e   0x00000008   Code   RO         4169    i.SWI0_EGU0_IRQHandler  app_timer.o
    0x0001f996   0x00000002   PAD
    0x0001f998   0x00000030   Code   RO         5663    i.SWI2_EGU2_IRQHandler  softdevice_handler.o
    0x0001f9c8   0x00000010   Code   RO         5816    i.SystemCoreClockUpdate  system_nrf52.o
    0x0001f9d8   0x0000024c   Code   RO         5817    i.SystemInit        system_nrf52.o
    0x0001fc24   0x00000024   Code   RO         3722    i.UARTE0_UART0_IRQHandler  nrf_drv_uart.o
    0x0001fc48   0x0000006c   Code   RO         5473    i._DoInit           segger_rtt.o
    0x0001fcb4   0x0000001c   Code   RO         5474    i._GetAvailWriteSpace  segger_rtt.o
    0x0001fcd0   0x00000072   Code   RO         5476    i._WriteBlocking    segger_rtt.o
    0x0001fd42   0x0000004c   Code   RO         5477    i._WriteNoCheck     segger_rtt.o
    0x0001fd8e   0x0000000e   Code   RO         5935    i.__scatterload_copy  mc_w.l(handlers.o)
    0x0001fd9c   0x00000002   Code   RO         5936    i.__scatterload_null  mc_w.l(handlers.o)
    0x0001fd9e   0x0000000e   Code   RO         5937    i.__scatterload_zeroinit  mc_w.l(handlers.o)
    0x0001fdac   0x00000038   Code   RO         5664    i.__sd_nvic_app_accessible_irq  softdevice_handler.o
    0x0001fde4   0x0000000c   Code   RO         4384    i.__sd_nvic_irq_disable  app_util_platform.o
    0x0001fdf0   0x00000032   Code   RO         1616    i.addr_compare      id_manager.o
    0x0001fe22   0x00000018   Code   RO          953    i.addr_is_valid     ble_advertising.o
    0x0001fe3a   0x00000002   PAD
    0x0001fe3c   0x0000002c   Code   RO         4473    i.address_is_valid  fds.o
    0x0001fe68   0x0000016c   Code   RO          846    i.adv_data_encode   ble_advdata.o
    0x0001ffd4   0x00000060   Code   RO          954    i.adv_mode_next_avail_get  ble_advertising.o
    0x00020034   0x00000012   Code   RO          955    i.adv_mode_next_get  ble_advertising.o
    0x00020046   0x00000012   Code   RO          847    i.advdata_check     ble_advdata.o
    0x00020058   0x00000054   Code   RO          754    i.advertising_buttons_configure  bsp_btn_ble.o
    0x000200ac   0x000000b8   Code   RO          367    i.advertising_init  cherubimind_ble.o
    0x00020164   0x0000001e   Code   RO          368    i.advertising_start  cherubimind_ble.o
    0x00020182   0x00000056   Code   RO         1617    i.ah                id_manager.o
    0x000201d8   0x0000000c   Code   RO          642    i.alert_timer_handler  bsp.o
    0x000201e4   0x0000002c   Code   RO         4029    i.app_button_enable  app_button.o
    0x00020210   0x000000a8   Code   RO         4030    i.app_button_init   app_button.o
    0x000202b8   0x00000044   Code   RO         4133    i.app_error_fault_handler  app_error_weak.o
    0x000202fc   0x0000001c   Code   RO         4091    i.app_error_handler_bare  app_error.o
    0x00020318   0x0000001e   Code   RO         5242    i.app_fifo_get      app_fifo.o
    0x00020336   0x00000024   Code   RO         5243    i.app_fifo_init     app_fifo.o
    0x0002035a   0x00000022   Code   RO         5245    i.app_fifo_put      app_fifo.o
    0x0002037c   0x0000003c   Code   RO         4172    i.app_timer_create  app_timer.o
    0x000203b8   0x0000008c   Code   RO         4173    i.app_timer_init    app_timer.o
    0x00020444   0x00000054   Code   RO         4174    i.app_timer_start   app_timer.o
    0x00020498   0x00000030   Code   RO         4175    i.app_timer_stop    app_timer.o
    0x000204c8   0x00000054   Code   RO         5169    i.app_uart_get      app_uart_fifo.o
    0x0002051c   0x000000e8   Code   RO         5170    i.app_uart_init     app_uart_fifo.o
    0x00020604   0x0000000c   Code   RO         4385    i.app_util_critical_region_enter  app_util_platform.o
    0x00020610   0x00000048   Code   RO         4386    i.app_util_critical_region_exit  app_util_platform.o
    0x00020658   0x00000052   Code   RO          848    i.appearance_encode  ble_advdata.o
    0x000206aa   0x00000002   PAD
    0x000206ac   0x00000050   Code   RO          294    i.application_timers_start  cherubimind.o
    0x000206fc   0x000000e4   Code   RO         3723    i.apply_config      nrf_drv_uart.o
    0x000207e0   0x00000058   Code   RO         1390    i.apply_pending_flags_check  gatt_cache_manager.o
    0x00020838   0x00000014   Code   RO         2664    i.auth_status_failure_process  security_dispatcher.o
    0x0002084c   0x0000001c   Code   RO         2665    i.auth_status_process  security_dispatcher.o
    0x00020868   0x000000bc   Code   RO         2666    i.auth_status_success_process  security_dispatcher.o
    0x00020924   0x000001d4   Code   RO         2950    i.battery_level_char_add  ble_bas.o
    0x00020af8   0x00000044   Code   RO          370    i.battery_level_update  cherubimind_ble.o
    0x00020b3c   0x0000000a   Code   RO          295    i.battery_measurement_timeout_handler  cherubimind.o
    0x00020b46   0x00000094   Code   RO          849    i.ble_advdata_set   ble_advdata.o
    0x00020bda   0x00000002   PAD
    0x00020bdc   0x00000174   Code   RO          956    i.ble_advertising_init  ble_advertising.o
    0x00020d50   0x00000032   Code   RO          957    i.ble_advertising_on_ble_evt  ble_advertising.o
    0x00020d82   0x00000002   PAD
    0x00020d84   0x0000004c   Code   RO          958    i.ble_advertising_on_sys_evt  ble_advertising.o
    0x00020dd0   0x00000058   Code   RO          960    i.ble_advertising_restart_without_whitelist  ble_advertising.o
    0x00020e28   0x00000168   Code   RO          961    i.ble_advertising_start  ble_advertising.o
    0x00020f90   0x0000008c   Code   RO         2951    i.ble_bas_battery_level_update  ble_bas.o
    0x0002101c   0x0000004c   Code   RO         2952    i.ble_bas_init      ble_bas.o
    0x00021068   0x00000042   Code   RO         2953    i.ble_bas_on_ble_evt  ble_bas.o
    0x000210aa   0x00000002   PAD
    0x000210ac   0x00000070   Code   RO         1077    i.ble_conn_params_init  ble_conn_params.o
    0x0002111c   0x0000003e   Code   RO         1078    i.ble_conn_params_on_ble_evt  ble_conn_params.o
    0x0002115a   0x00000002   PAD
    0x0002115c   0x00000018   Code   RO         1166    i.ble_conn_state_conn_handles  ble_conn_state.o
    0x00021174   0x00000018   Code   RO         1167    i.ble_conn_state_encrypted  ble_conn_state.o
    0x0002118c   0x00000018   Code   RO         1169    i.ble_conn_state_mitm_protected  ble_conn_state.o
    0x000211a4   0x0000009c   Code   RO         1173    i.ble_conn_state_on_ble_evt  ble_conn_state.o
    0x00021240   0x00000038   Code   RO         1175    i.ble_conn_state_role  ble_conn_state.o
    0x00021278   0x00000024   Code   RO         1177    i.ble_conn_state_user_flag_acquire  ble_conn_state.o
    0x0002129c   0x0000001c   Code   RO         1178    i.ble_conn_state_user_flag_collection  ble_conn_state.o
    0x000212b8   0x00000024   Code   RO         1179    i.ble_conn_state_user_flag_get  ble_conn_state.o
    0x000212dc   0x00000024   Code   RO         1180    i.ble_conn_state_user_flag_set  ble_conn_state.o
    0x00021300   0x00000076   Code   RO          850    i.ble_device_addr_encode  ble_advdata.o
    0x00021376   0x00000002   PAD
    0x00021378   0x00000050   Code   RO          371    i.ble_evt_dispatch  cherubimind_ble.o
    0x000213c8   0x00000062   Code   RO         3069    i.ble_hrs_heart_rate_measurement_send  ble_hrs.o
    0x0002142a   0x0000006e   Code   RO         3070    i.ble_hrs_init      ble_hrs.o
    0x00021498   0x0000003a   Code   RO         3071    i.ble_hrs_on_ble_evt  ble_hrs.o
    0x000214d2   0x0000003a   Code   RO         3073    i.ble_hrs_rr_interval_add  ble_hrs.o
    0x0002150c   0x00000094   Code   RO         3006    i.ble_nus_init      ble_nus.o
    0x000215a0   0x00000042   Code   RO         3007    i.ble_nus_on_ble_evt  ble_nus.o
    0x000215e2   0x00000056   Code   RO         3008    i.ble_nus_string_send  ble_nus.o
    0x00021638   0x00000012   Code   RO         1324    i.ble_srv_is_notification_enabled  ble_srv_common.o
    0x0002164a   0x0000003c   Code   RO         1325    i.ble_srv_report_ref_encode  ble_srv_common.o
    0x00021686   0x00000002   PAD
    0x00021688   0x000000b4   Code   RO          372    i.ble_stack_init    cherubimind_ble.o
    0x0002173c   0x000000b4   Code   RO         3077    i.body_sensor_location_char_add  ble_hrs.o
    0x000217f0   0x0000000c   Code   RO          531    i.bsp_board_button_idx_to_pin  boards.o
    0x000217fc   0x00000030   Code   RO          532    i.bsp_board_button_state_get  boards.o
    0x0002182c   0x00000030   Code   RO          535    i.bsp_board_led_invert  boards.o
    0x0002185c   0x00000014   Code   RO          536    i.bsp_board_led_off  boards.o
    0x00021870   0x00000014   Code   RO          537    i.bsp_board_led_on  boards.o
    0x00021884   0x00000030   Code   RO          538    i.bsp_board_led_state_get  boards.o
    0x000218b4   0x00000030   Code   RO          539    i.bsp_board_leds_init  boards.o
    0x000218e4   0x00000014   Code   RO          540    i.bsp_board_leds_off  boards.o
    0x000218f8   0x00000014   Code   RO          541    i.bsp_board_leds_on  boards.o
    0x0002190c   0x00000024   Code   RO          542    i.bsp_board_pin_to_button_idx  boards.o
    0x00021930   0x0000002c   Code   RO          755    i.bsp_btn_ble_init  bsp_btn_ble.o
    0x0002195c   0x00000078   Code   RO          756    i.bsp_btn_ble_on_ble_evt  bsp_btn_ble.o
    0x000219d4   0x00000032   Code   RO          757    i.bsp_btn_ble_sleep_mode_prepare  bsp_btn_ble.o
    0x00021a06   0x00000002   PAD
    0x00021a08   0x000000d0   Code   RO          643    i.bsp_button_event_handler  bsp.o
    0x00021ad8   0x0000000c   Code   RO          644    i.bsp_button_is_pressed  bsp.o
    0x00021ae4   0x0000006c   Code   RO          373    i.bsp_event_handler  cherubimind_ble.o
    0x00021b50   0x0000005c   Code   RO          647    i.bsp_event_to_button_action_assign  bsp.o
    0x00021bac   0x00000020   Code   RO          648    i.bsp_indication_set  bsp.o
    0x00021bcc   0x000000b4   Code   RO          649    i.bsp_init          bsp.o
    0x00021c80   0x00000320   Code   RO          650    i.bsp_led_indication  bsp.o
    0x00021fa0   0x00000016   Code   RO          652    i.bsp_wakeup_button_enable  bsp.o
    0x00021fb6   0x0000000e   Code   RO          653    i.button_timer_handler  bsp.o
    0x00021fc4   0x00000058   Code   RO          374    i.buttons_leds_init  cherubimind_ble.o
    0x0002201c   0x00000020   Code   RO         1391    i.cccd_written      gatt_cache_manager.o
    0x0002203c   0x00000020   Code   RO         3433    i.channel_free      nrf_drv_gpiote.o
    0x0002205c   0x00000010   Code   RO         3434    i.channel_handler_get  nrf_drv_gpiote.o
    0x0002206c   0x00000080   Code   RO         3435    i.channel_port_alloc  nrf_drv_gpiote.o
    0x000220ec   0x0000000c   Code   RO         3436    i.channel_port_get  nrf_drv_gpiote.o
    0x000220f8   0x00000020   Code   RO         4899    i.check_config      fstorage.o
    0x00022118   0x00000022   Code   RO         4474    i.chunk_is_aligned  fds.o
    0x0002213a   0x00000002   PAD
    0x0002213c   0x00000030   Code   RO         4475    i.chunk_queue_get_and_advance  fds.o
    0x0002216c   0x00000020   Code   RO         4476    i.chunk_queue_next  fds.o
    0x0002218c   0x0000002c   Code   RO         4477    i.chunk_queue_skip  fds.o
    0x000221b8   0x0000004a   Code   RO         2197    i.claim             peer_id.o
    0x00022202   0x00000002   PAD
    0x00022204   0x00000030   Code   RO         3184    i.clock_clk_started_notify  nrf_drv_clock.o
    0x00022234   0x00000090   Code   RO         4177    i.compare_reg_update  app_timer.o
    0x000222c4   0x0000005a   Code   RO          851    i.conn_int_check    ble_advdata.o
    0x0002231e   0x00000068   Code   RO          852    i.conn_int_encode   ble_advdata.o
    0x00022386   0x00000010   Code   RO          375    i.conn_params_error_handler  cherubimind_ble.o
    0x00022396   0x00000002   PAD
    0x00022398   0x0000005c   Code   RO          376    i.conn_params_init  cherubimind_ble.o
    0x000223f4   0x00000084   Code   RO         1080    i.conn_params_negotiation  ble_conn_params.o
    0x00022478   0x00000058   Code   RO         2667    i.conn_sec_update_process  security_dispatcher.o
    0x000224d0   0x00000054   Code   RO          758    i.connection_buttons_configure  bsp_btn_ble.o
    0x00022524   0x00000018   Code   RO          377    i.data_send_by_nus  cherubimind_ble.o
    0x0002253c   0x0000004a   Code   RO         4478    i.delete_execute    fds.o
    0x00022586   0x00000002   PAD
    0x00022588   0x0000008c   Code   RO         4032    i.detection_delay_timeout_handler  app_button.o
    0x00022614   0x00000022   Code   RO         2668    i.disconnect_process  security_dispatcher.o
    0x00022636   0x00000002   PAD
    0x00022638   0x00000064   Code   RO         4178    i.elapsed_ticks_acquire  app_timer.o
    0x0002269c   0x00000038   Code   RO         2669    i.encryption_failure  security_dispatcher.o
    0x000226d4   0x0000000a   Code   RO         4900    i.erase_execute     fstorage.o
    0x000226de   0x00000002   PAD
    0x000226e0   0x00000054   Code   RO         5818    i.errata_108        system_nrf52.o
    0x00022734   0x00000030   Code   RO         5819    i.errata_16         system_nrf52.o
    0x00022764   0x00000054   Code   RO         5820    i.errata_31         system_nrf52.o
    0x000227b8   0x00000030   Code   RO         5821    i.errata_32         system_nrf52.o
    0x000227e8   0x00000054   Code   RO         5822    i.errata_36         system_nrf52.o
    0x0002283c   0x00000030   Code   RO         5823    i.errata_37         system_nrf52.o
    0x0002286c   0x00000030   Code   RO         5824    i.errata_57         system_nrf52.o
    0x0002289c   0x00000030   Code   RO         5825    i.errata_66         system_nrf52.o
    0x000228cc   0x00000076   Code   RO         4480    i.event_prepare     fds.o
    0x00022942   0x00000002   PAD
    0x00022944   0x00000028   Code   RO         4481    i.event_send        fds.o
    0x0002296c   0x00000042   Code   RO         2814    i.events_send_from_err_code  security_manager.o
    0x000229ae   0x00000002   PAD
    0x000229b0   0x00000020   Code   RO         1392    i.evt_send          gatt_cache_manager.o
    0x000229d0   0x00000020   Code   RO         1526    i.evt_send          gatts_cache_manager.o
    0x000229f0   0x00000020   Code   RO         1618    i.evt_send          id_manager.o
    0x00022a10   0x00000028   Code   RO         2292    i.evt_send          peer_manager.o
    0x00022a38   0x00000020   Code   RO         2670    i.evt_send          security_dispatcher.o
    0x00022a58   0x00000020   Code   RO         2815    i.evt_send          security_manager.o
    0x00022a78   0x00000058   Code   RO         4179    i.expired_timers_handler  app_timer.o
    0x00022ad0   0x0000013c   Code   RO         1850    i.fds_evt_handler   peer_data_storage.o
    0x00022c0c   0x00000048   Code   RO         4483    i.fds_file_delete   fds.o
    0x00022c54   0x00000040   Code   RO         4484    i.fds_gc            fds.o
    0x00022c94   0x000000b2   Code   RO         4485    i.fds_init          fds.o
    0x00022d46   0x00000002   PAD
    0x00022d48   0x00000058   Code   RO         4486    i.fds_record_close  fds.o
    0x00022da0   0x00000016   Code   RO         4488    i.fds_record_find   fds.o
    0x00022db6   0x00000014   Code   RO         4489    i.fds_record_find_by_key  fds.o
    0x00022dca   0x00000014   Code   RO         4490    i.fds_record_find_in_file  fds.o
    0x00022dde   0x00000012   Code   RO         4491    i.fds_record_id_from_desc  fds.o
    0x00022df0   0x0000004c   Code   RO         4493    i.fds_record_open   fds.o
    0x00022e3c   0x0000001a   Code   RO         4494    i.fds_record_update  fds.o
    0x00022e56   0x00000014   Code   RO         4495    i.fds_record_write  fds.o
    0x00022e6a   0x0000001c   Code   RO         4496    i.fds_record_write_reserved  fds.o
    0x00022e86   0x00000002   PAD
    0x00022e88   0x00000030   Code   RO         4497    i.fds_register      fds.o
    0x00022eb8   0x00000030   Code   RO         4498    i.fds_reserve       fds.o
    0x00022ee8   0x00000050   Code   RO         4499    i.fds_reserve_cancel  fds.o
    0x00022f38   0x00000018   Code   RO         5248    i.fifo_get          app_fifo.o
    0x00022f50   0x0000000a   Code   RO         5172    i.fifo_length       app_uart_fifo.o
    0x00022f5a   0x0000000a   Code   RO         5249    i.fifo_length       app_fifo.o
    0x00022f64   0x00000012   Code   RO         5250    i.fifo_peek         app_fifo.o
    0x00022f76   0x00000012   Code   RO         5251    i.fifo_put          app_fifo.o
    0x00022f88   0x00000040   Code   RO         4501    i.file_find_and_delete  fds.o
    0x00022fc8   0x0000000a   Code   RO         1851    i.file_id_to_peer_id  peer_data_storage.o
    0x00022fd2   0x00000018   Code   RO         1852    i.file_id_within_pm_range  peer_data_storage.o
    0x00022fea   0x00000002   PAD
    0x00022fec   0x00000010   Code   RO         4502    i.flag_clear        fds.o
    0x00022ffc   0x00000012   Code   RO         2671    i.flag_id_init      security_dispatcher.o
    0x0002300e   0x00000012   Code   RO         2816    i.flag_id_init      security_manager.o
    0x00023020   0x00000018   Code   RO         4503    i.flag_is_set       fds.o
    0x00023038   0x00000010   Code   RO         4504    i.flag_set          fds.o
    0x00023048   0x00000036   Code   RO          853    i.flags_encode      ble_advdata.o
    0x0002307e   0x00000002   PAD
    0x00023080   0x0000009c   Code   RO         2817    i.flags_set_from_err_code  security_manager.o
    0x0002311c   0x00000014   Code   RO          963    i.flash_access_in_progress  ble_advertising.o
    0x00023130   0x00000080   Code   RO         4901    i.fs_erase          fstorage.o
    0x000231b0   0x0000000e   Code   RO         4505    i.fs_event_handler  fds.o
    0x000231be   0x00000018   Code   RO         4903    i.fs_flash_page_end_addr  fstorage.o
    0x000231d6   0x00000002   PAD
    0x000231d8   0x000000c0   Code   RO         4904    i.fs_init           fstorage.o
    0x00023298   0x00000018   Code   RO         4907    i.fs_queued_op_count_get  fstorage.o
    0x000232b0   0x00000094   Code   RO         4908    i.fs_store          fstorage.o
    0x00023344   0x0000006c   Code   RO         4909    i.fs_sys_event_handler  fstorage.o
    0x000233b0   0x0000009c   Code   RO          378    i.gap_params_init   cherubimind_ble.o
    0x0002344c   0x00000070   Code   RO         4506    i.gc_execute        fds.o
    0x000234bc   0x0000003c   Code   RO         4507    i.gc_init           fds.o
    0x000234f8   0x00000028   Code   RO         4508    i.gc_next_page      fds.o
    0x00023520   0x00000044   Code   RO         4509    i.gc_page_erase     fds.o
    0x00023564   0x00000048   Code   RO         4510    i.gc_page_next      fds.o
    0x000235ac   0x00000040   Code   RO         4511    i.gc_record_copy    fds.o
    0x000235ec   0x00000024   Code   RO         4512    i.gc_record_find_next  fds.o
    0x00023610   0x00000058   Code   RO         4513    i.gc_state_advance  fds.o
    0x00023668   0x0000002c   Code   RO         4514    i.gc_swap_erase     fds.o
    0x00023694   0x00000044   Code   RO         4515    i.gc_swap_pages     fds.o
    0x000236d8   0x00000020   Code   RO         4516    i.gc_swap_promote   fds.o
    0x000236f8   0x00000018   Code   RO         4517    i.gc_tag_new_swap   fds.o
    0x00023710   0x00000020   Code   RO         4518    i.gc_update_swap_offset  fds.o
    0x00023730   0x00000074   Code   RO         1393    i.gcm_ble_evt_handler  gatt_cache_manager.o
    0x000237a4   0x00000078   Code   RO         1394    i.gcm_gscm_evt_handler  gatt_cache_manager.o
    0x0002381c   0x00000030   Code   RO         1395    i.gcm_im_evt_handler  gatt_cache_manager.o
    0x0002384c   0x00000068   Code   RO         1396    i.gcm_init          gatt_cache_manager.o
    0x000238b4   0x0000004c   Code   RO         1397    i.gcm_local_database_has_changed  gatt_cache_manager.o
    0x00023900   0x00000018   Code   RO         1400    i.gcm_smd_evt_handler  gatt_cache_manager.o
    0x00023918   0x0000003c   Code   RO         1619    i.get_connection_by_conn_handle  id_manager.o
    0x00023954   0x00000034   Code   RO         1620    i.get_free_connection  id_manager.o
    0x00023988   0x00000080   Code   RO         4033    i.gpiote_event_handler  app_button.o
    0x00023a08   0x0000001c   Code   RO         1527    i.gscm_db_change_notification_done  gatts_cache_manager.o
    0x00023a24   0x00000014   Code   RO         1528    i.gscm_init         gatts_cache_manager.o
    0x00023a38   0x00000018   Code   RO         1529    i.gscm_local_database_has_changed  gatts_cache_manager.o
    0x00023a50   0x00000090   Code   RO         1530    i.gscm_local_db_cache_apply  gatts_cache_manager.o
    0x00023ae0   0x00000096   Code   RO         1532    i.gscm_local_db_cache_update  gatts_cache_manager.o
    0x00023b76   0x00000002   PAD
    0x00023b78   0x00000058   Code   RO         1533    i.gscm_pdb_evt_handler  gatts_cache_manager.o
    0x00023bd0   0x00000024   Code   RO         1534    i.gscm_service_changed_ind_needed  gatts_cache_manager.o
    0x00023bf4   0x0000003c   Code   RO         1535    i.gscm_service_changed_ind_send  gatts_cache_manager.o
    0x00023c30   0x00000018   Code   RO         4519    i.header_is_valid   fds.o
    0x00023c48   0x0000000e   Code   RO          296    i.heart_rate_meas_timeout_handler  cherubimind.o
    0x00023c56   0x000000fa   Code   RO         3078    i.heart_rate_measurement_char_add  ble_hrs.o
    0x00023d50   0x000000a6   Code   RO         3079    i.hrm_encode        ble_hrs.o
    0x00023df6   0x00000002   PAD
    0x00023df8   0x00000050   Code   RO          379    i.hrm_update        cherubimind_ble.o
    0x00023e48   0x0000004c   Code   RO         1621    i.im_address_resolve  id_manager.o
    0x00023e94   0x00000034   Code   RO         1622    i.im_ble_addr_get   id_manager.o
    0x00023ec8   0x000000ce   Code   RO         1623    i.im_ble_evt_handler  id_manager.o
    0x00023f96   0x00000002   PAD
    0x00023f98   0x00000030   Code   RO         1624    i.im_conn_handle_get  id_manager.o
    0x00023fc8   0x0000002c   Code   RO         1628    i.im_init           id_manager.o
    0x00023ff4   0x00000044   Code   RO         1629    i.im_is_duplicate_bonding_data  id_manager.o
    0x00024038   0x00000022   Code   RO         1630    i.im_master_id_is_valid  id_manager.o
    0x0002405a   0x00000032   Code   RO         1631    i.im_master_ids_compare  id_manager.o
    0x0002408c   0x00000010   Code   RO         1632    i.im_new_peer_id    id_manager.o
    0x0002409c   0x0000007c   Code   RO         1633    i.im_pdb_evt_handler  id_manager.o
    0x00024118   0x0000002a   Code   RO         1634    i.im_peer_free      id_manager.o
    0x00024142   0x00000002   PAD
    0x00024144   0x00000028   Code   RO         1635    i.im_peer_id_get_by_conn_handle  id_manager.o
    0x0002416c   0x00000040   Code   RO         1636    i.im_peer_id_get_by_master_id  id_manager.o
    0x000241ac   0x00000118   Code   RO         4520    i.init_execute      fds.o
    0x000242c4   0x000000b8   Code   RO         5665    i.intern_softdevice_events_execute  softdevice_handler.o
    0x0002437c   0x0000000c   Code   RO         1401    i.internal_state_reset  gatt_cache_manager.o
    0x00024388   0x00000018   Code   RO         1536    i.internal_state_reset  gatts_cache_manager.o
    0x000243a0   0x0000002c   Code   RO         1641    i.internal_state_reset  id_manager.o
    0x000243cc   0x00000020   Code   RO         2018    i.internal_state_reset  peer_database.o
    0x000243ec   0x0000000e   Code   RO         2198    i.internal_state_reset  peer_id.o
    0x000243fa   0x00000002   PAD
    0x000243fc   0x0000002c   Code   RO         2293    i.internal_state_reset  peer_manager.o
    0x00024428   0x0000008c   Code   RO         3724    i.interrupts_enable  nrf_drv_uart.o
    0x000244b4   0x00000024   Code   RO         1081    i.is_conn_params_ok  ble_conn_params.o
    0x000244d8   0x00000018   Code   RO         1642    i.is_valid_irk      id_manager.o
    0x000244f0   0x00000010   Code   RO         4521    i.is_word_aligned   fds.o
    0x00024500   0x0000000c   Code   RO         3187    i.item_dequeue      nrf_drv_clock.o
    0x0002450c   0x00000020   Code   RO          654    i.leds_timer_handler  bsp.o
    0x0002452c   0x000000c4   Code   RO         2818    i.link_secure       security_manager.o
    0x000245f0   0x0000008e   Code   RO         2672    i.link_secure_central  security_dispatcher.o
    0x0002467e   0x000000e8   Code   RO         2673    i.link_secure_central_existing_peer  security_dispatcher.o
    0x00024766   0x0000007c   Code   RO         2674    i.link_secure_central_new_peer  security_dispatcher.o
    0x000247e2   0x00000002   PAD
    0x000247e4   0x00000058   Code   RO         2675    i.link_secure_failure  security_dispatcher.o
    0x0002483c   0x00000080   Code   RO         2819    i.link_secure_pending_process  security_manager.o
    0x000248bc   0x00000012   Code   RO         2676    i.link_secure_peripheral  security_dispatcher.o
    0x000248ce   0x00000002   PAD
    0x000248d0   0x0000007c   Code   RO         4180    i.list_deletions_handler  app_timer.o
    0x0002494c   0x000000f8   Code   RO         4181    i.list_insertions_handler  app_timer.o
    0x00024a44   0x000000a0   Code   RO         1402    i.local_db_apply_in_evt  gatt_cache_manager.o
    0x00024ae4   0x000000b8   Code   RO         1403    i.local_db_update_in_evt  gatt_cache_manager.o
    0x00024b9c   0x00000034   Code   RO         2611    i.lock_by_mask      pm_mutex.o
    0x00024bd0   0x00000066   Code   RO            4    i.main              main.o
    0x00024c36   0x00000076   Code   RO          854    i.manuf_specific_data_encode  ble_advdata.o
    0x00024cac   0x000000c2   Code   RO          855    i.name_encode       ble_advdata.o
    0x00024d6e   0x00000002   PAD
    0x00024d70   0x00000070   Code   RO         1643    i.new_connection    id_manager.o
    0x00024de0   0x00000034   Code   RO         2199    i.next_id_get       peer_id.o
    0x00024e14   0x00000016   Code   RO         3437    i.nrf_bitmask_bit_is_set  nrf_drv_gpiote.o
    0x00024e2a   0x00000012   Code   RO         3191    i.nrf_clock_event_check  nrf_drv_clock.o
    0x00024e3c   0x00000012   Code   RO         3192    i.nrf_clock_event_clear  nrf_drv_clock.o
    0x00024e4e   0x00000002   PAD
    0x00024e50   0x0000000c   Code   RO         3194    i.nrf_clock_int_disable  nrf_drv_clock.o
    0x00024e5c   0x00000098   Code   RO         4182    i.nrf_delay_us      app_timer.o
    0x00024ef4   0x00000068   Code   RO         3203    i.nrf_drv_clock_init  nrf_drv_clock.o
    0x00024f5c   0x00000034   Code   RO         3210    i.nrf_drv_clock_on_sd_enable  nrf_drv_clock.o
    0x00024f90   0x0000000e   Code   RO         3211    i.nrf_drv_clock_on_soc_event  nrf_drv_clock.o
    0x00024f9e   0x00000002   PAD
    0x00024fa0   0x00000060   Code   RO         3386    i.nrf_drv_common_irq_enable  nrf_drv_common.o
    0x00025000   0x0000000a   Code   RO         3726    i.nrf_drv_get_IRQn  nrf_drv_uart.o
    0x0002500a   0x00000002   PAD
    0x0002500c   0x000000ac   Code   RO         3442    i.nrf_drv_gpiote_in_event_enable  nrf_drv_gpiote.o
    0x000250b8   0x000000dc   Code   RO         3443    i.nrf_drv_gpiote_in_init  nrf_drv_gpiote.o
    0x00025194   0x00000014   Code   RO         3444    i.nrf_drv_gpiote_in_is_set  nrf_drv_gpiote.o
    0x000251a8   0x00000060   Code   RO         3446    i.nrf_drv_gpiote_init  nrf_drv_gpiote.o
    0x00025208   0x00000014   Code   RO         3447    i.nrf_drv_gpiote_is_init  nrf_drv_gpiote.o
    0x0002521c   0x00000014   Code   RO         3727    i.nrf_drv_is_in_RAM  nrf_drv_uart.o
    0x00025230   0x00000084   Code   RO         3729    i.nrf_drv_uart_init  nrf_drv_uart.o
    0x000252b4   0x000000d4   Code   RO         3730    i.nrf_drv_uart_rx   nrf_drv_uart.o
    0x00025388   0x00000034   Code   RO         3733    i.nrf_drv_uart_rx_enable  nrf_drv_uart.o
    0x000253bc   0x000000cc   Code   RO         3734    i.nrf_drv_uart_rx_for_uart  nrf_drv_uart.o
    0x00025488   0x000000c8   Code   RO         3735    i.nrf_drv_uart_rx_for_uarte  nrf_drv_uart.o
    0x00025550   0x00000064   Code   RO         3736    i.nrf_drv_uart_tx   nrf_drv_uart.o
    0x000255b4   0x0000008c   Code   RO         3738    i.nrf_drv_uart_tx_for_uart  nrf_drv_uart.o
    0x00025640   0x0000007c   Code   RO         3739    i.nrf_drv_uart_tx_for_uarte  nrf_drv_uart.o
    0x000256bc   0x0000001c   Code   RO         3740    i.nrf_drv_uart_tx_in_progress  nrf_drv_uart.o
    0x000256d8   0x00000028   Code   RO          544    i.nrf_gpio_cfg      boards.o
    0x00025700   0x00000028   Code   RO         3461    i.nrf_gpio_cfg      nrf_drv_gpiote.o
    0x00025728   0x00000028   Code   RO         3742    i.nrf_gpio_cfg      nrf_drv_uart.o
    0x00025750   0x0000001a   Code   RO         3744    i.nrf_gpio_cfg_input  nrf_drv_uart.o
    0x0002576a   0x00000018   Code   RO         3745    i.nrf_gpio_cfg_output  nrf_drv_uart.o
    0x00025782   0x00000032   Code   RO          655    i.nrf_gpio_cfg_sense_set  bsp.o
    0x000257b4   0x00000032   Code   RO         3463    i.nrf_gpio_cfg_sense_set  nrf_drv_gpiote.o
    0x000257e6   0x00000018   Code   RO         3465    i.nrf_gpio_pin_read  nrf_drv_gpiote.o
    0x000257fe   0x00000016   Code   RO         3746    i.nrf_gpio_pin_set  nrf_drv_uart.o
    0x00025814   0x0000003a   Code   RO          545    i.nrf_gpio_pin_write  boards.o
    0x0002584e   0x00000002   PAD
    0x00025850   0x00000028   Code   RO         3467    i.nrf_gpio_ports_read  nrf_drv_gpiote.o
    0x00025878   0x0000000c   Code   RO         3468    i.nrf_gpiote_event_addr_get  nrf_drv_gpiote.o
    0x00025884   0x0000001c   Code   RO         3469    i.nrf_gpiote_event_clear  nrf_drv_gpiote.o
    0x000258a0   0x00000016   Code   RO         3470    i.nrf_gpiote_event_is_set  nrf_drv_gpiote.o
    0x000258b6   0x00000002   PAD
    0x000258b8   0x0000000c   Code   RO         3471    i.nrf_gpiote_int_enable  nrf_drv_gpiote.o
    0x000258c4   0x0000000c   Code   RO         3747    i.nrf_uart_errorsrc_get_and_clear  nrf_drv_uart.o
    0x000258d0   0x0000000e   Code   RO         3748    i.nrf_uart_event_check  nrf_drv_uart.o
    0x000258de   0x0000000e   Code   RO         3749    i.nrf_uart_event_clear  nrf_drv_uart.o
    0x000258ec   0x0000000a   Code   RO         3750    i.nrf_uart_hwfc_pins_set  nrf_drv_uart.o
    0x000258f6   0x00000006   Code   RO         3751    i.nrf_uart_int_disable  nrf_drv_uart.o
    0x000258fc   0x00000006   Code   RO         3752    i.nrf_uart_int_enable  nrf_drv_uart.o
    0x00025902   0x00000012   Code   RO         3753    i.nrf_uart_int_enable_check  nrf_drv_uart.o
    0x00025914   0x00000006   Code   RO         3754    i.nrf_uart_task_trigger  nrf_drv_uart.o
    0x0002591a   0x0000000a   Code   RO         3755    i.nrf_uart_txrx_pins_set  nrf_drv_uart.o
    0x00025924   0x0000000c   Code   RO         3756    i.nrf_uarte_errorsrc_get_and_clear  nrf_drv_uart.o
    0x00025930   0x0000000e   Code   RO         3757    i.nrf_uarte_event_check  nrf_drv_uart.o
    0x0002593e   0x0000000e   Code   RO         3758    i.nrf_uarte_event_clear  nrf_drv_uart.o
    0x0002594c   0x0000000c   Code   RO         3759    i.nrf_uarte_hwfc_pins_set  nrf_drv_uart.o
    0x00025958   0x00000006   Code   RO         3760    i.nrf_uarte_int_disable  nrf_drv_uart.o
    0x0002595e   0x00000006   Code   RO         3761    i.nrf_uarte_int_enable  nrf_drv_uart.o
    0x00025964   0x0000000a   Code   RO         3762    i.nrf_uarte_rx_amount_get  nrf_drv_uart.o
    0x0002596e   0x00000006   Code   RO         3763    i.nrf_uarte_task_trigger  nrf_drv_uart.o
    0x00025974   0x0000000e   Code   RO         3764    i.nrf_uarte_txrx_pins_set  nrf_drv_uart.o
    0x00025982   0x00000032   Code   RO          380    i.on_adv_evt        cherubimind_ble.o
    0x000259b4   0x00000150   Code   RO          381    i.on_ble_evt        cherubimind_ble.o
    0x00025b04   0x0000002c   Code   RO          382    i.on_conn_params_evt  cherubimind_ble.o
    0x00025b30   0x00000018   Code   RO         1082    i.on_conn_params_update  ble_conn_params.o
    0x00025b48   0x00000038   Code   RO         1083    i.on_connect        ble_conn_params.o
    0x00025b80   0x00000006   Code   RO         2954    i.on_connect        ble_bas.o
    0x00025b86   0x00000006   Code   RO         3009    i.on_connect        ble_nus.o
    0x00025b8c   0x00000006   Code   RO         3080    i.on_connect        ble_hrs.o
    0x00025b92   0x00000002   PAD
    0x00025b94   0x00000014   Code   RO          964    i.on_connected      ble_advertising.o
    0x00025ba8   0x00000040   Code   RO         1084    i.on_disconnect     ble_conn_params.o
    0x00025be8   0x00000008   Code   RO         2955    i.on_disconnect     ble_bas.o
    0x00025bf0   0x00000008   Code   RO         3010    i.on_disconnect     ble_nus.o
    0x00025bf8   0x00000008   Code   RO         3081    i.on_disconnect     ble_hrs.o
    0x00025c00   0x0000003c   Code   RO          965    i.on_disconnected   ble_advertising.o
    0x00025c3c   0x00000030   Code   RO         3082    i.on_hrm_cccd_write  ble_hrs.o
    0x00025c6c   0x0000002c   Code   RO         4910    i.on_operation_failure  fstorage.o
    0x00025c98   0x00000078   Code   RO         4911    i.on_operation_success  fstorage.o
    0x00025d10   0x00000038   Code   RO          966    i.on_timeout        ble_advertising.o
    0x00025d48   0x0000004c   Code   RO         1085    i.on_write          ble_conn_params.o
    0x00025d94   0x00000040   Code   RO         2956    i.on_write          ble_bas.o
    0x00025dd4   0x00000046   Code   RO         3011    i.on_write          ble_nus.o
    0x00025e1a   0x0000001a   Code   RO         3083    i.on_write          ble_hrs.o
    0x00025e34   0x000000a4   Code   RO         4522    i.op_enqueue        fds.o
    0x00025ed8   0x00000040   Code   RO         4523    i.page_from_record  fds.o
    0x00025f18   0x0000002c   Code   RO         4524    i.page_has_space    fds.o
    0x00025f44   0x0000002c   Code   RO         4525    i.page_identify     fds.o
    0x00025f70   0x0000001e   Code   RO         4526    i.page_is_erased    fds.o
    0x00025f8e   0x00000012   Code   RO         4527    i.page_offsets_update  fds.o
    0x00025fa0   0x00000068   Code   RO         4528    i.page_scan         fds.o
    0x00026008   0x00000020   Code   RO         4529    i.page_tag_write_data  fds.o
    0x00026028   0x00000024   Code   RO         4530    i.page_tag_write_swap  fds.o
    0x0002604c   0x00000130   Code   RO         4531    i.pages_init        fds.o
    0x0002617c   0x00000084   Code   RO         2677    i.pairing_failure   security_dispatcher.o
    0x00026200   0x00000048   Code   RO         2820    i.params_reply_pending_process  security_manager.o
    0x00026248   0x00000020   Code   RO         2020    i.pdb_evt_send      peer_database.o
    0x00026268   0x00000044   Code   RO         2021    i.pdb_init          peer_database.o
    0x000262ac   0x0000000c   Code   RO         2023    i.pdb_next_deleted_peer_id_get  peer_database.o
    0x000262b8   0x0000000c   Code   RO         2024    i.pdb_next_peer_id_get  peer_database.o
    0x000262c4   0x000001bc   Code   RO         2025    i.pdb_pds_evt_handler  peer_database.o
    0x00026480   0x00000008   Code   RO         2026    i.pdb_peer_allocate  peer_database.o
    0x00026488   0x00000016   Code   RO         2028    i.pdb_peer_data_ptr_get  peer_database.o
    0x0002649e   0x00000058   Code   RO         2029    i.pdb_peer_free     peer_database.o
    0x000264f6   0x00000016   Code   RO         2030    i.pdb_raw_store     peer_database.o
    0x0002650c   0x00000134   Code   RO         2031    i.pdb_write_buf_get  peer_database.o
    0x00026640   0x00000036   Code   RO         2032    i.pdb_write_buf_release  peer_database.o
    0x00026676   0x00000002   PAD
    0x00026678   0x00000104   Code   RO         2033    i.pdb_write_buf_store  peer_database.o
    0x0002677c   0x00000078   Code   RO         2034    i.pdb_write_buf_store_prepare  peer_database.o
    0x000267f4   0x00000020   Code   RO         1853    i.pds_evt_send      peer_data_storage.o
    0x00026814   0x00000038   Code   RO         1854    i.pds_init          peer_data_storage.o
    0x0002684c   0x0000000c   Code   RO         1855    i.pds_next_deleted_peer_id_get  peer_data_storage.o
    0x00026858   0x0000000c   Code   RO         1856    i.pds_next_peer_id_get  peer_data_storage.o
    0x00026864   0x0000005c   Code   RO         1859    i.pds_peer_data_iterate  peer_data_storage.o
    0x000268c0   0x00000010   Code   RO         1860    i.pds_peer_data_iterate_prepare  peer_data_storage.o
    0x000268d0   0x00000088   Code   RO         1861    i.pds_peer_data_read  peer_data_storage.o
    0x00026958   0x000000ba   Code   RO         1862    i.pds_peer_data_store  peer_data_storage.o
    0x00026a12   0x0000000c   Code   RO         1863    i.pds_peer_id_allocate  peer_data_storage.o
    0x00026a1e   0x0000001e   Code   RO         1864    i.pds_peer_id_free  peer_data_storage.o
    0x00026a3c   0x0000000c   Code   RO         1865    i.pds_peer_id_is_allocated  peer_data_storage.o
    0x00026a48   0x0000003c   Code   RO         1866    i.pds_space_reserve  peer_data_storage.o
    0x00026a84   0x00000014   Code   RO         1867    i.pds_space_reserve_cancel  peer_data_storage.o
    0x00026a98   0x0000001c   Code   RO         2035    i.peer_data_const_point_to_buffer  peer_database.o
    0x00026ab4   0x000000a4   Code   RO         1868    i.peer_data_delete  peer_data_storage.o
    0x00026b58   0x00000040   Code   RO         1869    i.peer_data_find    peer_data_storage.o
    0x00026b98   0x00000022   Code   RO         1870    i.peer_data_id_is_valid  peer_data_storage.o
    0x00026bba   0x0000000a   Code   RO         1871    i.peer_data_id_to_record_key  peer_data_storage.o
    0x00026bc4   0x0000001a   Code   RO         2036    i.peer_data_point_to_buffer  peer_database.o
    0x00026bde   0x00000002   PAD
    0x00026be0   0x00000014   Code   RO         2200    i.peer_id_allocate  peer_id.o
    0x00026bf4   0x0000002c   Code   RO         2201    i.peer_id_delete    peer_id.o
    0x00026c20   0x0000001c   Code   RO         2202    i.peer_id_free      peer_id.o
    0x00026c3c   0x00000014   Code   RO         2203    i.peer_id_get_next_deleted  peer_id.o
    0x00026c50   0x00000038   Code   RO         2204    i.peer_id_get_next_used  peer_id.o
    0x00026c88   0x00000024   Code   RO         2205    i.peer_id_init      peer_id.o
    0x00026cac   0x0000001c   Code   RO         2206    i.peer_id_is_allocated  peer_id.o
    0x00026cc8   0x0000001c   Code   RO         2207    i.peer_id_is_deleted  peer_id.o
    0x00026ce4   0x00000024   Code   RO         1644    i.peer_id_set       id_manager.o
    0x00026d08   0x0000000a   Code   RO         1872    i.peer_id_to_file_id  peer_data_storage.o
    0x00026d12   0x00000046   Code   RO         1873    i.peer_ids_load     peer_data_storage.o
    0x00026d58   0x00000108   Code   RO          383    i.peer_manager_init  cherubimind_ble.o
    0x00026e60   0x0000001c   Code   RO         3474    i.pin_in_use_by_gpiote  nrf_drv_gpiote.o
    0x00026e7c   0x00000018   Code   RO         3475    i.pin_in_use_by_port  nrf_drv_gpiote.o
    0x00026e94   0x00000020   Code   RO         3476    i.pin_in_use_by_te  nrf_drv_gpiote.o
    0x00026eb4   0x0000000c   Code   RO         3477    i.pin_in_use_clear  nrf_drv_gpiote.o
    0x00026ec0   0x00000062   Code   RO         2569    i.pm_buffer_block_acquire  pm_buffer.o
    0x00026f22   0x0000004e   Code   RO         2570    i.pm_buffer_init    pm_buffer.o
    0x00026f70   0x00000030   Code   RO         2571    i.pm_buffer_ptr_get  pm_buffer.o
    0x00026fa0   0x00000028   Code   RO         2572    i.pm_buffer_release  pm_buffer.o
    0x00026fc8   0x00000010   Code   RO         2295    i.pm_conn_sec_config_reply  peer_manager.o
    0x00026fd8   0x000000c4   Code   RO          384    i.pm_evt_handler    cherubimind_ble.o
    0x0002709c   0x000000be   Code   RO         2299    i.pm_gcm_evt_handler  peer_manager.o
    0x0002715a   0x00000002   PAD
    0x0002715c   0x00000058   Code   RO         2302    i.pm_im_evt_handler  peer_manager.o
    0x000271b4   0x000000a4   Code   RO         2303    i.pm_init           peer_manager.o
    0x00027258   0x0000001c   Code   RO         2305    i.pm_local_database_has_changed  peer_manager.o
    0x00027274   0x00000014   Code   RO         2612    i.pm_mutex_init     pm_mutex.o
    0x00027288   0x00000020   Code   RO         2613    i.pm_mutex_lock     pm_mutex.o
    0x000272a8   0x00000030   Code   RO         2614    i.pm_mutex_lock_first_available  pm_mutex.o
    0x000272d8   0x00000024   Code   RO         2615    i.pm_mutex_lock_status_get  pm_mutex.o
    0x000272fc   0x00000038   Code   RO         2616    i.pm_mutex_unlock   pm_mutex.o
    0x00027334   0x0000002c   Code   RO         2307    i.pm_on_ble_evt     peer_manager.o
    0x00027360   0x000001c8   Code   RO         2308    i.pm_pdb_evt_handler  peer_manager.o
    0x00027528   0x00000020   Code   RO         2319    i.pm_peer_delete    peer_manager.o
    0x00027548   0x00000050   Code   RO         2324    i.pm_peers_delete   peer_manager.o
    0x00027598   0x00000040   Code   RO         2327    i.pm_register       peer_manager.o
    0x000275d8   0x00000024   Code   RO         2329    i.pm_sec_params_set  peer_manager.o
    0x000275fc   0x000001b0   Code   RO         2330    i.pm_sm_evt_handler  peer_manager.o
    0x000277ac   0x0000001a   Code   RO            5    i.power_manage      main.o
    0x000277c6   0x00000002   PAD
    0x000277c8   0x00000048   Code   RO         4532    i.queue_advance     fds.o
    0x00027810   0x00000034   Code   RO         4912    i.queue_advance     fstorage.o
    0x00027844   0x00000068   Code   RO         4913    i.queue_get_next_free  fstorage.o
    0x000278ac   0x000000a4   Code   RO         4533    i.queue_process     fds.o
    0x00027950   0x0000006c   Code   RO         4914    i.queue_process     fstorage.o
    0x000279bc   0x00000018   Code   RO         4534    i.queue_start       fds.o
    0x000279d4   0x0000002c   Code   RO         4915    i.queue_start       fstorage.o
    0x00027a00   0x0000004c   Code   RO         1182    i.record_activate   ble_conn_state.o
    0x00027a4c   0x00000088   Code   RO         4535    i.record_find       fds.o
    0x00027ad4   0x00000048   Code   RO         4536    i.record_find_and_delete  fds.o
    0x00027b1c   0x0000007c   Code   RO         4537    i.record_find_by_desc  fds.o
    0x00027b98   0x00000060   Code   RO         4538    i.record_find_next  fds.o
    0x00027bf8   0x00000028   Code   RO         4539    i.record_header_flag_dirty  fds.o
    0x00027c20   0x0000002c   Code   RO         4540    i.record_header_write_begin  fds.o
    0x00027c4c   0x00000038   Code   RO         4541    i.record_header_write_finalize  fds.o
    0x00027c84   0x00000038   Code   RO         4542    i.record_header_write_id  fds.o
    0x00027cbc   0x00000014   Code   RO         4543    i.record_id_new     fds.o
    0x00027cd0   0x0000001c   Code   RO         1183    i.record_invalidate  ble_conn_state.o
    0x00027cec   0x00000006   Code   RO         1874    i.record_key_to_peer_data_id  peer_data_storage.o
    0x00027cf2   0x00000018   Code   RO         1875    i.record_key_within_pm_range  peer_data_storage.o
    0x00027d0a   0x00000002   PAD
    0x00027d0c   0x00000044   Code   RO         1184    i.record_purge_disconnected  ble_conn_state.o
    0x00027d50   0x00000018   Code   RO         1185    i.record_set_disconnected  ble_conn_state.o
    0x00027d68   0x00000050   Code   RO         4544    i.record_write_chunk  fds.o
    0x00027db8   0x00000014   Code   RO         2209    i.release           peer_id.o
    0x00027dcc   0x00000048   Code   RO          385    i.rri_update        cherubimind_ble.o
    0x00027e14   0x0000000c   Code   RO         4183    i.rtc1_compare0_set  app_timer.o
    0x00027e20   0x0000000c   Code   RO         4184    i.rtc1_counter_get  app_timer.o
    0x00027e2c   0x00000018   Code   RO         4185    i.rtc1_init         app_timer.o
    0x00027e44   0x0000003c   Code   RO         4186    i.rtc1_start        app_timer.o
    0x00027e80   0x00000058   Code   RO         4187    i.rtc1_stop         app_timer.o
    0x00027ed8   0x0000003e   Code   RO         3766    i.rx_byte           nrf_drv_uart.o
    0x00027f16   0x00000136   Code   RO         3012    i.rx_char_add       ble_nus.o
    0x0002804c   0x0000001e   Code   RO         3767    i.rx_done_event     nrf_drv_uart.o
    0x0002806a   0x00000022   Code   RO         3768    i.rx_enable         nrf_drv_uart.o
    0x0002808c   0x0000008c   Code   RO         5667    i.sd_nvic_EnableIRQ  softdevice_handler.o
    0x00028118   0x00000068   Code   RO         4389    i.sd_nvic_critical_region_enter  app_util_platform.o
    0x00028180   0x0000000c   Code   RO         1404    i.sdk_mapped_flags_any_set  gatt_cache_manager.o
    0x0002818c   0x0000000c   Code   RO         2821    i.sdk_mapped_flags_any_set  security_manager.o
    0x00028198   0x00000076   Code   RO         5078    i.sdk_mapped_flags_bulk_update_by_key  sdk_mapped_flags.o
    0x0002820e   0x00000024   Code   RO         5079    i.sdk_mapped_flags_first_key_index_get  sdk_mapped_flags.o
    0x00028232   0x00000012   Code   RO         5080    i.sdk_mapped_flags_get_by_index  sdk_mapped_flags.o
    0x00028244   0x0000002e   Code   RO         5081    i.sdk_mapped_flags_get_by_key  sdk_mapped_flags.o
    0x00028272   0x00000042   Code   RO         5082    i.sdk_mapped_flags_key_list_get  sdk_mapped_flags.o
    0x000282b4   0x0000001a   Code   RO         5084    i.sdk_mapped_flags_update_by_key  sdk_mapped_flags.o
    0x000282ce   0x000000d8   Code   RO         2678    i.sec_info_request_process  security_dispatcher.o
    0x000283a6   0x0000001a   Code   RO         2679    i.sec_params_request_process  security_dispatcher.o
    0x000283c0   0x000000e8   Code   RO         2822    i.sec_params_verify  security_manager.o
    0x000284a8   0x0000005c   Code   RO         2680    i.sec_proc_start    security_dispatcher.o
    0x00028504   0x00000034   Code   RO         2681    i.sec_request_process  security_dispatcher.o
    0x00028538   0x00000024   Code   RO         2682    i.sec_start_send    security_dispatcher.o
    0x0002855c   0x0000001e   Code   RO         2823    i.send_config_req   security_manager.o
    0x0002857a   0x0000005c   Code   RO         4916    i.send_event        fstorage.o
    0x000285d6   0x00000002   PAD
    0x000285d8   0x0000006c   Code   RO         1405    i.service_changed_pending_flags_check  gatt_cache_manager.o
    0x00028644   0x00000050   Code   RO         1537    i.service_changed_pending_set  gatts_cache_manager.o
    0x00028694   0x000000b8   Code   RO         1406    i.service_changed_send_in_evt  gatt_cache_manager.o
    0x0002874c   0x00000096   Code   RO          856    i.service_data_encode  ble_advdata.o
    0x000287e2   0x00000002   PAD
    0x000287e4   0x000001b0   Code   RO          386    i.services_init     cherubimind_ble.o
    0x00028994   0x00000020   Code   RO          967    i.set_adv_mode_directed  ble_advertising.o
    0x000289b4   0x0000002c   Code   RO          968    i.set_adv_mode_directed_slow  ble_advertising.o
    0x000289e0   0x00000060   Code   RO          969    i.set_adv_mode_fast  ble_advertising.o
    0x00028a40   0x00000060   Code   RO          970    i.set_adv_mode_slow  ble_advertising.o
    0x00028aa0   0x0000004c   Code   RO          387    i.sleep_mode_enter  cherubimind_ble.o
    0x00028aec   0x00000018   Code   RO         2824    i.sm_ble_evt_handler  security_manager.o
    0x00028b04   0x00000024   Code   RO         2825    i.sm_conn_sec_config_reply  security_manager.o
    0x00028b28   0x00000064   Code   RO         2826    i.sm_init           security_manager.o
    0x00028b8c   0x00000060   Code   RO         2829    i.sm_pdb_evt_handler  security_manager.o
    0x00028bec   0x00000038   Code   RO         2831    i.sm_sec_params_set  security_manager.o
    0x00028c24   0x000000a4   Code   RO         2832    i.sm_smd_evt_handler  security_manager.o
    0x00028cc8   0x00000058   Code   RO         2683    i.smd_ble_evt_handler  security_dispatcher.o
    0x00028d20   0x0000004c   Code   RO         2684    i.smd_init          security_dispatcher.o
    0x00028d6c   0x00000038   Code   RO         2685    i.smd_link_secure   security_dispatcher.o
    0x00028da4   0x00000120   Code   RO         2686    i.smd_params_reply  security_dispatcher.o
    0x00028ec4   0x00000090   Code   RO         2833    i.smd_params_reply_perform  security_manager.o
    0x00028f54   0x00000034   Code   RO         2687    i.smd_pdb_evt_handler  security_dispatcher.o
    0x00028f88   0x00000018   Code   RO         5668    i.softdevice_ble_evt_handler_set  softdevice_handler.o
    0x00028fa0   0x00000028   Code   RO         5669    i.softdevice_enable  softdevice_handler.o
    0x00028fc8   0x0000002c   Code   RO         5670    i.softdevice_enable_get_default_config  softdevice_handler.o
    0x00028ff4   0x00000014   Code   RO         5671    i.softdevice_fault_handler  softdevice_handler.o
    0x00029008   0x0000009c   Code   RO         5672    i.softdevice_handler_init  softdevice_handler.o
    0x000290a4   0x0000000c   Code   RO         5673    i.softdevice_handler_is_enabled  softdevice_handler.o
    0x000290b0   0x00000018   Code   RO         5678    i.softdevice_sys_evt_handler_set  softdevice_handler.o
    0x000290c8   0x0000000e   Code   RO          857    i.srdata_check      ble_advdata.o
    0x000290d6   0x00000026   Code   RO          759    i.startup_event_extract  bsp_btn_ble.o
    0x000290fc   0x00000032   Code   RO         4917    i.store_execute     fstorage.o
    0x0002912e   0x00000012   Code   RO          388    i.sys_evt_dispatch  cherubimind_ble.o
    0x00029140   0x0000000a   Code   RO         4188    i.ticks_diff_get    app_timer.o
    0x0002914a   0x00000002   PAD
    0x0002914c   0x00000038   Code   RO         4189    i.timeout_handler_exec  app_timer.o
    0x00029184   0x00000054   Code   RO         4190    i.timer_list_handler  app_timer.o
    0x000291d8   0x0000000a   Code   RO         4191    i.timer_list_handler_sched  app_timer.o
    0x000291e2   0x00000002   PAD
    0x000291e4   0x00000068   Code   RO         4192    i.timer_list_insert  app_timer.o
    0x0002924c   0x0000006c   Code   RO         4193    i.timer_list_remove  app_timer.o
    0x000292b8   0x0000005e   Code   RO         4194    i.timer_start_op_schedule  app_timer.o
    0x00029316   0x00000042   Code   RO         4195    i.timer_stop_op_schedule  app_timer.o
    0x00029358   0x00000098   Code   RO         4196    i.timer_timeouts_check  app_timer.o
    0x000293f0   0x0000000a   Code   RO         4197    i.timer_timeouts_check_sched  app_timer.o
    0x000293fa   0x00000002   PAD
    0x000293fc   0x00000078   Code   RO          298    i.timers_init       cherubimind.o
    0x00029474   0x00000026   Code   RO         3769    i.tx_byte           nrf_drv_uart.o
    0x0002949a   0x000000ec   Code   RO         3013    i.tx_char_add       ble_nus.o
    0x00029586   0x00000022   Code   RO         3770    i.tx_done_event     nrf_drv_uart.o
    0x000295a8   0x00000036   Code   RO          858    i.tx_power_level_encode  ble_advdata.o
    0x000295de   0x00000002   PAD
    0x000295e0   0x000003d0   Code   RO          299    i.uart_event_handle  cherubimind.o
    0x000299b0   0x000000d4   Code   RO         5173    i.uart_event_handler  app_uart_fifo.o
    0x00029a84   0x0000005c   Code   RO          300    i.uart_init         cherubimind.o
    0x00029ae0   0x00000142   Code   RO         3771    i.uart_irq_handler  nrf_drv_uart.o
    0x00029c22   0x0000010c   Code   RO         3772    i.uarte_irq_handler  nrf_drv_uart.o
    0x00029d2e   0x0000000c   Code   RO         1329    i.uint16_decode     ble_srv_common.o
    0x00029d3a   0x0000000c   Code   RO          859    i.uint16_encode     ble_advdata.o
    0x00029d46   0x0000000c   Code   RO         3084    i.uint16_encode     ble_hrs.o
    0x00029d52   0x00000002   PAD
    0x00029d54   0x00000058   Code   RO         1407    i.update_pending_flags_check  gatt_cache_manager.o
    0x00029dac   0x00000090   Code   RO         1086    i.update_timeout_handler  ble_conn_params.o
    0x00029e3c   0x00000014   Code   RO         1186    i.user_flag_acquire  ble_conn_state.o
    0x00029e50   0x0000001c   Code   RO         1187    i.user_flag_is_acquired  ble_conn_state.o
    0x00029e6c   0x0000003c   Code   RO         4198    i.user_op_alloc     app_timer.o
    0x00029ea8   0x0000000c   Code   RO         4199    i.user_op_enque     app_timer.o
    0x00029eb4   0x0000004e   Code   RO          860    i.uuid_list_encode  ble_advdata.o
    0x00029f02   0x000000dc   Code   RO          861    i.uuid_list_sized_encode  ble_advdata.o
    0x00029fde   0x00000002   PAD
    0x00029fe0   0x0000000c   Code   RO          971    i.whitelist_has_entries  ble_advertising.o
    0x00029fec   0x00000038   Code   RO         2037    i.write_buf_length_words_set  peer_database.o
    0x0002a024   0x00000032   Code   RO         2038    i.write_buffer_record_find  peer_database.o
    0x0002a056   0x00000002   PAD
    0x0002a058   0x00000030   Code   RO         2039    i.write_buffer_record_find_next  peer_database.o
    0x0002a088   0x0000000e   Code   RO         2040    i.write_buffer_record_find_unused  peer_database.o
    0x0002a096   0x00000024   Code   RO         2041    i.write_buffer_record_get  peer_database.o
    0x0002a0ba   0x0000002e   Code   RO         2042    i.write_buffer_record_invalidate  peer_database.o
    0x0002a0e8   0x00000028   Code   RO         2043    i.write_buffer_record_release  peer_database.o
    0x0002a110   0x00000104   Code   RO         4545    i.write_enqueue     fds.o
    0x0002a214   0x000000b8   Code   RO         4546    i.write_execute     fds.o
    0x0002a2cc   0x0000001c   Code   RO         4547    i.write_space_free  fds.o
    0x0002a2e8   0x0000006c   Code   RO         4548    i.write_space_reserve  fds.o
    0x0002a354   0x00000020   Data   RO          302    .constdata          cherubimind.o
    0x0002a374   0x00000004   Data   RO          390    .constdata          cherubimind_ble.o
    0x0002a378   0x00000008   Data   RO          546    .constdata          boards.o
    0x0002a380   0x0000002c   Data   RO          657    .constdata          bsp.o
    0x0002a3ac   0x00000004   Data   RO         1088    .constdata          ble_conn_params.o
    0x0002a3b0   0x00000018   Data   RO         1538    .constdata          gatts_cache_manager.o
    0x0002a3c8   0x00000008   Data   RO         1647    .constdata          id_manager.o
    0x0002a3d0   0x00000004   Data   RO         1876    .constdata          peer_data_storage.o
    0x0002a3d4   0x00000014   Data   RO         2045    .constdata          peer_database.o
    0x0002a3e8   0x00000044   Data   RO         2689    .constdata          security_dispatcher.o
    0x0002a42c   0x00000004   Data   RO         2834    .constdata          security_manager.o
    0x0002a430   0x00000010   Data   RO         3014    .constdata          ble_nus.o
    0x0002a440   0x00000047   Data   RO         3479    .constdata          nrf_drv_gpiote.o
    0x0002a487   0x00000001   PAD
    0x0002a488   0x00000008   Data   RO         4035    .constdata          app_button.o
    0x0002a490   0x00000014   Data   RO         4550    .constdata          fds.o
    0x0002a4a4   0x00000020   Data   RO         5175    .constdata          app_uart_fifo.o
    0x0002a4c4   0x00000020   Data   RO         5933    Region$$Table       anon$$obj.o


    Execution Region RW_IRAM1 (Base: 0x20002128, Size: 0x00002e90, Max: 0x0000ded8, ABSOLUTE, COMPRESSED[0x00000054])

    Base Addr    Size         Type   Attr      Idx    E Section Name        Object

    0x20002128   0x0000001d   Data   RW          303    .data               cherubimind.o
    0x20002145   0x00000001   PAD
    0x20002146   0x00000018   Data   RW          391    .data               cherubimind_ble.o
    0x2000215e   0x00000002   PAD
    0x20002160   0x00000015   Data   RW          658    .data               bsp.o
    0x20002175   0x00000003   PAD
    0x20002178   0x00000008   Data   RW          760    .data               bsp_btn_ble.o
    0x20002180   0x0000001f   Data   RW          973    .data               ble_advertising.o
    0x2000219f   0x00000001   PAD
    0x200021a0   0x00000015   Data   RW         1089    .data               ble_conn_params.o
    0x200021b5   0x00000003   PAD
    0x200021b8   0x00000009   Data   RW         1408    .data               gatt_cache_manager.o
    0x200021c1   0x00000003   PAD
    0x200021c4   0x0000000a   Data   RW         1539    .data               gatts_cache_manager.o
    0x200021ce   0x00000003   Data   RW         1648    .data               id_manager.o
    0x200021d1   0x00000003   PAD
    0x200021d4   0x0000000c   Data   RW         1877    .data               peer_data_storage.o
    0x200021e0   0x00000009   Data   RW         2046    .data               peer_database.o
    0x200021e9   0x00000003   PAD
    0x200021ec   0x00000011   Data   RW         2336    .data               peer_manager.o
    0x200021fd   0x00000004   Data   RW         2690    .data               security_dispatcher.o
    0x20002201   0x00000003   PAD
    0x20002204   0x00000013   Data   RW         2835    .data               security_manager.o
    0x20002217   0x00000001   PAD
    0x20002218   0x00000014   Data   RW         4036    .data               app_button.o
    0x2000222c   0x00000022   Data   RW         4200    .data               app_timer.o
    0x2000224e   0x00000002   PAD
    0x20002250   0x00000018   Data   RW         4551    .data               fds.o
    0x20002268   0x00000002   Data   RW         4919    .data               fstorage.o
    0x2000226a   0x00000002   PAD
    0x2000226c   0x0000000f   Data   RW         5176    .data               app_uart_fifo.o
    0x2000227b   0x00000001   PAD
    0x2000227c   0x00000018   Data   RW         5679    .data               softdevice_handler.o
    0x20002294   0x00000004   Data   RW         5826    .data               system_nrf52.o
    0x20002298   0x00000010   Data   RW         4552    fs_data             fds.o
    0x200022a8   0x0000035c   Zero   RW          301    .bss                cherubimind.o
    0x20002604   0x000000d4   Zero   RW          389    .bss                cherubimind_ble.o
    0x200026d8   0x0000006c   Zero   RW          656    .bss                bsp.o
    0x20002744   0x000000b3   Zero   RW          972    .bss                ble_advertising.o
    0x200027f7   0x00000001   PAD
    0x200027f8   0x0000003c   Zero   RW         1087    .bss                ble_conn_params.o
    0x20002834   0x00000034   Zero   RW         1188    .bss                ble_conn_state.o
    0x20002868   0x00000070   Zero   RW         1646    .bss                id_manager.o
    0x200028d8   0x00000330   Zero   RW         2044    .bss                peer_database.o
    0x20002c08   0x00000040   Zero   RW         2210    .bss                peer_id.o
    0x20002c48   0x0000000c   Zero   RW         2334    .bss                peer_manager.o
    0x20002c54   0x00000040   Zero   RW         2688    .bss                security_dispatcher.o
    0x20002c94   0x00000014   Zero   RW         3213    .bss                nrf_drv_clock.o
    0x20002ca8   0x00000058   Zero   RW         3478    .bss                nrf_drv_gpiote.o
    0x20002d00   0x00000020   Zero   RW         3773    .bss                nrf_drv_uart.o
    0x20002d20   0x00000020   Zero   RW         4034    .bss                app_button.o
    0x20002d40   0x0000000c   Zero   RW         4390    .bss                app_util_platform.o
    0x20002d4c   0x0000011c   Zero   RW         4549    .bss                fds.o
    0x20002e68   0x00000068   Zero   RW         4918    .bss                fstorage.o
    0x20002ed0   0x00000020   Zero   RW         5174    .bss                app_uart_fifo.o
    0x20002ef0   0x000000c8   Zero   RW         5478    .bss                segger_rtt.o
    0x20002fb8   0x00002000   Zero   RW         5806    STACK               arm_startup_nrf52.o


==============================================================================

Image component sizes


      Code (inc. data)   RO Data    RW Data    ZI Data      Debug   Object Name

       480         80          8         20         32       9386   app_button.o
        28          0          0          0          0       2089   app_error.o
        68          8          0          0          0      27397   app_error_weak.o
       170          0          0          0          0       4778   app_fifo.o
      2320        264          0         34          0      67007   app_timer.o
       538         78         32         15         32      10231   app_uart_fifo.o
       200         24          0          0         12       9766   app_util_platform.o
        36          8       1024          0       8192        860   arm_startup_nrf52.o
      1818          0          0          0          0      32316   ble_advdata.o
      1520        242          0         31        179      13177   ble_advertising.o
       828          0          0          0          0       5999   ble_bas.o
       706        120          4         21         60       6956   ble_conn_params.o
       664         72          0          0         52      10846   ble_conn_state.o
      1020          0          0          0          0       9704   ble_hrs.o
       930          4         16          0          0       6642   ble_nus.o
        90          0          0          0          0      18398   ble_srv_common.o
       418         34          8          0          0      12204   boards.o
      1454        128         44         21        108      13395   bsp.o
       420         18          0          8          0       5437   bsp_btn_ble.o
      1292        340         32         29        860       5711   cherubimind.o
      2594        178          4         24        212      20294   cherubimind_ble.o
      4840        434         20         40        284      50506   fds.o
      1280         82          0          2        104      13299   fstorage.o
      1388         96          0          9          0      17516   gatt_cache_manager.o
       686         46         24         10          0       9215   gatts_cache_manager.o
      1360         72          8          3        112      18603   id_manager.o
       128          0          0          0          0     137751   main.o
       358         34          0          0         20      12176   nrf_drv_clock.o
        96         12          0          0          0      27619   nrf_drv_common.o
      1630        104         71          0         88      32010   nrf_drv_gpiote.o
      2716         74          0          0         32      45621   nrf_drv_uart.o
      1408         50          4         12          0      18144   peer_data_storage.o
      1826         70         20          9        816      22599   peer_database.o
       420         44          0          0         64       8419   peer_id.o
      1714        156          0         17         12      12488   peer_manager.o
       264          0          0          0          0       3879   pm_buffer.o
       244          0          0          0          0       4829   pm_mutex.o
       310          0          0          0          0       5764   sdk_mapped_flags.o
      2182        100         68          4         64      21460   security_dispatcher.o
      1562        168          4         19          0      16236   security_manager.o
       552         46          0          0        200       8259   segger_rtt.o
       794         98          0         24          0      42448   softdevice_handler.o
      1096        112          0          4          0       5959   system_nrf52.o

    ----------------------------------------------------------------------
     44550       3396       1424        384      11536     827393   Object Totals
         0          0         32          0          0          0   (incl. Generated)
       102          0          1         28          1          0   (incl. Padding)

    ----------------------------------------------------------------------

      Code (inc. data)   RO Data    RW Data    ZI Data      Debug   Library Member Name

        86          0          0          0          0          0   __dczerorl2.o
         0          0          0          0          0          0   entry.o
         0          0          0          0          0          0   entry10a.o
         0          0          0          0          0          0   entry11a.o
         8          4          0          0          0          0   entry2.o
         4          0          0          0          0          0   entry5.o
         0          0          0          0          0          0   entry7b.o
         0          0          0          0          0          0   entry8b.o
         8          4          0          0          0          0   entry9a.o
        30          0          0          0          0          0   handlers.o
        36          8          0          0          0         68   init.o
        26          0          0          0          0         80   memcmp.o
        64          0          0          0          0         76   memmovea.o
        36          0          0          0          0        108   memseta.o
        18          0          0          0          0         68   strcpy.o
        14          0          0          0          0         68   strlen.o

    ----------------------------------------------------------------------
       334         16          0          0          0        468   Library Totals
         4          0          0          0          0          0   (incl. Padding)

    ----------------------------------------------------------------------

      Code (inc. data)   RO Data    RW Data    ZI Data      Debug   Library Name

       330         16          0          0          0        468   mc_w.l

    ----------------------------------------------------------------------
       334         16          0          0          0        468   Library Totals

    ----------------------------------------------------------------------

==============================================================================


      Code (inc. data)   RO Data    RW Data    ZI Data      Debug   

     44884       3412       1424        384      11536     771389   Grand Totals
     44884       3412       1424         84      11536     771389   ELF Image Totals (compressed)
     44884       3412       1424         84          0          0   ROM Totals

==============================================================================

    Total RO  Size (Code + RO Data)                46308 (  45.22kB)
    Total RW  Size (RW Data + ZI Data)             11920 (  11.64kB)
    Total ROM Size (Code + RO Data + RW Data)      46392 (  45.30kB)

==============================================================================

