Component: ARM Compiler 5.06 update 1 (build 61) Tool: armlink [4d35a8]

==============================================================================

Section Cross References

    main.o(i.main) refers to app_error.o(i.app_error_handler_bare) for app_error_handler_bare
    main.o(i.main) refers to cherubimind.o(i.saadc_init) for saadc_init
    main.o(i.main) refers to cherubimind.o(i.saadc_sampling_event_init) for saadc_sampling_event_init
    main.o(i.main) refers to cherubimind.o(i.saadc_sampling_event_enable) for saadc_sampling_event_enable
    main.o(i.main) refers to cherubimind.o(i.timers_init) for timers_init
    main.o(i.main) refers to cherubimind_ble.o(i.buttons_leds_init) for buttons_leds_init
    main.o(i.main) refers to cherubimind_ble.o(i.ble_stack_init) for ble_stack_init
    main.o(i.main) refers to cherubimind_ble.o(i.peer_manager_init) for peer_manager_init
    main.o(i.main) refers to cherubimind_ble.o(i.gap_params_init) for gap_params_init
    main.o(i.main) refers to cherubimind_ble.o(i.advertising_init) for advertising_init
    main.o(i.main) refers to cherubimind_ble.o(i.services_init) for services_init
    main.o(i.main) refers to cherubimind_ble.o(i.conn_params_init) for conn_params_init
    main.o(i.main) refers to cherubimind.o(i.uart_init) for uart_init
    main.o(i.main) refers to cherubimind.o(i.application_timers_start) for application_timers_start
    main.o(i.main) refers to ble_advertising.o(i.ble_advertising_start) for ble_advertising_start
    main.o(i.main) refers to segger_rtt_printf.o(i.SEGGER_RTT_printf) for SEGGER_RTT_printf
    main.o(i.main) refers to main.o(i.power_manage) for power_manage
    main.o(i.power_manage) refers to app_error.o(i.app_error_handler_bare) for app_error_handler_bare
    cherubimind.o(i.application_timers_start) refers to app_timer.o(i.app_timer_start) for app_timer_start
    cherubimind.o(i.application_timers_start) refers to app_error.o(i.app_error_handler_bare) for app_error_handler_bare
    cherubimind.o(i.application_timers_start) refers to cherubimind.o(.constdata) for m_battery_timer_id
    cherubimind.o(i.battery_measurement_timeout_handler) refers to cherubimind_ble.o(i.battery_level_update) for battery_level_update
    cherubimind.o(i.heart_rate_meas_timeout_handler) refers to cherubimind_ble.o(i.rri_update) for rri_update
    cherubimind.o(i.heart_rate_meas_timeout_handler) refers to cherubimind_ble.o(i.hrm_update) for hrm_update
    cherubimind.o(i.saadc_callback) refers to nrf_drv_saadc.o(i.nrf_drv_saadc_buffer_convert) for nrf_drv_saadc_buffer_convert
    cherubimind.o(i.saadc_callback) refers to app_error.o(i.app_error_handler_bare) for app_error_handler_bare
    cherubimind.o(i.saadc_callback) refers to cherubimind_ble.o(i.data_send_by_nus) for data_send_by_nus
    cherubimind.o(i.saadc_callback) refers to cherubimind.o(.data) for pulse_data_index
    cherubimind.o(i.saadc_init) refers to nrf_drv_saadc.o(i.nrf_drv_saadc_init) for nrf_drv_saadc_init
    cherubimind.o(i.saadc_init) refers to app_error.o(i.app_error_handler_bare) for app_error_handler_bare
    cherubimind.o(i.saadc_init) refers to nrf_drv_saadc.o(i.nrf_drv_saadc_channel_init) for nrf_drv_saadc_channel_init
    cherubimind.o(i.saadc_init) refers to nrf_drv_saadc.o(i.nrf_drv_saadc_buffer_convert) for nrf_drv_saadc_buffer_convert
    cherubimind.o(i.saadc_init) refers to cherubimind.o(.constdata) for .constdata
    cherubimind.o(i.saadc_init) refers to cherubimind.o(i.saadc_callback) for saadc_callback
    cherubimind.o(i.saadc_init) refers to cherubimind.o(.bss) for m_buffer_pool
    cherubimind.o(i.saadc_sampling_event_enable) refers to nrf_drv_ppi.o(i.nrf_drv_ppi_channel_enable) for nrf_drv_ppi_channel_enable
    cherubimind.o(i.saadc_sampling_event_enable) refers to app_error.o(i.app_error_handler_bare) for app_error_handler_bare
    cherubimind.o(i.saadc_sampling_event_enable) refers to cherubimind.o(.data) for m_ppi_channel
    cherubimind.o(i.saadc_sampling_event_init) refers to nrf_drv_ppi.o(i.nrf_drv_ppi_init) for nrf_drv_ppi_init
    cherubimind.o(i.saadc_sampling_event_init) refers to app_error.o(i.app_error_handler_bare) for app_error_handler_bare
    cherubimind.o(i.saadc_sampling_event_init) refers to nrf_drv_timer.o(i.nrf_drv_timer_init) for nrf_drv_timer_init
    cherubimind.o(i.saadc_sampling_event_init) refers to nrf_drv_timer.o(i.nrf_drv_timer_extended_compare) for nrf_drv_timer_extended_compare
    cherubimind.o(i.saadc_sampling_event_init) refers to nrf_drv_timer.o(i.nrf_drv_timer_enable) for nrf_drv_timer_enable
    cherubimind.o(i.saadc_sampling_event_init) refers to nrf_drv_saadc.o(i.nrf_drv_saadc_sample_task_get) for nrf_drv_saadc_sample_task_get
    cherubimind.o(i.saadc_sampling_event_init) refers to nrf_drv_ppi.o(i.nrf_drv_ppi_channel_alloc) for nrf_drv_ppi_channel_alloc
    cherubimind.o(i.saadc_sampling_event_init) refers to nrf_drv_ppi.o(i.nrf_drv_ppi_channel_assign) for nrf_drv_ppi_channel_assign
[...]
    gcm_smd_evt_handler                      0x00023f6d   Thumb Code    24  gatt_cache_manager.o(i.gcm_smd_evt_handler)
    get_connection_by_conn_handle            0x00023f85   Thumb Code    50  id_manager.o(i.get_connection_by_conn_handle)
    get_free_connection                      0x00023fc1   Thumb Code    42  id_manager.o(i.get_free_connection)
    gscm_db_change_notification_done         0x00024075   Thumb Code    24  gatts_cache_manager.o(i.gscm_db_change_notification_done)
    gscm_init                                0x00024091   Thumb Code    16  gatts_cache_manager.o(i.gscm_init)
    gscm_local_database_has_changed          0x000240a5   Thumb Code    20  gatts_cache_manager.o(i.gscm_local_database_has_changed)
    gscm_local_db_cache_apply                0x000240bd   Thumb Code   144  gatts_cache_manager.o(i.gscm_local_db_cache_apply)
    gscm_local_db_cache_update               0x0002414d   Thumb Code   150  gatts_cache_manager.o(i.gscm_local_db_cache_update)
    gscm_pdb_evt_handler                     0x000241e5   Thumb Code    84  gatts_cache_manager.o(i.gscm_pdb_evt_handler)
    gscm_service_changed_ind_needed          0x0002423d   Thumb Code    36  gatts_cache_manager.o(i.gscm_service_changed_ind_needed)
    gscm_service_changed_ind_send            0x00024261   Thumb Code    54  gatts_cache_manager.o(i.gscm_service_changed_ind_send)
    hrm_update                               0x00024465   Thumb Code    70  cherubimind_ble.o(i.hrm_update)
    im_address_resolve                       0x000244b5   Thumb Code    76  id_manager.o(i.im_address_resolve)
    im_ble_addr_get                          0x00024501   Thumb Code    48  id_manager.o(i.im_ble_addr_get)
    im_ble_evt_handler                       0x00024535   Thumb Code   206  id_manager.o(i.im_ble_evt_handler)
    im_conn_handle_get                       0x00024605   Thumb Code    44  id_manager.o(i.im_conn_handle_get)
    im_init                                  0x00024635   Thumb Code    36  id_manager.o(i.im_init)
    im_is_duplicate_bonding_data             0x00024661   Thumb Code    68  id_manager.o(i.im_is_duplicate_bonding_data)
    im_master_id_is_valid                    0x000246a5   Thumb Code    34  id_manager.o(i.im_master_id_is_valid)
    im_master_ids_compare                    0x000246c7   Thumb Code    50  id_manager.o(i.im_master_ids_compare)
    im_new_peer_id                           0x000246f9   Thumb Code    16  id_manager.o(i.im_new_peer_id)
    im_pdb_evt_handler                       0x00024709   Thumb Code   124  id_manager.o(i.im_pdb_evt_handler)
    im_peer_free                             0x00024785   Thumb Code    42  id_manager.o(i.im_peer_free)
    im_peer_id_get_by_conn_handle            0x000247b1   Thumb Code    34  id_manager.o(i.im_peer_id_get_by_conn_handle)
    im_peer_id_get_by_master_id              0x000247d9   Thumb Code    64  id_manager.o(i.im_peer_id_get_by_master_id)
    intern_softdevice_events_execute         0x00024931   Thumb Code   158  softdevice_handler.o(i.intern_softdevice_events_execute)
    is_valid_irk                             0x00024bf1   Thumb Code    24  id_manager.o(i.is_valid_irk)
    main                                     0x000252e9   Thumb Code   126  main.o(i.main)
    new_connection                           0x000254bd   Thumb Code   104  id_manager.o(i.new_connection)
    next_id_get                              0x0002552d   Thumb Code    52  peer_id.o(i.next_id_get)
    nrf_drv_clock_init                       0x00025641   Thumb Code    94  nrf_drv_clock.o(i.nrf_drv_clock_init)
    nrf_drv_clock_on_sd_enable               0x000256a9   Thumb Code    46  nrf_drv_clock.o(i.nrf_drv_clock_on_sd_enable)
    nrf_drv_clock_on_soc_event               0x000256dd   Thumb Code    14  nrf_drv_clock.o(i.nrf_drv_clock_on_soc_event)
    nrf_drv_common_irq_enable                0x000256ed   Thumb Code    84  nrf_drv_common.o(i.nrf_drv_common_irq_enable)
    nrf_drv_gpiote_in_event_enable           0x00025761   Thumb Code   164  nrf_drv_gpiote.o(i.nrf_drv_gpiote_in_event_enable)
    nrf_drv_gpiote_in_init                   0x0002580d   Thumb Code   206  nrf_drv_gpiote.o(i.nrf_drv_gpiote_in_init)
    nrf_drv_gpiote_in_is_set                 0x000258e9   Thumb Code    20  nrf_drv_gpiote.o(i.nrf_drv_gpiote_in_is_set)
    nrf_drv_gpiote_init                      0x000258fd   Thumb Code    90  nrf_drv_gpiote.o(i.nrf_drv_gpiote_init)
    nrf_drv_gpiote_is_init                   0x0002595d   Thumb Code    16  nrf_drv_gpiote.o(i.nrf_drv_gpiote_is_init)
    nrf_drv_ppi_channel_alloc                0x00025985   Thumb Code   102  nrf_drv_ppi.o(i.nrf_drv_ppi_channel_alloc)
    nrf_drv_ppi_channel_assign               0x000259f5   Thumb Code    80  nrf_drv_ppi.o(i.nrf_drv_ppi_channel_assign)
    nrf_drv_ppi_channel_enable               0x00025a49   Thumb Code    56  nrf_drv_ppi.o(i.nrf_drv_ppi_channel_enable)
    nrf_drv_ppi_init                         0x00025a8d   Thumb Code    20  nrf_drv_ppi.o(i.nrf_drv_ppi_init)
    nrf_drv_saadc_buffer_convert             0x00025aa5   Thumb Code   192  nrf_drv_saadc.o(i.nrf_drv_saadc_buffer_convert)
    nrf_drv_saadc_channel_init               0x00025b69   Thumb Code    86  nrf_drv_saadc.o(i.nrf_drv_saadc_channel_init)
    nrf_drv_saadc_init                       0x00025bc5   Thumb Code   144  nrf_drv_saadc.o(i.nrf_drv_saadc_init)
    nrf_drv_saadc_sample_task_get            0x00025c61   Thumb Code    24  nrf_drv_saadc.o(i.nrf_drv_saadc_sample_task_get)
    nrf_drv_timer_compare                    0x00025c81   Thumb Code    56  nrf_drv_timer.o(i.nrf_drv_timer_compare)
    nrf_drv_timer_enable                     0x00025cb9   Thumb Code    30  nrf_drv_timer.o(i.nrf_drv_timer_enable)
    nrf_drv_timer_extended_compare           0x00025cdd   Thumb Code    66  nrf_drv_timer.o(i.nrf_drv_timer_extended_compare)
    nrf_drv_timer_init                       0x00025d21   Thumb Code   168  nrf_drv_timer.o(i.nrf_drv_timer_init)
    nrf_drv_uart_init                        0x00025dcd   Thumb Code   126  nrf_drv_uart.o(i.nrf_drv_uart_init)
    nrf_drv_uart_rx                          0x00025e51   Thumb Code   208  nrf_drv_uart.o(i.nrf_drv_uart_rx)
    nrf_drv_uart_rx_enable                   0x00025f25   Thumb Code    46  nrf_drv_uart.o(i.nrf_drv_uart_rx_enable)
    nrf_drv_uart_tx                          0x000260ed   Thumb Code    96  nrf_drv_uart.o(i.nrf_drv_uart_tx)
    nrf_drv_uart_tx_in_progress              0x00026259   Thumb Code    22  nrf_drv_uart.o(i.nrf_drv_uart_tx_in_progress)
    nrf_saadc_channel_init                   0x00026471   Thumb Code   108  nrf_saadc.o(i.nrf_saadc_channel_init)
    on_adv_evt                               0x0002664b   Thumb Code    50  cherubimind_ble.o(i.on_adv_evt)
    on_ble_evt                               0x0002667d   Thumb Code   330  cherubimind_ble.o(i.on_ble_evt)
    on_conn_params_evt                       0x000267cd   Thumb Code    38  cherubimind_ble.o(i.on_conn_params_evt)
    pdb_init                                 0x00026f31   Thumb Code    52  peer_database.o(i.pdb_init)
    pdb_next_deleted_peer_id_get             0x00026f75   Thumb Code    12  peer_database.o(i.pdb_next_deleted_peer_id_get)
    pdb_next_peer_id_get                     0x00026f81   Thumb Code    12  peer_database.o(i.pdb_next_peer_id_get)
    pdb_pds_evt_handler                      0x00026f8d   Thumb Code   436  peer_database.o(i.pdb_pds_evt_handler)
    pdb_peer_allocate                        0x00027149   Thumb Code     8  peer_database.o(i.pdb_peer_allocate)
    pdb_peer_data_ptr_get                    0x00027151   Thumb Code    22  peer_database.o(i.pdb_peer_data_ptr_get)
    pdb_peer_free                            0x00027167   Thumb Code    88  peer_database.o(i.pdb_peer_free)
    pdb_raw_store                            0x000271bf   Thumb Code    22  peer_database.o(i.pdb_raw_store)
    pdb_write_buf_get                        0x000271d5   Thumb Code   302  peer_database.o(i.pdb_write_buf_get)
    pdb_write_buf_release                    0x00027309   Thumb Code    54  peer_database.o(i.pdb_write_buf_release)
    pdb_write_buf_store                      0x00027341   Thumb Code   252  peer_database.o(i.pdb_write_buf_store)
    pdb_write_buf_store_prepare              0x00027445   Thumb Code   116  peer_database.o(i.pdb_write_buf_store_prepare)
    pds_init                                 0x000274dd   Thumb Code    46  peer_data_storage.o(i.pds_init)
    pds_next_deleted_peer_id_get             0x00027515   Thumb Code    12  peer_data_storage.o(i.pds_next_deleted_peer_id_get)
    pds_next_peer_id_get                     0x00027521   Thumb Code    12  peer_data_storage.o(i.pds_next_peer_id_get)
    pds_peer_data_iterate                    0x0002752d   Thumb Code    88  peer_data_storage.o(i.pds_peer_data_iterate)
    pds_peer_data_iterate_prepare            0x00027589   Thumb Code    10  peer_data_storage.o(i.pds_peer_data_iterate_prepare)
    pds_peer_data_read                       0x00027599   Thumb Code   136  peer_data_storage.o(i.pds_peer_data_read)
    pds_peer_data_store                      0x00027621   Thumb Code   186  peer_data_storage.o(i.pds_peer_data_store)
    pds_peer_id_allocate                     0x000276db   Thumb Code    12  peer_data_storage.o(i.pds_peer_id_allocate)
    pds_peer_id_free                         0x000276e7   Thumb Code    30  peer_data_storage.o(i.pds_peer_id_free)
    pds_peer_id_is_allocated                 0x00027705   Thumb Code    12  peer_data_storage.o(i.pds_peer_id_is_allocated)
    pds_space_reserve                        0x00027711   Thumb Code    60  peer_data_storage.o(i.pds_space_reserve)
    pds_space_reserve_cancel                 0x0002774d   Thumb Code    20  peer_data_storage.o(i.pds_space_reserve_cancel)
    peer_id_allocate                         0x000278a9   Thumb Code    14  peer_id.o(i.peer_id_allocate)
    peer_id_delete                           0x000278bd   Thumb Code    38  peer_id.o(i.peer_id_delete)
    peer_id_free                             0x000278e9   Thumb Code    24  peer_id.o(i.peer_id_free)
    peer_id_get_next_deleted                 0x00027905   Thumb Code    14  peer_id.o(i.peer_id_get_next_deleted)
    peer_id_get_next_used                    0x00027919   Thumb Code    50  peer_id.o(i.peer_id_get_next_used)
    peer_id_init                             0x00027951   Thumb Code    32  peer_id.o(i.peer_id_init)
    peer_id_is_allocated                     0x00027975   Thumb Code    22  peer_id.o(i.peer_id_is_allocated)
    peer_id_is_deleted                       0x00027991   Thumb Code    22  peer_id.o(i.peer_id_is_deleted)
    peer_manager_init                        0x00027a21   Thumb Code   258  cherubimind_ble.o(i.peer_manager_init)
    pm_buffer_block_acquire                  0x00027b89   Thumb Code    98  pm_buffer.o(i.pm_buffer_block_acquire)
    pm_buffer_init                           0x00027beb   Thumb Code    78  pm_buffer.o(i.pm_buffer_init)
    pm_buffer_ptr_get                        0x00027c39   Thumb Code    48  pm_buffer.o(i.pm_buffer_ptr_get)
    pm_buffer_release                        0x00027c69   Thumb Code    40  pm_buffer.o(i.pm_buffer_release)
    pm_conn_sec_config_reply                 0x00027c91   Thumb Code    16  peer_manager.o(i.pm_conn_sec_config_reply)
    pm_evt_handler                           0x00027ca1   Thumb Code   196  cherubimind_ble.o(i.pm_evt_handler)
    pm_gcm_evt_handler                       0x00027d65   Thumb Code   190  peer_manager.o(i.pm_gcm_evt_handler)
    pm_im_evt_handler                        0x00027e25   Thumb Code    82  peer_manager.o(i.pm_im_evt_handler)
    pm_init                                  0x00027e7d   Thumb Code   146  peer_manager.o(i.pm_init)
    pm_local_database_has_changed            0x00027f21   Thumb Code    22  peer_manager.o(i.pm_local_database_has_changed)
    pm_mutex_init                            0x00027f3d   Thumb Code    20  pm_mutex.o(i.pm_mutex_init)
    pm_mutex_lock                            0x00027f51   Thumb Code    32  pm_mutex.o(i.pm_mutex_lock)
    pm_mutex_lock_first_available            0x00027f71   Thumb Code    48  pm_mutex.o(i.pm_mutex_lock_first_available)
    pm_mutex_lock_status_get                 0x00027fa1   Thumb Code    36  pm_mutex.o(i.pm_mutex_lock_status_get)
    pm_mutex_unlock                          0x00027fc5   Thumb Code    56  pm_mutex.o(i.pm_mutex_unlock)
    pm_on_ble_evt                            0x00027ffd   Thumb Code    38  peer_manager.o(i.pm_on_ble_evt)
    pm_pdb_evt_handler                       0x00028029   Thumb Code   440  peer_manager.o(i.pm_pdb_evt_handler)
    pm_peer_delete                           0x000281f1   Thumb Code    26  peer_manager.o(i.pm_peer_delete)
    pm_peers_delete                          0x00028211   Thumb Code    70  peer_manager.o(i.pm_peers_delete)
    pm_register                              0x00028261   Thumb Code    52  peer_manager.o(i.pm_register)
    pm_sec_params_set                        0x000282a1   Thumb Code    30  peer_manager.o(i.pm_sec_params_set)
    pm_sm_evt_handler                        0x000282c5   Thumb Code   424  peer_manager.o(i.pm_sm_evt_handler)
    rri_update                               0x00028a95   Thumb Code   102  cherubimind_ble.o(i.rri_update)
    saadc_init                               0x00028df9   Thumb Code   126  cherubimind.o(i.saadc_init)
    saadc_sampling_event_enable              0x00028e85   Thumb Code    32  cherubimind.o(i.saadc_sampling_event_enable)
    saadc_sampling_event_init                0x00028ea9   Thumb Code   230  cherubimind.o(i.saadc_sampling_event_init)
    sdk_mapped_flags_bulk_update_by_key      0x000290ad   Thumb Code   118  sdk_mapped_flags.o(i.sdk_mapped_flags_bulk_update_by_key)
    sdk_mapped_flags_first_key_index_get     0x00029123   Thumb Code    36  sdk_mapped_flags.o(i.sdk_mapped_flags_first_key_index_get)
    sdk_mapped_flags_get_by_key              0x00029159   Thumb Code    46  sdk_mapped_flags.o(i.sdk_mapped_flags_get_by_key)
    sdk_mapped_flags_key_list_get            0x00029187   Thumb Code    66  sdk_mapped_flags.o(i.sdk_mapped_flags_key_list_get)
    sdk_mapped_flags_update_by_key           0x000291c9   Thumb Code    26  sdk_mapped_flags.o(i.sdk_mapped_flags_update_by_key)
    services_init                            0x000296f9   Thumb Code   420  cherubimind_ble.o(i.services_init)
    sleep_mode_enter                         0x000299b5   Thumb Code    76  cherubimind_ble.o(i.sleep_mode_enter)
    sm_ble_evt_handler                       0x00029a01   Thumb Code    20  security_manager.o(i.sm_ble_evt_handler)
    sm_conn_sec_config_reply                 0x00029a19   Thumb Code    30  security_manager.o(i.sm_conn_sec_config_reply)
    sm_init                                  0x00029a3d   Thumb Code    66  security_manager.o(i.sm_init)
    sm_pdb_evt_handler                       0x00029aa1   Thumb Code    80  security_manager.o(i.sm_pdb_evt_handler)
    sm_sec_params_set                        0x00029b01   Thumb Code    46  security_manager.o(i.sm_sec_params_set)
    sm_smd_evt_handler                       0x00029b39   Thumb Code   156  security_manager.o(i.sm_smd_evt_handler)
    smd_ble_evt_handler                      0x00029bdd   Thumb Code    88  security_dispatcher.o(i.smd_ble_evt_handler)
    smd_init                                 0x00029c35   Thumb Code    58  security_dispatcher.o(i.smd_init)
    smd_link_secure                          0x00029c81   Thumb Code    56  security_dispatcher.o(i.smd_link_secure)
    smd_params_reply                         0x00029cb9   Thumb Code   284  security_dispatcher.o(i.smd_params_reply)
    smd_pdb_evt_handler                      0x00029e69   Thumb Code    48  security_dispatcher.o(i.smd_pdb_evt_handler)
    softdevice_ble_evt_handler_set           0x00029e9d   Thumb Code    20  softdevice_handler.o(i.softdevice_ble_evt_handler_set)
    softdevice_enable                        0x00029eb5   Thumb Code    34  softdevice_handler.o(i.softdevice_enable)
    softdevice_enable_get_default_config     0x00029edd   Thumb Code    44  softdevice_handler.o(i.softdevice_enable_get_default_config)
    softdevice_fault_handler                 0x00029f09   Thumb Code    20  softdevice_handler.o(i.softdevice_fault_handler)
    softdevice_handler_init                  0x00029f1d   Thumb Code   134  softdevice_handler.o(i.softdevice_handler_init)
    softdevice_handler_is_enabled            0x00029fb9   Thumb Code     6  softdevice_handler.o(i.softdevice_handler_is_enabled)
    softdevice_sys_evt_handler_set           0x00029fc5   Thumb Code    20  softdevice_handler.o(i.softdevice_sys_evt_handler_set)
    sys_evt_dispatch                         0x0002a043   Thumb Code    18  cherubimind_ble.o(i.sys_evt_dispatch)
    timers_init                              0x0002a315   Thumb Code   100  cherubimind.o(i.timers_init)
    uart_event_handle                        0x0002a4f9   Thumb Code   648  cherubimind.o(i.uart_event_handle)
    uart_init                                0x0002a8b9   Thumb Code    74  cherubimind.o(i.uart_init)
    Region$$Table$$Base                      0x0002b3e0   Number         0  anon$$obj.o(Region$$Table)
    Region$$Table$$Limit                     0x0002b400   Number         0  anon$$obj.o(Region$$Table)
    Image$$RW_IRAM1$$Base                    0x20002128   Number         0  anon$$obj.o ABSOLUTE
    m_conn_handle                            0x2000215c   Data           2  cherubimind_ble.o(.data)
    m_adv_uuids                              0x2000215e   Data          16  cherubimind_ble.o(.data)
    SystemCoreClock                          0x200022b4   Data           4  system_nrf52.o(.data)
    fs_data$$Base                            0x200022b8   Number         0  fds.o(fs_data)
    fs_data$$Limit                           0x200022c8   Number         0  fds.o(fs_data)
    nrf_nvic_state                           0x20002dbc   Data          12  app_util_platform.o(.bss)
    _SEGGER_RTT                              0x20002fbc   Data         120  segger_rtt.o(.bss)
    __initial_sp                             0x20005038   Data           0  arm_startup_nrf52.o(STACK)



==============================================================================

Memory Map of the image

  Image Entry point : 0x0001f401

  Load Region LR_IROM1 (Base: 0x0001f000, Size: 0x0000c5a0, Max: 0x00061000, ABSOLUTE, COMPRESSED[0x0000c458])

    Execution Region ER_IROM1 (Base: 0x0001f000, Size: 0x0000c400, Max: 0x00061000, ABSOLUTE)

    Base Addr    Size         Type   Attr      Idx    E Section Name        Object

    0x0001f000   0x00000400   Data   RO         6352    RESET               arm_startup_nrf52.o
    0x0001f400   0x00000000   Code   RO         6433  * .ARM.Collect$$$$00000000  mc_w.l(entry.o)
    0x0001f400   0x00000004   Code   RO         6459    .ARM.Collect$$$$00000001  mc_w.l(entry2.o)
    0x0001f404   0x00000004   Code   RO         6462    .ARM.Collect$$$$00000004  mc_w.l(entry5.o)
    0x0001f408   0x00000000   Code   RO         6464    .ARM.Collect$$$$00000008  mc_w.l(entry7b.o)
    0x0001f408   0x00000000   Code   RO         6466    .ARM.Collect$$$$0000000A  mc_w.l(entry8b.o)
    0x0001f408   0x00000008   Code   RO         6467    .ARM.Collect$$$$0000000B  mc_w.l(entry9a.o)
    0x0001f410   0x00000000   Code   RO         6469    .ARM.Collect$$$$0000000D  mc_w.l(entry10a.o)
    0x0001f410   0x00000000   Code   RO         6471    .ARM.Collect$$$$0000000F  mc_w.l(entry11a.o)
    0x0001f410   0x00000004   Code   RO         6460    .ARM.Collect$$$$00002712  mc_w.l(entry2.o)
    0x0001f414   0x00000024   Code   RO         6353    .text               arm_startup_nrf52.o
    0x0001f438   0x00000040   Code   RO         6443    .text               mc_w.l(memmovea.o)
    0x0001f478   0x00000024   Code   RO         6445    .text               mc_w.l(memseta.o)
    0x0001f49c   0x0000000e   Code   RO         6447    .text               mc_w.l(strlen.o)
    0x0001f4aa   0x0000001a   Code   RO         6451    .text               mc_w.l(memcmp.o)
    0x0001f4c4   0x00000012   Code   RO         6453    .text               mc_w.l(strcpy.o)
    0x0001f4d6   0x00000002   PAD
    0x0001f4d8   0x00000024   Code   RO         6475    .text               mc_w.l(init.o)
    0x0001f4fc   0x00000056   Code   RO         6485    .text               mc_w.l(__dczerorl2.o)
    0x0001f552   0x00000002   PAD
    0x0001f554   0x00000238   Code   RO         3490    i.GPIOTE_IRQHandler  nrf_drv_gpiote.o
    0x0001f78c   0x00000018   Code   RO         4708    i.NVIC_ClearPendingIRQ  app_timer.o
    0x0001f7a4   0x00000018   Code   RO         6205    i.NVIC_DisableIRQ   softdevice_handler.o
    0x0001f7bc   0x00000016   Code   RO         4709    i.NVIC_EnableIRQ    app_timer.o
    0x0001f7d2   0x00000016   Code   RO         6206    i.NVIC_EnableIRQ    softdevice_handler.o
    0x0001f7e8   0x00000018   Code   RO         4710    i.NVIC_SetPendingIRQ  app_timer.o
    0x0001f800   0x00000028   Code   RO         4711    i.NVIC_SetPriority  app_timer.o
    0x0001f828   0x00000050   Code   RO         3241    i.POWER_CLOCK_IRQHandler  nrf_drv_clock.o
    0x0001f878   0x00000034   Code   RO         4712    i.RTC1_IRQHandler   app_timer.o
    0x0001f8ac   0x00000200   Code   RO         4244    i.SAADC_IRQHandler  nrf_drv_saadc.o
    0x0001faac   0x00000044   Code   RO         6013    i.SEGGER_RTT_Write  segger_rtt.o
    0x0001faf0   0x00000084   Code   RO         6014    i.SEGGER_RTT_WriteNoLock  segger_rtt.o
    0x0001fb74   0x0000001a   Code   RO         6016    i.SEGGER_RTT_WriteString  segger_rtt.o
    0x0001fb8e   0x0000001a   Code   RO         6152    i.SEGGER_RTT_printf  segger_rtt_printf.o
    0x0001fba8   0x0000020a   Code   RO         6153    i.SEGGER_RTT_vprintf  segger_rtt_printf.o
    0x0001fdb2   0x00000008   Code   RO         4713    i.SWI0_EGU0_IRQHandler  app_timer.o
    0x0001fdba   0x00000002   PAD
    0x0001fdbc   0x00000030   Code   RO         6207    i.SWI2_EGU2_IRQHandler  softdevice_handler.o
    0x0001fdec   0x00000010   Code   RO         6360    i.SystemCoreClockUpdate  system_nrf52.o
    0x0001fdfc   0x0000024c   Code   RO         6361    i.SystemInit        system_nrf52.o
    0x00020048   0x00000018   Code   RO         4389    i.TIMER0_IRQHandler  nrf_drv_timer.o
    0x00020060   0x00000024   Code   RO         3777    i.UARTE0_UART0_IRQHandler  nrf_drv_uart.o
    0x00020084   0x0000006c   Code   RO         6017    i._DoInit           segger_rtt.o
    0x000200f0   0x0000001c   Code   RO         6018    i._GetAvailWriteSpace  segger_rtt.o
    0x0002010c   0x000000ec   Code   RO         6154    i._PrintInt         segger_rtt_printf.o
    0x000201f8   0x000000ec   Code   RO         6155    i._PrintUnsigned    segger_rtt_printf.o
    0x000202e4   0x00000044   Code   RO         6156    i._StoreChar        segger_rtt_printf.o
    0x00020328   0x00000072   Code   RO         6020    i._WriteBlocking    segger_rtt.o
    0x0002039a   0x0000004c   Code   RO         6021    i._WriteNoCheck     segger_rtt.o
    0x000203e6   0x0000000e   Code   RO         6479    i.__scatterload_copy  mc_w.l(handlers.o)
    0x000203f4   0x00000002   Code   RO         6480    i.__scatterload_null  mc_w.l(handlers.o)
    0x000203f6   0x0000000e   Code   RO         6481    i.__scatterload_zeroinit  mc_w.l(handlers.o)
    0x00020404   0x00000038   Code   RO         6208    i.__sd_nvic_app_accessible_irq  softdevice_handler.o
    0x0002043c   0x0000000c   Code   RO         4928    i.__sd_nvic_irq_disable  app_util_platform.o
    0x00020448   0x00000032   Code   RO         1674    i.addr_compare      id_manager.o
    0x0002047a   0x00000018   Code   RO         1011    i.addr_is_valid     ble_advertising.o
    0x00020492   0x00000002   PAD
    0x00020494   0x0000002c   Code   RO         5017    i.address_is_valid  fds.o
    0x000204c0   0x0000016c   Code   RO          904    i.adv_data_encode   ble_advdata.o
    0x0002062c   0x00000060   Code   RO         1012    i.adv_mode_next_avail_get  ble_advertising.o
    0x0002068c   0x00000012   Code   RO         1013    i.adv_mode_next_get  ble_advertising.o
    0x0002069e   0x00000012   Code   RO          905    i.advdata_check     ble_advdata.o
    0x000206b0   0x00000054   Code   RO          812    i.advertising_buttons_configure  bsp_btn_ble.o
    0x00020704   0x000000b8   Code   RO          428    i.advertising_init  cherubimind_ble.o
    0x000207bc   0x0000001e   Code   RO          429    i.advertising_start  cherubimind_ble.o
    0x000207da   0x00000056   Code   RO         1675    i.ah                id_manager.o
    0x00020830   0x0000000c   Code   RO          703    i.alert_timer_handler  bsp.o
    0x0002083c   0x0000002c   Code   RO         4576    i.app_button_enable  app_button.o
    0x00020868   0x000000a8   Code   RO         4577    i.app_button_init   app_button.o
    0x00020910   0x00000044   Code   RO         4677    i.app_error_fault_handler  app_error_weak.o
    0x00020954   0x0000001c   Code   RO         4638    i.app_error_handler_bare  app_error.o
    0x00020970   0x0000001e   Code   RO         5786    i.app_fifo_get      app_fifo.o
    0x0002098e   0x00000024   Code   RO         5787    i.app_fifo_init     app_fifo.o
    0x000209b2   0x00000022   Code   RO         5789    i.app_fifo_put      app_fifo.o
    0x000209d4   0x0000003c   Code   RO         4716    i.app_timer_create  app_timer.o
    0x00020a10   0x0000008c   Code   RO         4717    i.app_timer_init    app_timer.o
    0x00020a9c   0x00000054   Code   RO         4718    i.app_timer_start   app_timer.o
    0x00020af0   0x00000030   Code   RO         4719    i.app_timer_stop    app_timer.o
    0x00020b20   0x00000054   Code   RO         5713    i.app_uart_get      app_uart_fifo.o
    0x00020b74   0x000000e8   Code   RO         5714    i.app_uart_init     app_uart_fifo.o
    0x00020c5c   0x0000000c   Code   RO         4929    i.app_util_critical_region_enter  app_util_platform.o
    0x00020c68   0x00000048   Code   RO         4930    i.app_util_critical_region_exit  app_util_platform.o
    0x00020cb0   0x00000052   Code   RO          906    i.appearance_encode  ble_advdata.o
    0x00020d02   0x00000002   PAD
    0x00020d04   0x00000050   Code   RO          294    i.application_timers_start  cherubimind.o
    0x00020d54   0x000000e4   Code   RO         3778    i.apply_config      nrf_drv_uart.o
    0x00020e38   0x00000058   Code   RO         1448    i.apply_pending_flags_check  gatt_cache_manager.o
    0x00020e90   0x00000014   Code   RO         4083    i.are_app_channels  nrf_drv_ppi.o
    0x00020ea4   0x00000014   Code   RO         2722    i.auth_status_failure_process  security_dispatcher.o
    0x00020eb8   0x0000001c   Code   RO         2723    i.auth_status_process  security_dispatcher.o
    0x00020ed4   0x000000bc   Code   RO         2724    i.auth_status_success_process  security_dispatcher.o
    0x00020f90   0x000001d4   Code   RO         3008    i.battery_level_char_add  ble_bas.o
    0x00021164   0x00000044   Code   RO          431    i.battery_level_update  cherubimind_ble.o
    0x000211a8   0x0000000a   Code   RO          295    i.battery_measurement_timeout_handler  cherubimind.o
    0x000211b2   0x00000094   Code   RO          907    i.ble_advdata_set   ble_advdata.o
    0x00021246   0x00000002   PAD
    0x00021248   0x00000174   Code   RO         1014    i.ble_advertising_init  ble_advertising.o
    0x000213bc   0x00000032   Code   RO         1015    i.ble_advertising_on_ble_evt  ble_advertising.o
    0x000213ee   0x00000002   PAD
    0x000213f0   0x0000004c   Code   RO         1016    i.ble_advertising_on_sys_evt  ble_advertising.o
    0x0002143c   0x00000058   Code   RO         1018    i.ble_advertising_restart_without_whitelist  ble_advertising.o
    0x00021494   0x00000168   Code   RO         1019    i.ble_advertising_start  ble_advertising.o
    0x000215fc   0x0000008c   Code   RO         3009    i.ble_bas_battery_level_update  ble_bas.o
    0x00021688   0x0000004c   Code   RO         3010    i.ble_bas_init      ble_bas.o
    0x000216d4   0x00000042   Code   RO         3011    i.ble_bas_on_ble_evt  ble_bas.o
    0x00021716   0x00000002   PAD
    0x00021718   0x00000070   Code   RO         1135    i.ble_conn_params_init  ble_conn_params.o
    0x00021788   0x0000003e   Code   RO         1136    i.ble_conn_params_on_ble_evt  ble_conn_params.o
    0x000217c6   0x00000002   PAD
    0x000217c8   0x00000018   Code   RO         1224    i.ble_conn_state_conn_handles  ble_conn_state.o
    0x000217e0   0x00000018   Code   RO         1225    i.ble_conn_state_encrypted  ble_conn_state.o
    0x000217f8   0x00000018   Code   RO         1227    i.ble_conn_state_mitm_protected  ble_conn_state.o
    0x00021810   0x0000009c   Code   RO         1231    i.ble_conn_state_on_ble_evt  ble_conn_state.o
    0x000218ac   0x00000038   Code   RO         1233    i.ble_conn_state_role  ble_conn_state.o
    0x000218e4   0x00000024   Code   RO         1235    i.ble_conn_state_user_flag_acquire  ble_conn_state.o
    0x00021908   0x0000001c   Code   RO         1236    i.ble_conn_state_user_flag_collection  ble_conn_state.o
    0x00021924   0x00000024   Code   RO         1237    i.ble_conn_state_user_flag_get  ble_conn_state.o
    0x00021948   0x00000024   Code   RO         1238    i.ble_conn_state_user_flag_set  ble_conn_state.o
    0x0002196c   0x00000076   Code   RO          908    i.ble_device_addr_encode  ble_advdata.o
    0x000219e2   0x00000002   PAD
    0x000219e4   0x00000050   Code   RO          432    i.ble_evt_dispatch  cherubimind_ble.o
    0x00021a34   0x00000062   Code   RO         3127    i.ble_hrs_heart_rate_measurement_send  ble_hrs.o
    0x00021a96   0x0000006e   Code   RO         3128    i.ble_hrs_init      ble_hrs.o
    0x00021b04   0x0000003a   Code   RO         3129    i.ble_hrs_on_ble_evt  ble_hrs.o
    0x00021b3e   0x0000003a   Code   RO         3131    i.ble_hrs_rr_interval_add  ble_hrs.o
    0x00021b78   0x00000094   Code   RO         3064    i.ble_nus_init      ble_nus.o
    0x00021c0c   0x00000042   Code   RO         3065    i.ble_nus_on_ble_evt  ble_nus.o
    0x00021c4e   0x00000056   Code   RO         3066    i.ble_nus_string_send  ble_nus.o
    0x00021ca4   0x00000012   Code   RO         1382    i.ble_srv_is_notification_enabled  ble_srv_common.o
    0x00021cb6   0x0000003c   Code   RO         1383    i.ble_srv_report_ref_encode  ble_srv_common.o
    0x00021cf2   0x00000002   PAD
    0x00021cf4   0x000000b4   Code   RO          433    i.ble_stack_init    cherubimind_ble.o
    0x00021da8   0x000000b4   Code   RO         3135    i.body_sensor_location_char_add  ble_hrs.o
    0x00021e5c   0x0000000c   Code   RO          592    i.bsp_board_button_idx_to_pin  boards.o
    0x00021e68   0x00000030   Code   RO          593    i.bsp_board_button_state_get  boards.o
    0x00021e98   0x00000030   Code   RO          596    i.bsp_board_led_invert  boards.o
    0x00021ec8   0x00000014   Code   RO          597    i.bsp_board_led_off  boards.o
    0x00021edc   0x00000014   Code   RO          598    i.bsp_board_led_on  boards.o
    0x00021ef0   0x00000030   Code   RO          599    i.bsp_board_led_state_get  boards.o
    0x00021f20   0x00000030   Code   RO          600    i.bsp_board_leds_init  boards.o
    0x00021f50   0x00000014   Code   RO          601    i.bsp_board_leds_off  boards.o
    0x00021f64   0x00000014   Code   RO          602    i.bsp_board_leds_on  boards.o
    0x00021f78   0x00000024   Code   RO          603    i.bsp_board_pin_to_button_idx  boards.o
    0x00021f9c   0x0000002c   Code   RO          813    i.bsp_btn_ble_init  bsp_btn_ble.o
    0x00021fc8   0x00000078   Code   RO          814    i.bsp_btn_ble_on_ble_evt  bsp_btn_ble.o
    0x00022040   0x00000032   Code   RO          815    i.bsp_btn_ble_sleep_mode_prepare  bsp_btn_ble.o
    0x00022072   0x00000002   PAD
    0x00022074   0x000000d0   Code   RO          704    i.bsp_button_event_handler  bsp.o
    0x00022144   0x0000000c   Code   RO          705    i.bsp_button_is_pressed  bsp.o
    0x00022150   0x0000006c   Code   RO          434    i.bsp_event_handler  cherubimind_ble.o
    0x000221bc   0x0000005c   Code   RO          708    i.bsp_event_to_button_action_assign  bsp.o
    0x00022218   0x00000020   Code   RO          709    i.bsp_indication_set  bsp.o
    0x00022238   0x000000b4   Code   RO          710    i.bsp_init          bsp.o
    0x000222ec   0x00000320   Code   RO          711    i.bsp_led_indication  bsp.o
    0x0002260c   0x00000016   Code   RO          713    i.bsp_wakeup_button_enable  bsp.o
    0x00022622   0x0000000e   Code   RO          714    i.button_timer_handler  bsp.o
    0x00022630   0x00000058   Code   RO          435    i.buttons_leds_init  cherubimind_ble.o
    0x00022688   0x00000020   Code   RO         1449    i.cccd_written      gatt_cache_manager.o
    0x000226a8   0x00000020   Code   RO         3491    i.channel_free      nrf_drv_gpiote.o
    0x000226c8   0x00000010   Code   RO         3492    i.channel_handler_get  nrf_drv_gpiote.o
    0x000226d8   0x00000080   Code   RO         3493    i.channel_port_alloc  nrf_drv_gpiote.o
    0x00022758   0x0000000c   Code   RO         3494    i.channel_port_get  nrf_drv_gpiote.o
    0x00022764   0x00000020   Code   RO         5443    i.check_config      fstorage.o
    0x00022784   0x00000022   Code   RO         5018    i.chunk_is_aligned  fds.o
    0x000227a6   0x00000002   PAD
    0x000227a8   0x00000030   Code   RO         5019    i.chunk_queue_get_and_advance  fds.o
    0x000227d8   0x00000020   Code   RO         5020    i.chunk_queue_next  fds.o
    0x000227f8   0x0000002c   Code   RO         5021    i.chunk_queue_skip  fds.o
    0x00022824   0x0000004a   Code   RO         2255    i.claim             peer_id.o
    0x0002286e   0x00000002   PAD
    0x00022870   0x00000030   Code   RO         3242    i.clock_clk_started_notify  nrf_drv_clock.o
    0x000228a0   0x00000090   Code   RO         4721    i.compare_reg_update  app_timer.o
    0x00022930   0x0000005a   Code   RO          909    i.conn_int_check    ble_advdata.o
    0x0002298a   0x00000068   Code   RO          910    i.conn_int_encode   ble_advdata.o
    0x000229f2   0x00000010   Code   RO          436    i.conn_params_error_handler  cherubimind_ble.o
    0x00022a02   0x00000002   PAD
    0x00022a04   0x0000005c   Code   RO          437    i.conn_params_init  cherubimind_ble.o
    0x00022a60   0x00000084   Code   RO         1138    i.conn_params_negotiation  ble_conn_params.o
    0x00022ae4   0x00000058   Code   RO         2725    i.conn_sec_update_process  security_dispatcher.o
    0x00022b3c   0x00000054   Code   RO          816    i.connection_buttons_configure  bsp_btn_ble.o
    0x00022b90   0x00000018   Code   RO          438    i.data_send_by_nus  cherubimind_ble.o
    0x00022ba8   0x0000004a   Code   RO         5022    i.delete_execute    fds.o
    0x00022bf2   0x00000002   PAD
    0x00022bf4   0x0000008c   Code   RO         4579    i.detection_delay_timeout_handler  app_button.o
    0x00022c80   0x00000022   Code   RO         2726    i.disconnect_process  security_dispatcher.o
    0x00022ca2   0x00000002   PAD
    0x00022ca4   0x00000064   Code   RO         4722    i.elapsed_ticks_acquire  app_timer.o
    0x00022d08   0x00000038   Code   RO         2727    i.encryption_failure  security_dispatcher.o
    0x00022d40   0x0000000a   Code   RO         5444    i.erase_execute     fstorage.o
    0x00022d4a   0x00000002   PAD
    0x00022d4c   0x00000054   Code   RO         6362    i.errata_108        system_nrf52.o
    0x00022da0   0x00000030   Code   RO         6363    i.errata_16         system_nrf52.o
    0x00022dd0   0x00000054   Code   RO         6364    i.errata_31         system_nrf52.o
    0x00022e24   0x00000030   Code   RO         6365    i.errata_32         system_nrf52.o
    0x00022e54   0x00000054   Code   RO         6366    i.errata_36         system_nrf52.o
    0x00022ea8   0x00000030   Code   RO         6367    i.errata_37         system_nrf52.o
    0x00022ed8   0x00000030   Code   RO         6368    i.errata_57         system_nrf52.o
    0x00022f08   0x00000030   Code   RO         6369    i.errata_66         system_nrf52.o
    0x00022f38   0x00000076   Code   RO         5024    i.event_prepare     fds.o
    0x00022fae   0x00000002   PAD
    0x00022fb0   0x00000028   Code   RO         5025    i.event_send        fds.o
    0x00022fd8   0x00000042   Code   RO         2872    i.events_send_from_err_code  security_manager.o
    0x0002301a   0x00000002   PAD
    0x0002301c   0x00000020   Code   RO         1450    i.evt_send          gatt_cache_manager.o
    0x0002303c   0x00000020   Code   RO         1584    i.evt_send          gatts_cache_manager.o
    0x0002305c   0x00000020   Code   RO         1676    i.evt_send          id_manager.o
    0x0002307c   0x00000028   Code   RO         2350    i.evt_send          peer_manager.o
    0x000230a4   0x00000020   Code   RO         2728    i.evt_send          security_dispatcher.o
    0x000230c4   0x00000020   Code   RO         2873    i.evt_send          security_manager.o
    0x000230e4   0x00000058   Code   RO         4723    i.expired_timers_handler  app_timer.o
    0x0002313c   0x0000013c   Code   RO         1908    i.fds_evt_handler   peer_data_storage.o
    0x00023278   0x00000048   Code   RO         5027    i.fds_file_delete   fds.o
    0x000232c0   0x00000040   Code   RO         5028    i.fds_gc            fds.o
    0x00023300   0x000000b2   Code   RO         5029    i.fds_init          fds.o
    0x000233b2   0x00000002   PAD
    0x000233b4   0x00000058   Code   RO         5030    i.fds_record_close  fds.o
    0x0002340c   0x00000016   Code   RO         5032    i.fds_record_find   fds.o
    0x00023422   0x00000014   Code   RO         5033    i.fds_record_find_by_key  fds.o
    0x00023436   0x00000014   Code   RO         5034    i.fds_record_find_in_file  fds.o
    0x0002344a   0x00000012   Code   RO         5035    i.fds_record_id_from_desc  fds.o
    0x0002345c   0x0000004c   Code   RO         5037    i.fds_record_open   fds.o
    0x000234a8   0x0000001a   Code   RO         5038    i.fds_record_update  fds.o
    0x000234c2   0x00000014   Code   RO         5039    i.fds_record_write  fds.o
    0x000234d6   0x0000001c   Code   RO         5040    i.fds_record_write_reserved  fds.o
    0x000234f2   0x00000002   PAD
    0x000234f4   0x00000030   Code   RO         5041    i.fds_register      fds.o
    0x00023524   0x00000030   Code   RO         5042    i.fds_reserve       fds.o
    0x00023554   0x00000050   Code   RO         5043    i.fds_reserve_cancel  fds.o
    0x000235a4   0x00000018   Code   RO         5792    i.fifo_get          app_fifo.o
    0x000235bc   0x0000000a   Code   RO         5716    i.fifo_length       app_uart_fifo.o
    0x000235c6   0x0000000a   Code   RO         5793    i.fifo_length       app_fifo.o
    0x000235d0   0x00000012   Code   RO         5794    i.fifo_peek         app_fifo.o
    0x000235e2   0x00000012   Code   RO         5795    i.fifo_put          app_fifo.o
    0x000235f4   0x00000040   Code   RO         5045    i.file_find_and_delete  fds.o
    0x00023634   0x0000000a   Code   RO         1909    i.file_id_to_peer_id  peer_data_storage.o
    0x0002363e   0x00000018   Code   RO         1910    i.file_id_within_pm_range  peer_data_storage.o
    0x00023656   0x00000002   PAD
    0x00023658   0x00000010   Code   RO         5046    i.flag_clear        fds.o
    0x00023668   0x00000012   Code   RO         2729    i.flag_id_init      security_dispatcher.o
    0x0002367a   0x00000012   Code   RO         2874    i.flag_id_init      security_manager.o
    0x0002368c   0x00000018   Code   RO         5047    i.flag_is_set       fds.o
    0x000236a4   0x00000010   Code   RO         5048    i.flag_set          fds.o
    0x000236b4   0x00000036   Code   RO          911    i.flags_encode      ble_advdata.o
    0x000236ea   0x00000002   PAD
    0x000236ec   0x0000009c   Code   RO         2875    i.flags_set_from_err_code  security_manager.o
    0x00023788   0x00000014   Code   RO         1021    i.flash_access_in_progress  ble_advertising.o
    0x0002379c   0x00000080   Code   RO         5445    i.fs_erase          fstorage.o
    0x0002381c   0x0000000e   Code   RO         5049    i.fs_event_handler  fds.o
    0x0002382a   0x00000018   Code   RO         5447    i.fs_flash_page_end_addr  fstorage.o
    0x00023842   0x00000002   PAD
    0x00023844   0x000000c0   Code   RO         5448    i.fs_init           fstorage.o
    0x00023904   0x00000018   Code   RO         5451    i.fs_queued_op_count_get  fstorage.o
    0x0002391c   0x00000094   Code   RO         5452    i.fs_store          fstorage.o
    0x000239b0   0x0000006c   Code   RO         5453    i.fs_sys_event_handler  fstorage.o
    0x00023a1c   0x0000009c   Code   RO          439    i.gap_params_init   cherubimind_ble.o
    0x00023ab8   0x00000070   Code   RO         5050    i.gc_execute        fds.o
    0x00023b28   0x0000003c   Code   RO         5051    i.gc_init           fds.o
    0x00023b64   0x00000028   Code   RO         5052    i.gc_next_page      fds.o
    0x00023b8c   0x00000044   Code   RO         5053    i.gc_page_erase     fds.o
    0x00023bd0   0x00000048   Code   RO         5054    i.gc_page_next      fds.o
    0x00023c18   0x00000040   Code   RO         5055    i.gc_record_copy    fds.o
    0x00023c58   0x00000024   Code   RO         5056    i.gc_record_find_next  fds.o
    0x00023c7c   0x00000058   Code   RO         5057    i.gc_state_advance  fds.o
    0x00023cd4   0x0000002c   Code   RO         5058    i.gc_swap_erase     fds.o
    0x00023d00   0x00000044   Code   RO         5059    i.gc_swap_pages     fds.o
    0x00023d44   0x00000020   Code   RO         5060    i.gc_swap_promote   fds.o
    0x00023d64   0x00000018   Code   RO         5061    i.gc_tag_new_swap   fds.o
    0x00023d7c   0x00000020   Code   RO         5062    i.gc_update_swap_offset  fds.o
    0x00023d9c   0x00000074   Code   RO         1451    i.gcm_ble_evt_handler  gatt_cache_manager.o
    0x00023e10   0x00000078   Code   RO         1452    i.gcm_gscm_evt_handler  gatt_cache_manager.o
    0x00023e88   0x00000030   Code   RO         1453    i.gcm_im_evt_handler  gatt_cache_manager.o
    0x00023eb8   0x00000068   Code   RO         1454    i.gcm_init          gatt_cache_manager.o
    0x00023f20   0x0000004c   Code   RO         1455    i.gcm_local_database_has_changed  gatt_cache_manager.o
    0x00023f6c   0x00000018   Code   RO         1458    i.gcm_smd_evt_handler  gatt_cache_manager.o
    0x00023f84   0x0000003c   Code   RO         1677    i.get_connection_by_conn_handle  id_manager.o
    0x00023fc0   0x00000034   Code   RO         1678    i.get_free_connection  id_manager.o
    0x00023ff4   0x00000080   Code   RO         4580    i.gpiote_event_handler  app_button.o
    0x00024074   0x0000001c   Code   RO         1585    i.gscm_db_change_notification_done  gatts_cache_manager.o
    0x00024090   0x00000014   Code   RO         1586    i.gscm_init         gatts_cache_manager.o
    0x000240a4   0x00000018   Code   RO         1587    i.gscm_local_database_has_changed  gatts_cache_manager.o
    0x000240bc   0x00000090   Code   RO         1588    i.gscm_local_db_cache_apply  gatts_cache_manager.o
    0x0002414c   0x00000096   Code   RO         1590    i.gscm_local_db_cache_update  gatts_cache_manager.o
    0x000241e2   0x00000002   PAD
    0x000241e4   0x00000058   Code   RO         1591    i.gscm_pdb_evt_handler  gatts_cache_manager.o
    0x0002423c   0x00000024   Code   RO         1592    i.gscm_service_changed_ind_needed  gatts_cache_manager.o
    0x00024260   0x0000003c   Code   RO         1593    i.gscm_service_changed_ind_send  gatts_cache_manager.o
    0x0002429c   0x00000018   Code   RO         5063    i.header_is_valid   fds.o
    0x000242b4   0x0000000e   Code   RO          296    i.heart_rate_meas_timeout_handler  cherubimind.o
    0x000242c2   0x000000fa   Code   RO         3136    i.heart_rate_measurement_char_add  ble_hrs.o
    0x000243bc   0x000000a6   Code   RO         3137    i.hrm_encode        ble_hrs.o
    0x00024462   0x00000002   PAD
    0x00024464   0x00000050   Code   RO          440    i.hrm_update        cherubimind_ble.o
    0x000244b4   0x0000004c   Code   RO         1679    i.im_address_resolve  id_manager.o
    0x00024500   0x00000034   Code   RO         1680    i.im_ble_addr_get   id_manager.o
    0x00024534   0x000000ce   Code   RO         1681    i.im_ble_evt_handler  id_manager.o
    0x00024602   0x00000002   PAD
    0x00024604   0x00000030   Code   RO         1682    i.im_conn_handle_get  id_manager.o
    0x00024634   0x0000002c   Code   RO         1686    i.im_init           id_manager.o
    0x00024660   0x00000044   Code   RO         1687    i.im_is_duplicate_bonding_data  id_manager.o
    0x000246a4   0x00000022   Code   RO         1688    i.im_master_id_is_valid  id_manager.o
    0x000246c6   0x00000032   Code   RO         1689    i.im_master_ids_compare  id_manager.o
    0x000246f8   0x00000010   Code   RO         1690    i.im_new_peer_id    id_manager.o
    0x00024708   0x0000007c   Code   RO         1691    i.im_pdb_evt_handler  id_manager.o
    0x00024784   0x0000002a   Code   RO         1692    i.im_peer_free      id_manager.o
    0x000247ae   0x00000002   PAD
    0x000247b0   0x00000028   Code   RO         1693    i.im_peer_id_get_by_conn_handle  id_manager.o
    0x000247d8   0x00000040   Code   RO         1694    i.im_peer_id_get_by_master_id  id_manager.o
    0x00024818   0x00000118   Code   RO         5064    i.init_execute      fds.o
    0x00024930   0x000000b8   Code   RO         6209    i.intern_softdevice_events_execute  softdevice_handler.o
    0x000249e8   0x0000000c   Code   RO         1459    i.internal_state_reset  gatt_cache_manager.o
    0x000249f4   0x00000018   Code   RO         1594    i.internal_state_reset  gatts_cache_manager.o
    0x00024a0c   0x0000002c   Code   RO         1699    i.internal_state_reset  id_manager.o
    0x00024a38   0x00000020   Code   RO         2076    i.internal_state_reset  peer_database.o
    0x00024a58   0x0000000e   Code   RO         2256    i.internal_state_reset  peer_id.o
    0x00024a66   0x00000002   PAD
    0x00024a68   0x0000002c   Code   RO         2351    i.internal_state_reset  peer_manager.o
    0x00024a94   0x0000008c   Code   RO         3779    i.interrupts_enable  nrf_drv_uart.o
    0x00024b20   0x0000005c   Code   RO         4390    i.irq_handler       nrf_drv_timer.o
    0x00024b7c   0x00000020   Code   RO         4085    i.is_allocated_channel  nrf_drv_ppi.o
    0x00024b9c   0x00000012   Code   RO         4087    i.is_app_channel    nrf_drv_ppi.o
    0x00024bae   0x00000002   PAD
    0x00024bb0   0x00000024   Code   RO         1139    i.is_conn_params_ok  ble_conn_params.o
    0x00024bd4   0x0000001c   Code   RO         4089    i.is_programmable_app_channel  nrf_drv_ppi.o
    0x00024bf0   0x00000018   Code   RO         1700    i.is_valid_irk      id_manager.o
    0x00024c08   0x00000010   Code   RO         5065    i.is_word_aligned   fds.o
    0x00024c18   0x0000000c   Code   RO         3245    i.item_dequeue      nrf_drv_clock.o
    0x00024c24   0x00000020   Code   RO          715    i.leds_timer_handler  bsp.o
    0x00024c44   0x000000c4   Code   RO         2876    i.link_secure       security_manager.o
    0x00024d08   0x0000008e   Code   RO         2730    i.link_secure_central  security_dispatcher.o
    0x00024d96   0x000000e8   Code   RO         2731    i.link_secure_central_existing_peer  security_dispatcher.o
    0x00024e7e   0x0000007c   Code   RO         2732    i.link_secure_central_new_peer  security_dispatcher.o
    0x00024efa   0x00000002   PAD
    0x00024efc   0x00000058   Code   RO         2733    i.link_secure_failure  security_dispatcher.o
    0x00024f54   0x00000080   Code   RO         2877    i.link_secure_pending_process  security_manager.o
    0x00024fd4   0x00000012   Code   RO         2734    i.link_secure_peripheral  security_dispatcher.o
    0x00024fe6   0x00000002   PAD
    0x00024fe8   0x0000007c   Code   RO         4724    i.list_deletions_handler  app_timer.o
    0x00025064   0x000000f8   Code   RO         4725    i.list_insertions_handler  app_timer.o
    0x0002515c   0x000000a0   Code   RO         1460    i.local_db_apply_in_evt  gatt_cache_manager.o
    0x000251fc   0x000000b8   Code   RO         1461    i.local_db_update_in_evt  gatt_cache_manager.o
    0x000252b4   0x00000034   Code   RO         2669    i.lock_by_mask      pm_mutex.o
    0x000252e8   0x0000009c   Code   RO            4    i.main              main.o
    0x00025384   0x00000076   Code   RO          912    i.manuf_specific_data_encode  ble_advdata.o
    0x000253fa   0x000000c2   Code   RO          913    i.name_encode       ble_advdata.o
    0x000254bc   0x00000070   Code   RO         1701    i.new_connection    id_manager.o
    0x0002552c   0x00000034   Code   RO         2257    i.next_id_get       peer_id.o
    0x00025560   0x00000016   Code   RO         3495    i.nrf_bitmask_bit_is_set  nrf_drv_gpiote.o
    0x00025576   0x00000012   Code   RO         3249    i.nrf_clock_event_check  nrf_drv_clock.o
    0x00025588   0x00000012   Code   RO         3250    i.nrf_clock_event_clear  nrf_drv_clock.o
    0x0002559a   0x00000002   PAD
    0x0002559c   0x0000000c   Code   RO         3252    i.nrf_clock_int_disable  nrf_drv_clock.o
    0x000255a8   0x00000098   Code   RO         4726    i.nrf_delay_us      app_timer.o
    0x00025640   0x00000068   Code   RO         3261    i.nrf_drv_clock_init  nrf_drv_clock.o
    0x000256a8   0x00000034   Code   RO         3268    i.nrf_drv_clock_on_sd_enable  nrf_drv_clock.o
    0x000256dc   0x0000000e   Code   RO         3269    i.nrf_drv_clock_on_soc_event  nrf_drv_clock.o
    0x000256ea   0x00000002   PAD
    0x000256ec   0x00000060   Code   RO         3444    i.nrf_drv_common_irq_enable  nrf_drv_common.o
    0x0002574c   0x0000000a   Code   RO         3781    i.nrf_drv_get_IRQn  nrf_drv_uart.o
    0x00025756   0x0000000a   Code   RO         4391    i.nrf_drv_get_IRQn  nrf_drv_timer.o
    0x00025760   0x000000ac   Code   RO         3500    i.nrf_drv_gpiote_in_event_enable  nrf_drv_gpiote.o
    0x0002580c   0x000000dc   Code   RO         3501    i.nrf_drv_gpiote_in_init  nrf_drv_gpiote.o
    0x000258e8   0x00000014   Code   RO         3502    i.nrf_drv_gpiote_in_is_set  nrf_drv_gpiote.o
    0x000258fc   0x00000060   Code   RO         3504    i.nrf_drv_gpiote_init  nrf_drv_gpiote.o
    0x0002595c   0x00000014   Code   RO         3505    i.nrf_drv_gpiote_is_init  nrf_drv_gpiote.o
    0x00025970   0x00000014   Code   RO         3782    i.nrf_drv_is_in_RAM  nrf_drv_uart.o
    0x00025984   0x00000070   Code   RO         4090    i.nrf_drv_ppi_channel_alloc  nrf_drv_ppi.o
    0x000259f4   0x00000054   Code   RO         4091    i.nrf_drv_ppi_channel_assign  nrf_drv_ppi.o
    0x00025a48   0x0000003c   Code   RO         4093    i.nrf_drv_ppi_channel_enable  nrf_drv_ppi.o
    0x00025a84   0x00000008   Code   RO         4096    i.nrf_drv_ppi_channel_to_mask  nrf_drv_ppi.o
    0x00025a8c   0x00000018   Code   RO         4103    i.nrf_drv_ppi_init  nrf_drv_ppi.o
    0x00025aa4   0x000000c4   Code   RO         4246    i.nrf_drv_saadc_buffer_convert  nrf_drv_saadc.o
    0x00025b68   0x0000005c   Code   RO         4248    i.nrf_drv_saadc_channel_init  nrf_drv_saadc.o
    0x00025bc4   0x0000009c   Code   RO         4250    i.nrf_drv_saadc_init  nrf_drv_saadc.o
    0x00025c60   0x00000020   Code   RO         4255    i.nrf_drv_saadc_sample_task_get  nrf_drv_saadc.o
    0x00025c80   0x00000038   Code   RO         4394    i.nrf_drv_timer_compare  nrf_drv_timer.o
    0x00025cb8   0x00000024   Code   RO         4398    i.nrf_drv_timer_enable  nrf_drv_timer.o
    0x00025cdc   0x00000042   Code   RO         4399    i.nrf_drv_timer_extended_compare  nrf_drv_timer.o
    0x00025d1e   0x00000002   PAD
    0x00025d20   0x000000ac   Code   RO         4401    i.nrf_drv_timer_init  nrf_drv_timer.o
    0x00025dcc   0x00000084   Code   RO         3784    i.nrf_drv_uart_init  nrf_drv_uart.o
    0x00025e50   0x000000d4   Code   RO         3785    i.nrf_drv_uart_rx   nrf_drv_uart.o
    0x00025f24   0x00000034   Code   RO         3788    i.nrf_drv_uart_rx_enable  nrf_drv_uart.o
    0x00025f58   0x000000cc   Code   RO         3789    i.nrf_drv_uart_rx_for_uart  nrf_drv_uart.o
    0x00026024   0x000000c8   Code   RO         3790    i.nrf_drv_uart_rx_for_uarte  nrf_drv_uart.o
    0x000260ec   0x00000064   Code   RO         3791    i.nrf_drv_uart_tx   nrf_drv_uart.o
    0x00026150   0x0000008c   Code   RO         3793    i.nrf_drv_uart_tx_for_uart  nrf_drv_uart.o
    0x000261dc   0x0000007c   Code   RO         3794    i.nrf_drv_uart_tx_for_uarte  nrf_drv_uart.o
    0x00026258   0x0000001c   Code   RO         3795    i.nrf_drv_uart_tx_in_progress  nrf_drv_uart.o
    0x00026274   0x00000028   Code   RO          605    i.nrf_gpio_cfg      boards.o
    0x0002629c   0x00000028   Code   RO         3519    i.nrf_gpio_cfg      nrf_drv_gpiote.o
    0x000262c4   0x00000028   Code   RO         3797    i.nrf_gpio_cfg      nrf_drv_uart.o
    0x000262ec   0x0000001a   Code   RO         3799    i.nrf_gpio_cfg_input  nrf_drv_uart.o
    0x00026306   0x00000018   Code   RO         3800    i.nrf_gpio_cfg_output  nrf_drv_uart.o
    0x0002631e   0x00000032   Code   RO          716    i.nrf_gpio_cfg_sense_set  bsp.o
    0x00026350   0x00000032   Code   RO         3521    i.nrf_gpio_cfg_sense_set  nrf_drv_gpiote.o
    0x00026382   0x00000018   Code   RO         3523    i.nrf_gpio_pin_read  nrf_drv_gpiote.o
    0x0002639a   0x00000016   Code   RO         3801    i.nrf_gpio_pin_set  nrf_drv_uart.o
    0x000263b0   0x0000003a   Code   RO          606    i.nrf_gpio_pin_write  boards.o
    0x000263ea   0x00000002   PAD
    0x000263ec   0x00000028   Code   RO         3525    i.nrf_gpio_ports_read  nrf_drv_gpiote.o
    0x00026414   0x0000000c   Code   RO         3526    i.nrf_gpiote_event_addr_get  nrf_drv_gpiote.o
    0x00026420   0x0000001c   Code   RO         3527    i.nrf_gpiote_event_clear  nrf_drv_gpiote.o
    0x0002643c   0x00000016   Code   RO         3528    i.nrf_gpiote_event_is_set  nrf_drv_gpiote.o
    0x00026452   0x00000002   PAD
    0x00026454   0x0000000c   Code   RO         3529    i.nrf_gpiote_int_enable  nrf_drv_gpiote.o
    0x00026460   0x00000010   Code   RO         4257    i.nrf_saadc_buffer_init  nrf_drv_saadc.o
    0x00026470   0x00000070   Code   RO         4548    i.nrf_saadc_channel_init  nrf_saadc.o
    0x000264e0   0x00000018   Code   RO         4258    i.nrf_saadc_channel_input_set  nrf_drv_saadc.o
    0x000264f8   0x00000014   Code   RO         4259    i.nrf_saadc_event_check  nrf_drv_saadc.o
    0x0002650c   0x00000018   Code   RO         4260    i.nrf_saadc_event_clear  nrf_drv_saadc.o
    0x00026524   0x0000000c   Code   RO         4261    i.nrf_saadc_int_disable  nrf_drv_saadc.o
    0x00026530   0x0000000c   Code   RO         4262    i.nrf_saadc_int_enable  nrf_drv_saadc.o
    0x0002653c   0x0000000c   Code   RO         4264    i.nrf_saadc_task_trigger  nrf_drv_saadc.o
    0x00026548   0x0000000e   Code   RO         4405    i.nrf_timer_compare_event_get  nrf_drv_timer.o
    0x00026556   0x0000000a   Code   RO         4406    i.nrf_timer_compare_int_get  nrf_drv_timer.o
    0x00026560   0x0000000e   Code   RO         4407    i.nrf_timer_event_clear  nrf_drv_timer.o
    0x0002656e   0x00000006   Code   RO         4408    i.nrf_timer_int_disable  nrf_drv_timer.o
    0x00026574   0x00000006   Code   RO         4409    i.nrf_timer_int_enable  nrf_drv_timer.o
    0x0002657a   0x0000000c   Code   RO         4410    i.nrf_timer_shorts_disable  nrf_drv_timer.o
    0x00026586   0x00000006   Code   RO         4411    i.nrf_timer_task_trigger  nrf_drv_timer.o
    0x0002658c   0x0000000c   Code   RO         3802    i.nrf_uart_errorsrc_get_and_clear  nrf_drv_uart.o
    0x00026598   0x0000000e   Code   RO         3803    i.nrf_uart_event_check  nrf_drv_uart.o
    0x000265a6   0x0000000e   Code   RO         3804    i.nrf_uart_event_clear  nrf_drv_uart.o
    0x000265b4   0x0000000a   Code   RO         3805    i.nrf_uart_hwfc_pins_set  nrf_drv_uart.o
    0x000265be   0x00000006   Code   RO         3806    i.nrf_uart_int_disable  nrf_drv_uart.o
    0x000265c4   0x00000006   Code   RO         3807    i.nrf_uart_int_enable  nrf_drv_uart.o
    0x000265ca   0x00000012   Code   RO         3808    i.nrf_uart_int_enable_check  nrf_drv_uart.o
    0x000265dc   0x00000006   Code   RO         3809    i.nrf_uart_task_trigger  nrf_drv_uart.o
    0x000265e2   0x0000000a   Code   RO         3810    i.nrf_uart_txrx_pins_set  nrf_drv_uart.o
    0x000265ec   0x0000000c   Code   RO         3811    i.nrf_uarte_errorsrc_get_and_clear  nrf_drv_uart.o
    0x000265f8   0x0000000e   Code   RO         3812    i.nrf_uarte_event_check  nrf_drv_uart.o
    0x00026606   0x0000000e   Code   RO         3813    i.nrf_uarte_event_clear  nrf_drv_uart.o
    0x00026614   0x0000000c   Code   RO         3814    i.nrf_uarte_hwfc_pins_set  nrf_drv_uart.o
    0x00026620   0x00000006   Code   RO         3815    i.nrf_uarte_int_disable  nrf_drv_uart.o
    0x00026626   0x00000006   Code   RO         3816    i.nrf_uarte_int_enable  nrf_drv_uart.o
    0x0002662c   0x0000000a   Code   RO         3817    i.nrf_uarte_rx_amount_get  nrf_drv_uart.o
    0x00026636   0x00000006   Code   RO         3818    i.nrf_uarte_task_trigger  nrf_drv_uart.o
    0x0002663c   0x0000000e   Code   RO         3819    i.nrf_uarte_txrx_pins_set  nrf_drv_uart.o
    0x0002664a   0x00000032   Code   RO          441    i.on_adv_evt        cherubimind_ble.o
    0x0002667c   0x00000150   Code   RO          442    i.on_ble_evt        cherubimind_ble.o
    0x000267cc   0x0000002c   Code   RO          443    i.on_conn_params_evt  cherubimind_ble.o
    0x000267f8   0x00000018   Code   RO         1140    i.on_conn_params_update  ble_conn_params.o
    0x00026810   0x00000038   Code   RO         1141    i.on_connect        ble_conn_params.o
    0x00026848   0x00000006   Code   RO         3012    i.on_connect        ble_bas.o
    0x0002684e   0x00000006   Code   RO         3067    i.on_connect        ble_nus.o
    0x00026854   0x00000006   Code   RO         3138    i.on_connect        ble_hrs.o
    0x0002685a   0x00000002   PAD
    0x0002685c   0x00000014   Code   RO         1022    i.on_connected      ble_advertising.o
    0x00026870   0x00000040   Code   RO         1142    i.on_disconnect     ble_conn_params.o
    0x000268b0   0x00000008   Code   RO         3013    i.on_disconnect     ble_bas.o
    0x000268b8   0x00000008   Code   RO         3068    i.on_disconnect     ble_nus.o
    0x000268c0   0x00000008   Code   RO         3139    i.on_disconnect     ble_hrs.o
    0x000268c8   0x0000003c   Code   RO         1023    i.on_disconnected   ble_advertising.o
    0x00026904   0x00000030   Code   RO         3140    i.on_hrm_cccd_write  ble_hrs.o
    0x00026934   0x0000002c   Code   RO         5454    i.on_operation_failure  fstorage.o
    0x00026960   0x00000078   Code   RO         5455    i.on_operation_success  fstorage.o
    0x000269d8   0x00000038   Code   RO         1024    i.on_timeout        ble_advertising.o
    0x00026a10   0x0000004c   Code   RO         1143    i.on_write          ble_conn_params.o
    0x00026a5c   0x00000040   Code   RO         3014    i.on_write          ble_bas.o
    0x00026a9c   0x00000046   Code   RO         3069    i.on_write          ble_nus.o
    0x00026ae2   0x0000001a   Code   RO         3141    i.on_write          ble_hrs.o
    0x00026afc   0x000000a4   Code   RO         5066    i.op_enqueue        fds.o
    0x00026ba0   0x00000040   Code   RO         5067    i.page_from_record  fds.o
    0x00026be0   0x0000002c   Code   RO         5068    i.page_has_space    fds.o
    0x00026c0c   0x0000002c   Code   RO         5069    i.page_identify     fds.o
    0x00026c38   0x0000001e   Code   RO         5070    i.page_is_erased    fds.o
    0x00026c56   0x00000012   Code   RO         5071    i.page_offsets_update  fds.o
    0x00026c68   0x00000068   Code   RO         5072    i.page_scan         fds.o
    0x00026cd0   0x00000020   Code   RO         5073    i.page_tag_write_data  fds.o
    0x00026cf0   0x00000024   Code   RO         5074    i.page_tag_write_swap  fds.o
    0x00026d14   0x00000130   Code   RO         5075    i.pages_init        fds.o
    0x00026e44   0x00000084   Code   RO         2735    i.pairing_failure   security_dispatcher.o
    0x00026ec8   0x00000048   Code   RO         2878    i.params_reply_pending_process  security_manager.o
    0x00026f10   0x00000020   Code   RO         2078    i.pdb_evt_send      peer_database.o
    0x00026f30   0x00000044   Code   RO         2079    i.pdb_init          peer_database.o
    0x00026f74   0x0000000c   Code   RO         2081    i.pdb_next_deleted_peer_id_get  peer_database.o
    0x00026f80   0x0000000c   Code   RO         2082    i.pdb_next_peer_id_get  peer_database.o
    0x00026f8c   0x000001bc   Code   RO         2083    i.pdb_pds_evt_handler  peer_database.o
    0x00027148   0x00000008   Code   RO         2084    i.pdb_peer_allocate  peer_database.o
    0x00027150   0x00000016   Code   RO         2086    i.pdb_peer_data_ptr_get  peer_database.o
    0x00027166   0x00000058   Code   RO         2087    i.pdb_peer_free     peer_database.o
    0x000271be   0x00000016   Code   RO         2088    i.pdb_raw_store     peer_database.o
    0x000271d4   0x00000134   Code   RO         2089    i.pdb_write_buf_get  peer_database.o
    0x00027308   0x00000036   Code   RO         2090    i.pdb_write_buf_release  peer_database.o
    0x0002733e   0x00000002   PAD
    0x00027340   0x00000104   Code   RO         2091    i.pdb_write_buf_store  peer_database.o
    0x00027444   0x00000078   Code   RO         2092    i.pdb_write_buf_store_prepare  peer_database.o
    0x000274bc   0x00000020   Code   RO         1911    i.pds_evt_send      peer_data_storage.o
    0x000274dc   0x00000038   Code   RO         1912    i.pds_init          peer_data_storage.o
    0x00027514   0x0000000c   Code   RO         1913    i.pds_next_deleted_peer_id_get  peer_data_storage.o
    0x00027520   0x0000000c   Code   RO         1914    i.pds_next_peer_id_get  peer_data_storage.o
    0x0002752c   0x0000005c   Code   RO         1917    i.pds_peer_data_iterate  peer_data_storage.o
    0x00027588   0x00000010   Code   RO         1918    i.pds_peer_data_iterate_prepare  peer_data_storage.o
    0x00027598   0x00000088   Code   RO         1919    i.pds_peer_data_read  peer_data_storage.o
    0x00027620   0x000000ba   Code   RO         1920    i.pds_peer_data_store  peer_data_storage.o
    0x000276da   0x0000000c   Code   RO         1921    i.pds_peer_id_allocate  peer_data_storage.o
    0x000276e6   0x0000001e   Code   RO         1922    i.pds_peer_id_free  peer_data_storage.o
    0x00027704   0x0000000c   Code   RO         1923    i.pds_peer_id_is_allocated  peer_data_storage.o
    0x00027710   0x0000003c   Code   RO         1924    i.pds_space_reserve  peer_data_storage.o
    0x0002774c   0x00000014   Code   RO         1925    i.pds_space_reserve_cancel  peer_data_storage.o
    0x00027760   0x0000001c   Code   RO         2093    i.peer_data_const_point_to_buffer  peer_database.o
    0x0002777c   0x000000a4   Code   RO         1926    i.peer_data_delete  peer_data_storage.o
    0x00027820   0x00000040   Code   RO         1927    i.peer_data_find    peer_data_storage.o
    0x00027860   0x00000022   Code   RO         1928    i.peer_data_id_is_valid  peer_data_storage.o
    0x00027882   0x0000000a   Code   RO         1929    i.peer_data_id_to_record_key  peer_data_storage.o
    0x0002788c   0x0000001a   Code   RO         2094    i.peer_data_point_to_buffer  peer_database.o
    0x000278a6   0x00000002   PAD
    0x000278a8   0x00000014   Code   RO         2258    i.peer_id_allocate  peer_id.o
    0x000278bc   0x0000002c   Code   RO         2259    i.peer_id_delete    peer_id.o
    0x000278e8   0x0000001c   Code   RO         2260    i.peer_id_free      peer_id.o
    0x00027904   0x00000014   Code   RO         2261    i.peer_id_get_next_deleted  peer_id.o
    0x00027918   0x00000038   Code   RO         2262    i.peer_id_get_next_used  peer_id.o
    0x00027950   0x00000024   Code   RO         2263    i.peer_id_init      peer_id.o
    0x00027974   0x0000001c   Code   RO         2264    i.peer_id_is_allocated  peer_id.o
    0x00027990   0x0000001c   Code   RO         2265    i.peer_id_is_deleted  peer_id.o
    0x000279ac   0x00000024   Code   RO         1702    i.peer_id_set       id_manager.o
    0x000279d0   0x0000000a   Code   RO         1930    i.peer_id_to_file_id  peer_data_storage.o
    0x000279da   0x00000046   Code   RO         1931    i.peer_ids_load     peer_data_storage.o
    0x00027a20   0x00000108   Code   RO          444    i.peer_manager_init  cherubimind_ble.o
    0x00027b28   0x0000001c   Code   RO         3532    i.pin_in_use_by_gpiote  nrf_drv_gpiote.o
    0x00027b44   0x00000018   Code   RO         3533    i.pin_in_use_by_port  nrf_drv_gpiote.o
    0x00027b5c   0x00000020   Code   RO         3534    i.pin_in_use_by_te  nrf_drv_gpiote.o
    0x00027b7c   0x0000000c   Code   RO         3535    i.pin_in_use_clear  nrf_drv_gpiote.o
    0x00027b88   0x00000062   Code   RO         2627    i.pm_buffer_block_acquire  pm_buffer.o
    0x00027bea   0x0000004e   Code   RO         2628    i.pm_buffer_init    pm_buffer.o
    0x00027c38   0x00000030   Code   RO         2629    i.pm_buffer_ptr_get  pm_buffer.o
    0x00027c68   0x00000028   Code   RO         2630    i.pm_buffer_release  pm_buffer.o
    0x00027c90   0x00000010   Code   RO         2353    i.pm_conn_sec_config_reply  peer_manager.o
    0x00027ca0   0x000000c4   Code   RO          445    i.pm_evt_handler    cherubimind_ble.o
    0x00027d64   0x000000be   Code   RO         2357    i.pm_gcm_evt_handler  peer_manager.o
    0x00027e22   0x00000002   PAD
    0x00027e24   0x00000058   Code   RO         2360    i.pm_im_evt_handler  peer_manager.o
    0x00027e7c   0x000000a4   Code   RO         2361    i.pm_init           peer_manager.o
    0x00027f20   0x0000001c   Code   RO         2363    i.pm_local_database_has_changed  peer_manager.o
    0x00027f3c   0x00000014   Code   RO         2670    i.pm_mutex_init     pm_mutex.o
    0x00027f50   0x00000020   Code   RO         2671    i.pm_mutex_lock     pm_mutex.o
    0x00027f70   0x00000030   Code   RO         2672    i.pm_mutex_lock_first_available  pm_mutex.o
    0x00027fa0   0x00000024   Code   RO         2673    i.pm_mutex_lock_status_get  pm_mutex.o
    0x00027fc4   0x00000038   Code   RO         2674    i.pm_mutex_unlock   pm_mutex.o
    0x00027ffc   0x0000002c   Code   RO         2365    i.pm_on_ble_evt     peer_manager.o
    0x00028028   0x000001c8   Code   RO         2366    i.pm_pdb_evt_handler  peer_manager.o
    0x000281f0   0x00000020   Code   RO         2377    i.pm_peer_delete    peer_manager.o
    0x00028210   0x00000050   Code   RO         2382    i.pm_peers_delete   peer_manager.o
    0x00028260   0x00000040   Code   RO         2385    i.pm_register       peer_manager.o
    0x000282a0   0x00000024   Code   RO         2387    i.pm_sec_params_set  peer_manager.o
    0x000282c4   0x000001b0   Code   RO         2388    i.pm_sm_evt_handler  peer_manager.o
    0x00028474   0x0000001a   Code   RO            5    i.power_manage      main.o
    0x0002848e   0x00000002   PAD
    0x00028490   0x00000048   Code   RO         5076    i.queue_advance     fds.o
    0x000284d8   0x00000034   Code   RO         5456    i.queue_advance     fstorage.o
    0x0002850c   0x00000068   Code   RO         5457    i.queue_get_next_free  fstorage.o
    0x00028574   0x000000a4   Code   RO         5077    i.queue_process     fds.o
    0x00028618   0x0000006c   Code   RO         5458    i.queue_process     fstorage.o
    0x00028684   0x00000018   Code   RO         5078    i.queue_start       fds.o
    0x0002869c   0x0000002c   Code   RO         5459    i.queue_start       fstorage.o
    0x000286c8   0x0000004c   Code   RO         1240    i.record_activate   ble_conn_state.o
    0x00028714   0x00000088   Code   RO         5079    i.record_find       fds.o
    0x0002879c   0x00000048   Code   RO         5080    i.record_find_and_delete  fds.o
    0x000287e4   0x0000007c   Code   RO         5081    i.record_find_by_desc  fds.o
    0x00028860   0x00000060   Code   RO         5082    i.record_find_next  fds.o
    0x000288c0   0x00000028   Code   RO         5083    i.record_header_flag_dirty  fds.o
    0x000288e8   0x0000002c   Code   RO         5084    i.record_header_write_begin  fds.o
    0x00028914   0x00000038   Code   RO         5085    i.record_header_write_finalize  fds.o
    0x0002894c   0x00000038   Code   RO         5086    i.record_header_write_id  fds.o
    0x00028984   0x00000014   Code   RO         5087    i.record_id_new     fds.o
    0x00028998   0x0000001c   Code   RO         1241    i.record_invalidate  ble_conn_state.o
    0x000289b4   0x00000006   Code   RO         1932    i.record_key_to_peer_data_id  peer_data_storage.o
    0x000289ba   0x00000018   Code   RO         1933    i.record_key_within_pm_range  peer_data_storage.o
    0x000289d2   0x00000002   PAD
    0x000289d4   0x00000044   Code   RO         1242    i.record_purge_disconnected  ble_conn_state.o
    0x00028a18   0x00000018   Code   RO         1243    i.record_set_disconnected  ble_conn_state.o
    0x00028a30   0x00000050   Code   RO         5088    i.record_write_chunk  fds.o
    0x00028a80   0x00000014   Code   RO         2267    i.release           peer_id.o
    0x00028a94   0x00000070   Code   RO          446    i.rri_update        cherubimind_ble.o
    0x00028b04   0x0000000c   Code   RO         4727    i.rtc1_compare0_set  app_timer.o
    0x00028b10   0x0000000c   Code   RO         4728    i.rtc1_counter_get  app_timer.o
    0x00028b1c   0x00000018   Code   RO         4729    i.rtc1_init         app_timer.o
    0x00028b34   0x0000003c   Code   RO         4730    i.rtc1_start        app_timer.o
    0x00028b70   0x00000058   Code   RO         4731    i.rtc1_stop         app_timer.o
    0x00028bc8   0x0000003e   Code   RO         3821    i.rx_byte           nrf_drv_uart.o
    0x00028c06   0x00000136   Code   RO         3070    i.rx_char_add       ble_nus.o
    0x00028d3c   0x0000001e   Code   RO         3822    i.rx_done_event     nrf_drv_uart.o
    0x00028d5a   0x00000022   Code   RO         3823    i.rx_enable         nrf_drv_uart.o
    0x00028d7c   0x0000007c   Code   RO          298    i.saadc_callback    cherubimind.o
    0x00028df8   0x0000008c   Code   RO          299    i.saadc_init        cherubimind.o
    0x00028e84   0x00000024   Code   RO          300    i.saadc_sampling_event_enable  cherubimind.o
    0x00028ea8   0x000000f8   Code   RO          301    i.saadc_sampling_event_init  cherubimind.o
    0x00028fa0   0x0000008c   Code   RO         6211    i.sd_nvic_EnableIRQ  softdevice_handler.o
    0x0002902c   0x00000068   Code   RO         4933    i.sd_nvic_critical_region_enter  app_util_platform.o
    0x00029094   0x0000000c   Code   RO         1462    i.sdk_mapped_flags_any_set  gatt_cache_manager.o
    0x000290a0   0x0000000c   Code   RO         2879    i.sdk_mapped_flags_any_set  security_manager.o
    0x000290ac   0x00000076   Code   RO         5622    i.sdk_mapped_flags_bulk_update_by_key  sdk_mapped_flags.o
    0x00029122   0x00000024   Code   RO         5623    i.sdk_mapped_flags_first_key_index_get  sdk_mapped_flags.o
    0x00029146   0x00000012   Code   RO         5624    i.sdk_mapped_flags_get_by_index  sdk_mapped_flags.o
    0x00029158   0x0000002e   Code   RO         5625    i.sdk_mapped_flags_get_by_key  sdk_mapped_flags.o
    0x00029186   0x00000042   Code   RO         5626    i.sdk_mapped_flags_key_list_get  sdk_mapped_flags.o
    0x000291c8   0x0000001a   Code   RO         5628    i.sdk_mapped_flags_update_by_key  sdk_mapped_flags.o
    0x000291e2   0x000000d8   Code   RO         2736    i.sec_info_request_process  security_dispatcher.o
    0x000292ba   0x0000001a   Code   RO         2737    i.sec_params_request_process  security_dispatcher.o
    0x000292d4   0x000000e8   Code   RO         2880    i.sec_params_verify  security_manager.o
    0x000293bc   0x0000005c   Code   RO         2738    i.sec_proc_start    security_dispatcher.o
    0x00029418   0x00000034   Code   RO         2739    i.sec_request_process  security_dispatcher.o
    0x0002944c   0x00000024   Code   RO         2740    i.sec_start_send    security_dispatcher.o
    0x00029470   0x0000001e   Code   RO         2881    i.send_config_req   security_manager.o
    0x0002948e   0x0000005c   Code   RO         5460    i.send_event        fstorage.o
    0x000294ea   0x00000002   PAD
    0x000294ec   0x0000006c   Code   RO         1463    i.service_changed_pending_flags_check  gatt_cache_manager.o
    0x00029558   0x00000050   Code   RO         1595    i.service_changed_pending_set  gatts_cache_manager.o
    0x000295a8   0x000000b8   Code   RO         1464    i.service_changed_send_in_evt  gatt_cache_manager.o
    0x00029660   0x00000096   Code   RO          914    i.service_data_encode  ble_advdata.o
    0x000296f6   0x00000002   PAD
    0x000296f8   0x000001b0   Code   RO          447    i.services_init     cherubimind_ble.o
    0x000298a8   0x00000020   Code   RO         1025    i.set_adv_mode_directed  ble_advertising.o
    0x000298c8   0x0000002c   Code   RO         1026    i.set_adv_mode_directed_slow  ble_advertising.o
    0x000298f4   0x00000060   Code   RO         1027    i.set_adv_mode_fast  ble_advertising.o
    0x00029954   0x00000060   Code   RO         1028    i.set_adv_mode_slow  ble_advertising.o
    0x000299b4   0x0000004c   Code   RO          448    i.sleep_mode_enter  cherubimind_ble.o
    0x00029a00   0x00000018   Code   RO         2882    i.sm_ble_evt_handler  security_manager.o
    0x00029a18   0x00000024   Code   RO         2883    i.sm_conn_sec_config_reply  security_manager.o
    0x00029a3c   0x00000064   Code   RO         2884    i.sm_init           security_manager.o
    0x00029aa0   0x00000060   Code   RO         2887    i.sm_pdb_evt_handler  security_manager.o
    0x00029b00   0x00000038   Code   RO         2889    i.sm_sec_params_set  security_manager.o
    0x00029b38   0x000000a4   Code   RO         2890    i.sm_smd_evt_handler  security_manager.o
    0x00029bdc   0x00000058   Code   RO         2741    i.smd_ble_evt_handler  security_dispatcher.o
    0x00029c34   0x0000004c   Code   RO         2742    i.smd_init          security_dispatcher.o
    0x00029c80   0x00000038   Code   RO         2743    i.smd_link_secure   security_dispatcher.o
    0x00029cb8   0x00000120   Code   RO         2744    i.smd_params_reply  security_dispatcher.o
    0x00029dd8   0x00000090   Code   RO         2891    i.smd_params_reply_perform  security_manager.o
    0x00029e68   0x00000034   Code   RO         2745    i.smd_pdb_evt_handler  security_dispatcher.o
    0x00029e9c   0x00000018   Code   RO         6212    i.softdevice_ble_evt_handler_set  softdevice_handler.o
    0x00029eb4   0x00000028   Code   RO         6213    i.softdevice_enable  softdevice_handler.o
    0x00029edc   0x0000002c   Code   RO         6214    i.softdevice_enable_get_default_config  softdevice_handler.o
    0x00029f08   0x00000014   Code   RO         6215    i.softdevice_fault_handler  softdevice_handler.o
    0x00029f1c   0x0000009c   Code   RO         6216    i.softdevice_handler_init  softdevice_handler.o
    0x00029fb8   0x0000000c   Code   RO         6217    i.softdevice_handler_is_enabled  softdevice_handler.o
    0x00029fc4   0x00000018   Code   RO         6222    i.softdevice_sys_evt_handler_set  softdevice_handler.o
    0x00029fdc   0x0000000e   Code   RO          915    i.srdata_check      ble_advdata.o
    0x00029fea   0x00000026   Code   RO          817    i.startup_event_extract  bsp_btn_ble.o
    0x0002a010   0x00000032   Code   RO         5461    i.store_execute     fstorage.o
    0x0002a042   0x00000012   Code   RO          449    i.sys_evt_dispatch  cherubimind_ble.o
    0x0002a054   0x0000000a   Code   RO         4732    i.ticks_diff_get    app_timer.o
    0x0002a05e   0x00000002   PAD
    0x0002a060   0x00000038   Code   RO         4733    i.timeout_handler_exec  app_timer.o
    0x0002a098   0x00000002   Code   RO          302    i.timer_handler     cherubimind.o
    0x0002a09a   0x00000002   PAD
    0x0002a09c   0x00000054   Code   RO         4734    i.timer_list_handler  app_timer.o
    0x0002a0f0   0x0000000a   Code   RO         4735    i.timer_list_handler_sched  app_timer.o
    0x0002a0fa   0x00000002   PAD
    0x0002a0fc   0x00000068   Code   RO         4736    i.timer_list_insert  app_timer.o
    0x0002a164   0x0000006c   Code   RO         4737    i.timer_list_remove  app_timer.o
    0x0002a1d0   0x0000005e   Code   RO         4738    i.timer_start_op_schedule  app_timer.o
    0x0002a22e   0x00000042   Code   RO         4739    i.timer_stop_op_schedule  app_timer.o
    0x0002a270   0x00000098   Code   RO         4740    i.timer_timeouts_check  app_timer.o
    0x0002a308   0x0000000a   Code   RO         4741    i.timer_timeouts_check_sched  app_timer.o
    0x0002a312   0x00000002   PAD
    0x0002a314   0x00000078   Code   RO          303    i.timers_init       cherubimind.o
    0x0002a38c   0x00000026   Code   RO         3824    i.tx_byte           nrf_drv_uart.o
    0x0002a3b2   0x000000ec   Code   RO         3071    i.tx_char_add       ble_nus.o
    0x0002a49e   0x00000022   Code   RO         3825    i.tx_done_event     nrf_drv_uart.o
    0x0002a4c0   0x00000036   Code   RO          916    i.tx_power_level_encode  ble_advdata.o
    0x0002a4f6   0x00000002   PAD
    0x0002a4f8   0x000002ec   Code   RO          304    i.uart_event_handle  cherubimind.o
    0x0002a7e4   0x000000d4   Code   RO         5717    i.uart_event_handler  app_uart_fifo.o
    0x0002a8b8   0x0000005c   Code   RO          305    i.uart_init         cherubimind.o
    0x0002a914   0x00000142   Code   RO         3826    i.uart_irq_handler  nrf_drv_uart.o
    0x0002aa56   0x0000010c   Code   RO         3827    i.uarte_irq_handler  nrf_drv_uart.o
    0x0002ab62   0x0000000c   Code   RO         1387    i.uint16_decode     ble_srv_common.o
    0x0002ab6e   0x0000000c   Code   RO          917    i.uint16_encode     ble_advdata.o
    0x0002ab7a   0x0000000c   Code   RO         3142    i.uint16_encode     ble_hrs.o
    0x0002ab86   0x00000002   PAD
    0x0002ab88   0x00000058   Code   RO         1465    i.update_pending_flags_check  gatt_cache_manager.o
    0x0002abe0   0x00000090   Code   RO         1144    i.update_timeout_handler  ble_conn_params.o
    0x0002ac70   0x00000014   Code   RO         1244    i.user_flag_acquire  ble_conn_state.o
    0x0002ac84   0x0000001c   Code   RO         1245    i.user_flag_is_acquired  ble_conn_state.o
    0x0002aca0   0x0000003c   Code   RO         4742    i.user_op_alloc     app_timer.o
    0x0002acdc   0x0000000c   Code   RO         4743    i.user_op_enque     app_timer.o
    0x0002ace8   0x0000004e   Code   RO          918    i.uuid_list_encode  ble_advdata.o
    0x0002ad36   0x000000dc   Code   RO          919    i.uuid_list_sized_encode  ble_advdata.o
    0x0002ae12   0x00000002   PAD
    0x0002ae14   0x0000000c   Code   RO         1029    i.whitelist_has_entries  ble_advertising.o
    0x0002ae20   0x00000038   Code   RO         2095    i.write_buf_length_words_set  peer_database.o
    0x0002ae58   0x00000032   Code   RO         2096    i.write_buffer_record_find  peer_database.o
    0x0002ae8a   0x00000002   PAD
    0x0002ae8c   0x00000030   Code   RO         2097    i.write_buffer_record_find_next  peer_database.o
    0x0002aebc   0x0000000e   Code   RO         2098    i.write_buffer_record_find_unused  peer_database.o
    0x0002aeca   0x00000024   Code   RO         2099    i.write_buffer_record_get  peer_database.o
    0x0002aeee   0x0000002e   Code   RO         2100    i.write_buffer_record_invalidate  peer_database.o
    0x0002af1c   0x00000028   Code   RO         2101    i.write_buffer_record_release  peer_database.o
    0x0002af44   0x00000104   Code   RO         5089    i.write_enqueue     fds.o
    0x0002b048   0x000000b8   Code   RO         5090    i.write_execute     fds.o
    0x0002b100   0x0000001c   Code   RO         5091    i.write_space_free  fds.o
    0x0002b11c   0x0000006c   Code   RO         5092    i.write_space_reserve  fds.o
    0x0002b188   0x00000039   Data   RO          307    .constdata          cherubimind.o
    0x0002b1c1   0x00000003   PAD
    0x0002b1c4   0x00000004   Data   RO          451    .constdata          cherubimind_ble.o
    0x0002b1c8   0x00000008   Data   RO          607    .constdata          boards.o
    0x0002b1d0   0x0000002c   Data   RO          718    .constdata          bsp.o
    0x0002b1fc   0x00000004   Data   RO         1146    .constdata          ble_conn_params.o
    0x0002b200   0x00000018   Data   RO         1596    .constdata          gatts_cache_manager.o
    0x0002b218   0x00000008   Data   RO         1705    .constdata          id_manager.o
    0x0002b220   0x00000004   Data   RO         1934    .constdata          peer_data_storage.o
    0x0002b224   0x00000014   Data   RO         2103    .constdata          peer_database.o
    0x0002b238   0x00000044   Data   RO         2747    .constdata          security_dispatcher.o
    0x0002b27c   0x00000004   Data   RO         2892    .constdata          security_manager.o
    0x0002b280   0x00000010   Data   RO         3072    .constdata          ble_nus.o
    0x0002b290   0x00000047   Data   RO         3537    .constdata          nrf_drv_gpiote.o
    0x0002b2d7   0x000000bd   Data   RO         4266    .constdata          nrf_drv_saadc.o
    0x0002b394   0x00000008   Data   RO         4582    .constdata          app_button.o
    0x0002b39c   0x00000014   Data   RO         5094    .constdata          fds.o
    0x0002b3b0   0x00000020   Data   RO         5719    .constdata          app_uart_fifo.o
    0x0002b3d0   0x00000010   Data   RO         6157    .constdata          segger_rtt_printf.o
    0x0002b3e0   0x00000020   Data   RO         6477    Region$$Table       anon$$obj.o


    Execution Region RW_IRAM1 (Base: 0x20002128, Size: 0x00002f10, Max: 0x0000ded8, ABSOLUTE, COMPRESSED[0x00000058])

    Base Addr    Size         Type   Attr      Idx    E Section Name        Object

    0x20002128   0x00000033   Data   RW          308    .data               cherubimind.o
    0x2000215b   0x00000001   PAD
    0x2000215c   0x00000018   Data   RW          452    .data               cherubimind_ble.o
    0x20002174   0x00000015   Data   RW          719    .data               bsp.o
    0x20002189   0x00000003   PAD
    0x2000218c   0x00000008   Data   RW          818    .data               bsp_btn_ble.o
    0x20002194   0x0000001f   Data   RW         1031    .data               ble_advertising.o
    0x200021b3   0x00000001   PAD
    0x200021b4   0x00000015   Data   RW         1147    .data               ble_conn_params.o
    0x200021c9   0x00000003   PAD
    0x200021cc   0x00000009   Data   RW         1466    .data               gatt_cache_manager.o
    0x200021d5   0x00000003   PAD
    0x200021d8   0x0000000a   Data   RW         1597    .data               gatts_cache_manager.o
    0x200021e2   0x00000003   Data   RW         1706    .data               id_manager.o
    0x200021e5   0x00000003   PAD
    0x200021e8   0x0000000c   Data   RW         1935    .data               peer_data_storage.o
    0x200021f4   0x00000009   Data   RW         2104    .data               peer_database.o
    0x200021fd   0x00000003   PAD
    0x20002200   0x00000011   Data   RW         2394    .data               peer_manager.o
    0x20002211   0x00000004   Data   RW         2748    .data               security_dispatcher.o
    0x20002215   0x00000003   PAD
    0x20002218   0x00000013   Data   RW         2893    .data               security_manager.o
    0x2000222b   0x00000001   PAD
    0x2000222c   0x00000009   Data   RW         4108    .data               nrf_drv_ppi.o
    0x20002235   0x00000003   PAD
    0x20002238   0x00000014   Data   RW         4583    .data               app_button.o
    0x2000224c   0x00000022   Data   RW         4744    .data               app_timer.o
    0x2000226e   0x00000002   PAD
    0x20002270   0x00000018   Data   RW         5095    .data               fds.o
    0x20002288   0x00000002   Data   RW         5463    .data               fstorage.o
    0x2000228a   0x00000002   PAD
    0x2000228c   0x0000000f   Data   RW         5720    .data               app_uart_fifo.o
    0x2000229b   0x00000001   PAD
    0x2000229c   0x00000018   Data   RW         6223    .data               softdevice_handler.o
    0x200022b4   0x00000004   Data   RW         6370    .data               system_nrf52.o
    0x200022b8   0x00000010   Data   RW         5096    fs_data             fds.o
    0x200022c8   0x0000037c   Zero   RW          306    .bss                cherubimind.o
    0x20002644   0x000000d4   Zero   RW          450    .bss                cherubimind_ble.o
    0x20002718   0x0000006c   Zero   RW          717    .bss                bsp.o
    0x20002784   0x000000b3   Zero   RW         1030    .bss                ble_advertising.o
    0x20002837   0x00000001   PAD
    0x20002838   0x0000003c   Zero   RW         1145    .bss                ble_conn_params.o
    0x20002874   0x00000034   Zero   RW         1246    .bss                ble_conn_state.o
    0x200028a8   0x00000070   Zero   RW         1704    .bss                id_manager.o
    0x20002918   0x00000330   Zero   RW         2102    .bss                peer_database.o
    0x20002c48   0x00000040   Zero   RW         2268    .bss                peer_id.o
    0x20002c88   0x0000000c   Zero   RW         2392    .bss                peer_manager.o
    0x20002c94   0x00000040   Zero   RW         2746    .bss                security_dispatcher.o
    0x20002cd4   0x00000014   Zero   RW         3271    .bss                nrf_drv_clock.o
    0x20002ce8   0x00000058   Zero   RW         3536    .bss                nrf_drv_gpiote.o
    0x20002d40   0x00000020   Zero   RW         3828    .bss                nrf_drv_uart.o
    0x20002d60   0x00000030   Zero   RW         4265    .bss                nrf_drv_saadc.o
    0x20002d90   0x0000000c   Zero   RW         4412    .bss                nrf_drv_timer.o
    0x20002d9c   0x00000020   Zero   RW         4581    .bss                app_button.o
    0x20002dbc   0x0000000c   Zero   RW         4934    .bss                app_util_platform.o
    0x20002dc8   0x0000011c   Zero   RW         5093    .bss                fds.o
    0x20002ee4   0x00000068   Zero   RW         5462    .bss                fstorage.o
    0x20002f4c   0x00000020   Zero   RW         5718    .bss                app_uart_fifo.o
    0x20002f6c   0x000000c8   Zero   RW         6022    .bss                segger_rtt.o
    0x20003034   0x00000004   PAD
    0x20003038   0x00002000   Zero   RW         6350    STACK               arm_startup_nrf52.o


==============================================================================

Image component sizes


      Code (inc. data)   RO Data    RW Data    ZI Data      Debug   Object Name

       480         80          8         20         32       9386   app_button.o
        28          0          0          0          0       2089   app_error.o
        68          8          0          0          0      27397   app_error_weak.o
       170          0          0          0          0       4778   app_fifo.o
      2320        264          0         34          0      67007   app_timer.o
       538         78         32         15         32      10231   app_uart_fifo.o
       200         24          0          0         12       9766   app_util_platform.o
        36          8       1024          0       8192        860   arm_startup_nrf52.o
      1818          0          0          0          0      32316   ble_advdata.o
      1520        242          0         31        179      13177   ble_advertising.o
       828          0          0          0          0       5999   ble_bas.o
       706        120          4         21         60       6956   ble_conn_params.o
       664         72          0          0         52      10846   ble_conn_state.o
      1020          0          0          0          0       9704   ble_hrs.o
       930          4         16          0          0       6642   ble_nus.o
        90          0          0          0          0      18398   ble_srv_common.o
       418         34          8          0          0      12204   boards.o
      1454        128         44         21        108      13395   bsp.o
       420         18          0          8          0       5437   bsp_btn_ble.o
      1614        200         57         51        892      29886   cherubimind.o
      2634        178          4         24        212      20310   cherubimind_ble.o
      4840        434         20         40        284      50506   fds.o
      1280         82          0          2        104      13299   fstorage.o
      1388         96          0          9          0      17516   gatt_cache_manager.o
       686         46         24         10          0       9215   gatts_cache_manager.o
      1360         72          8          3        112      18603   id_manager.o
       182         30          0          0          0     137991   main.o
       358         34          0          0         20      12176   nrf_drv_clock.o
        96         12          0          0          0      29267   nrf_drv_common.o
      1630        104         71          0         88      30366   nrf_drv_gpiote.o
       386         36          0          9          0      12189   nrf_drv_ppi.o
      1108         72        189          0         48      20150   nrf_drv_saadc.o
       524         20          0          0         12      19773   nrf_drv_timer.o
      2716         74          0          0         32      45621   nrf_drv_uart.o
       112          4          0          0          0       6405   nrf_saadc.o
      1408         50          4         12          0      18144   peer_data_storage.o
      1826         70         20          9        816      22599   peer_database.o
       420         44          0          0         64       8419   peer_id.o
      1714        156          0         17         12      12488   peer_manager.o
       264          0          0          0          0       3879   pm_buffer.o
       244          0          0          0          0       4829   pm_mutex.o
       310          0          0          0          0       5764   sdk_mapped_flags.o
      2182        100         68          4         64      21460   security_dispatcher.o
      1562        168          4         19          0      16236   security_manager.o
       552         46          0          0        200       8259   segger_rtt.o
      1088          6         16          0          0       6425   segger_rtt_printf.o
       794         98          0         24          0      42448   softdevice_handler.o
      1096        112          0          4          0       5959   system_nrf52.o

    ----------------------------------------------------------------------
     48186       3424       1656        416      11632     916770   Object Totals
         0          0         32          0          0          0   (incl. Generated)
       104          0          3         29          5          0   (incl. Padding)

    ----------------------------------------------------------------------

      Code (inc. data)   RO Data    RW Data    ZI Data      Debug   Library Member Name

        86          0          0          0          0          0   __dczerorl2.o
         0          0          0          0          0          0   entry.o
         0          0          0          0          0          0   entry10a.o
         0          0          0          0          0          0   entry11a.o
         8          4          0          0          0          0   entry2.o
         4          0          0          0          0          0   entry5.o
         0          0          0          0          0          0   entry7b.o
         0          0          0          0          0          0   entry8b.o
         8          4          0          0          0          0   entry9a.o
        30          0          0          0          0          0   handlers.o
        36          8          0          0          0         68   init.o
        26          0          0          0          0         80   memcmp.o
        64          0          0          0          0         76   memmovea.o
        36          0          0          0          0        108   memseta.o
        18          0          0          0          0         68   strcpy.o
        14          0          0          0          0         68   strlen.o

    ----------------------------------------------------------------------
       334         16          0          0          0        468   Library Totals
         4          0          0          0          0          0   (incl. Padding)

    ----------------------------------------------------------------------

      Code (inc. data)   RO Data    RW Data    ZI Data      Debug   Library Name

       330         16          0          0          0        468   mc_w.l

    ----------------------------------------------------------------------
       334         16          0          0          0        468   Library Totals

    ----------------------------------------------------------------------

==============================================================================


      Code (inc. data)   RO Data    RW Data    ZI Data      Debug   

     48520       3440       1656        416      11632     856166   Grand Totals
     48520       3440       1656         88      11632     856166   ELF Image Totals (compressed)
     48520       3440       1656         88          0          0   ROM Totals

==============================================================================

    Total RO  Size (Code + RO Data)                50176 (  49.00kB)
    Total RW  Size (RW Data + ZI Data)             12048 (  11.77kB)
    Total ROM Size (Code + RO Data + RW Data)      50264 (  49.09kB)

==============================================================================

