Component: ARM Compiler 5.06 update 1 (build 61) Tool: armlink [4d35a8]

==============================================================================

Section Cross References

    main.o(i.main) refers to app_error.o(i.app_error_handler_bare) for app_error_handler_bare
    main.o(i.main) refers to cherubimind.o(i.timers_init) for timers_init
    main.o(i.main) refers to cherubimind_ble.o(i.buttons_leds_init) for buttons_leds_init
    main.o(i.main) refers to cherubimind_ble.o(i.ble_stack_init) for ble_stack_init
    main.o(i.main) refers to cherubimind_ble.o(i.peer_manager_init) for peer_manager_init
    main.o(i.main) refers to cherubimind_ble.o(i.gap_params_init) for gap_params_init
    main.o(i.main) refers to cherubimind_ble.o(i.advertising_init) for advertising_init
    main.o(i.main) refers to cherubimind_ble.o(i.services_init) for services_init
    main.o(i.main) refers to cherubimind_ble.o(i.conn_params_init) for conn_params_init
    main.o(i.main) refers to cherubimind.o(i.uart_init) for uart_init
    main.o(i.main) refers to cherubimind.o(i.application_timers_start) for application_timers_start
    main.o(i.main) refers to ble_advertising.o(i.ble_advertising_start) for ble_advertising_start
    main.o(i.main) refers to main.o(i.power_manage) for power_manage
    main.o(i.power_manage) refers to app_error.o(i.app_error_handler_bare) for app_error_handler_bare
    cherubimind.o(i.application_timers_start) refers to app_timer.o(i.app_timer_start) for app_timer_start
    cherubimind.o(i.application_timers_start) refers to app_error.o(i.app_error_handler_bare) for app_error_handler_bare
    cherubimind.o(i.application_timers_start) refers to cherubimind.o(.constdata) for m_battery_timer_id
    cherubimind.o(i.battery_measurement_timeout_handler) refers to cherubimind_ble.o(i.battery_level_update) for battery_level_update
    cherubimind.o(i.timers_init) refers to app_timer.o(i.app_timer_init) for app_timer_init
    cherubimind.o(i.timers_init) refers to app_error.o(i.app_error_handler_bare) for app_error_handler_bare
    cherubimind.o(i.timers_init) refers to app_timer.o(i.app_timer_create) for app_timer_create
    cherubimind.o(i.timers_init) refers to cherubimind.o(.bss) for APP_TIMER_BUF
    cherubimind.o(i.timers_init) refers to cherubimind.o(i.battery_measurement_timeout_handler) for battery_measurement_timeout_handler
    cherubimind.o(i.timers_init) refers to cherubimind.o(.constdata) for m_battery_timer_id
    cherubimind.o(i.uart_event_handle) refers to app_uart_fifo.o(i.app_uart_get) for app_uart_get
    cherubimind.o(i.uart_event_handle) refers to segger_rtt.o(i.SEGGER_RTT_WriteString) for SEGGER_RTT_WriteString
    cherubimind.o(i.uart_event_handle) refers to cherubimind_ble.o(i.data_send_by_nus) for data_send_by_nus
    cherubimind.o(i.uart_event_handle) refers to app_error.o(i.app_error_handler_bare) for app_error_handler_bare
    cherubimind.o(i.uart_event_handle) refers to cherubimind.o(.data) for current_data
    cherubimind.o(i.uart_event_handle) refers to cherubimind.o(.bss) for send_buffer
    cherubimind.o(i.uart_init) refers to memcpya.o(.text) for __aeabi_memcpy4
    cherubimind.o(i.uart_init) refers to app_uart_fifo.o(i.app_uart_init) for app_uart_init
    cherubimind.o(i.uart_init) refers to app_error.o(i.app_error_handler_bare) for app_error_handler_bare
    cherubimind.o(i.uart_init) refers to cherubimind.o(.constdata) for .constdata
    cherubimind.o(i.uart_init) refers to cherubimind.o(.bss) for rx_buf
    cherubimind.o(i.uart_init) refers to cherubimind.o(i.uart_event_handle) for uart_event_handle
    cherubimind.o(.constdata) refers to cherubimind.o(.bss) for m_battery_timer_id_data
    cherubimind_ble.o(i.advertising_init) refers to memseta.o(.text) for __aeabi_memclr4
    cherubimind_ble.o(i.advertising_init) refers to memcpya.o(.text) for __aeabi_memcpy4
    cherubimind_ble.o(i.advertising_init) refers to ble_advertising.o(i.ble_advertising_init) for ble_advertising_init
    cherubimind_ble.o(i.advertising_init) refers to app_error.o(i.app_error_handler_bare) for app_error_handler_bare
    cherubimind_ble.o(i.advertising_init) refers to cherubimind_ble.o(.data) for m_adv_uuids
    cherubimind_ble.o(i.advertising_init) refers to cherubimind_ble.o(i.on_adv_evt) for on_adv_evt
    cherubimind_ble.o(i.advertising_start) refers to ble_advertising.o(i.ble_advertising_start) for ble_advertising_start
    cherubimind_ble.o(i.advertising_start) refers to app_error.o(i.app_error_handler_bare) for app_error_handler_bare
    cherubimind_ble.o(i.assert_nrf_callback) refers to app_error.o(i.app_error_handler) for app_error_handler
    cherubimind_ble.o(i.battery_level_update) refers to ble_bas.o(i.ble_bas_battery_level_update) for ble_bas_battery_level_update
    cherubimind_ble.o(i.battery_level_update) refers to app_error.o(i.app_error_handler_bare) for app_error_handler_bare
    cherubimind_ble.o(i.battery_level_update) refers to cherubimind_ble.o(.data) for battery_level
[...]
    application_timers_start                 0x0002068d   Thumb Code    38  cherubimind.o(i.application_timers_start)
    battery_level_update                     0x00020ab5   Thumb Code    58  cherubimind_ble.o(i.battery_level_update)
    battery_measurement_timeout_handler      0x00020af9   Thumb Code    10  cherubimind.o(i.battery_measurement_timeout_handler)
    ble_advdata_set                          0x00020b03   Thumb Code   148  ble_advdata.o(i.ble_advdata_set)
    ble_advertising_init                     0x00020b99   Thumb Code   318  ble_advertising.o(i.ble_advertising_init)
    ble_advertising_on_ble_evt               0x00020d0d   Thumb Code    50  ble_advertising.o(i.ble_advertising_on_ble_evt)
    ble_advertising_on_sys_evt               0x00020d41   Thumb Code    62  ble_advertising.o(i.ble_advertising_on_sys_evt)
    ble_advertising_restart_without_whitelist 0x00020d8d   Thumb Code    68  ble_advertising.o(i.ble_advertising_restart_without_whitelist)
    ble_advertising_start                    0x00020de5   Thumb Code   314  ble_advertising.o(i.ble_advertising_start)
    ble_bas_battery_level_update             0x00020f4d   Thumb Code   140  ble_bas.o(i.ble_bas_battery_level_update)
    ble_bas_init                             0x00020fd9   Thumb Code    76  ble_bas.o(i.ble_bas_init)
    ble_bas_on_ble_evt                       0x00021025   Thumb Code    66  ble_bas.o(i.ble_bas_on_ble_evt)
    ble_conn_params_init                     0x00021069   Thumb Code    84  ble_conn_params.o(i.ble_conn_params_init)
    ble_conn_params_on_ble_evt               0x000210d9   Thumb Code    62  ble_conn_params.o(i.ble_conn_params_on_ble_evt)
    ble_conn_state_conn_handles              0x00021119   Thumb Code    18  ble_conn_state.o(i.ble_conn_state_conn_handles)
    ble_conn_state_encrypted                 0x00021131   Thumb Code    18  ble_conn_state.o(i.ble_conn_state_encrypted)
    ble_conn_state_mitm_protected            0x00021149   Thumb Code    18  ble_conn_state.o(i.ble_conn_state_mitm_protected)
    ble_conn_state_on_ble_evt                0x00021161   Thumb Code   152  ble_conn_state.o(i.ble_conn_state_on_ble_evt)
    ble_conn_state_role                      0x000211fd   Thumb Code    50  ble_conn_state.o(i.ble_conn_state_role)
    ble_conn_state_user_flag_acquire         0x00021235   Thumb Code    36  ble_conn_state.o(i.ble_conn_state_user_flag_acquire)
    ble_conn_state_user_flag_collection      0x00021259   Thumb Code    22  ble_conn_state.o(i.ble_conn_state_user_flag_collection)
    ble_conn_state_user_flag_get             0x00021275   Thumb Code    32  ble_conn_state.o(i.ble_conn_state_user_flag_get)
    ble_conn_state_user_flag_set             0x00021299   Thumb Code    32  ble_conn_state.o(i.ble_conn_state_user_flag_set)
    ble_evt_dispatch                         0x00021335   Thumb Code    58  cherubimind_ble.o(i.ble_evt_dispatch)
    ble_nus_init                             0x00021379   Thumb Code   144  ble_nus.o(i.ble_nus_init)
    ble_nus_on_ble_evt                       0x0002140d   Thumb Code    66  ble_nus.o(i.ble_nus_on_ble_evt)
    ble_nus_string_send                      0x0002144f   Thumb Code    86  ble_nus.o(i.ble_nus_string_send)
    ble_srv_is_notification_enabled          0x000214a5   Thumb Code    18  ble_srv_common.o(i.ble_srv_is_notification_enabled)
    ble_srv_report_ref_encode                0x000214b7   Thumb Code    60  ble_srv_common.o(i.ble_srv_report_ref_encode)
    ble_stack_init                           0x000214f5   Thumb Code   164  cherubimind_ble.o(i.ble_stack_init)
    bsp_board_button_idx_to_pin              0x000215a9   Thumb Code     8  boards.o(i.bsp_board_button_idx_to_pin)
    bsp_board_button_state_get               0x000215b5   Thumb Code    44  boards.o(i.bsp_board_button_state_get)
    bsp_board_led_invert                     0x000215e5   Thumb Code    44  boards.o(i.bsp_board_led_invert)
    bsp_board_led_off                        0x00021615   Thumb Code    16  boards.o(i.bsp_board_led_off)
    bsp_board_led_on                         0x00021629   Thumb Code    16  boards.o(i.bsp_board_led_on)
    bsp_board_led_state_get                  0x0002163d   Thumb Code    44  boards.o(i.bsp_board_led_state_get)
    bsp_board_leds_init                      0x0002166d   Thumb Code    42  boards.o(i.bsp_board_leds_init)
    bsp_board_leds_off                       0x0002169d   Thumb Code    20  boards.o(i.bsp_board_leds_off)
    bsp_board_leds_on                        0x000216b1   Thumb Code    20  boards.o(i.bsp_board_leds_on)
    bsp_board_pin_to_button_idx              0x000216c5   Thumb Code    32  boards.o(i.bsp_board_pin_to_button_idx)
    bsp_btn_ble_init                         0x000216e9   Thumb Code    36  bsp_btn_ble.o(i.bsp_btn_ble_init)
    bsp_btn_ble_on_ble_evt                   0x00021715   Thumb Code   110  bsp_btn_ble.o(i.bsp_btn_ble_on_ble_evt)
    bsp_btn_ble_sleep_mode_prepare           0x0002178d   Thumb Code    50  bsp_btn_ble.o(i.bsp_btn_ble_sleep_mode_prepare)
    bsp_button_is_pressed                    0x00021891   Thumb Code    12  bsp.o(i.bsp_button_is_pressed)
    bsp_event_handler                        0x0002189d   Thumb Code   104  cherubimind_ble.o(i.bsp_event_handler)
    bsp_event_to_button_action_assign        0x00021909   Thumb Code    86  bsp.o(i.bsp_event_to_button_action_assign)
    bsp_indication_set                       0x00021965   Thumb Code    28  bsp.o(i.bsp_indication_set)
    bsp_init                                 0x00021985   Thumb Code   140  bsp.o(i.bsp_init)
    bsp_wakeup_button_enable                 0x00021d59   Thumb Code    22  bsp.o(i.bsp_wakeup_button_enable)
    buttons_leds_init                        0x00021d7d   Thumb Code    82  cherubimind_ble.o(i.buttons_leds_init)
    chunk_queue_next                         0x00021f25   Thumb Code    26  fds.o(i.chunk_queue_next)
    conn_params_error_handler                0x0002213f   Thumb Code    16  cherubimind_ble.o(i.conn_params_error_handler)
    conn_params_init                         0x00022151   Thumb Code    82  cherubimind_ble.o(i.conn_params_init)
    data_send_by_nus                         0x000222dd   Thumb Code    18  cherubimind_ble.o(i.data_send_by_nus)
    fds_file_delete                          0x000229c5   Thumb Code    72  fds.o(i.fds_file_delete)
    fds_gc                                   0x00022a0d   Thumb Code    60  fds.o(i.fds_gc)
    fds_init                                 0x00022a4d   Thumb Code   178  fds.o(i.fds_init)
    fds_record_close                         0x00022b01   Thumb Code    84  fds.o(i.fds_record_close)
    fds_record_find                          0x00022b59   Thumb Code    22  fds.o(i.fds_record_find)
    fds_record_find_by_key                   0x00022b6f   Thumb Code    20  fds.o(i.fds_record_find_by_key)
    fds_record_find_in_file                  0x00022b83   Thumb Code    20  fds.o(i.fds_record_find_in_file)
    fds_record_id_from_desc                  0x00022b97   Thumb Code    18  fds.o(i.fds_record_id_from_desc)
    fds_record_open                          0x00022ba9   Thumb Code    72  fds.o(i.fds_record_open)
    fds_record_update                        0x00022bf5   Thumb Code    26  fds.o(i.fds_record_update)
    fds_record_write                         0x00022c0f   Thumb Code    20  fds.o(i.fds_record_write)
    fds_record_write_reserved                0x00022c23   Thumb Code    28  fds.o(i.fds_record_write_reserved)
    fds_register                             0x00022c41   Thumb Code    38  fds.o(i.fds_register)
    fds_reserve                              0x00022c71   Thumb Code    48  fds.o(i.fds_reserve)
    fds_reserve_cancel                       0x00022ca1   Thumb Code    74  fds.o(i.fds_reserve_cancel)
    fs_erase                                 0x00022ee9   Thumb Code   124  fstorage.o(i.fs_erase)
    fs_init                                  0x00022f91   Thumb Code   178  fstorage.o(i.fs_init)
    fs_queued_op_count_get                   0x00023051   Thumb Code    18  fstorage.o(i.fs_queued_op_count_get)
    fs_store                                 0x00023069   Thumb Code   142  fstorage.o(i.fs_store)
    fs_sys_event_handler                     0x000230fd   Thumb Code   100  fstorage.o(i.fs_sys_event_handler)
    gap_params_init                          0x00023169   Thumb Code   140  cherubimind_ble.o(i.gap_params_init)
    gcm_ble_evt_handler                      0x000234e9   Thumb Code   110  gatt_cache_manager.o(i.gcm_ble_evt_handler)
    gcm_gscm_evt_handler                     0x0002355d   Thumb Code   114  gatt_cache_manager.o(i.gcm_gscm_evt_handler)
    gcm_im_evt_handler                       0x000235d5   Thumb Code    44  gatt_cache_manager.o(i.gcm_im_evt_handler)
    gcm_init                                 0x00023605   Thumb Code    84  gatt_cache_manager.o(i.gcm_init)
    gcm_local_database_has_changed           0x0002366d   Thumb Code    70  gatt_cache_manager.o(i.gcm_local_database_has_changed)
    gcm_smd_evt_handler                      0x000236b9   Thumb Code    24  gatt_cache_manager.o(i.gcm_smd_evt_handler)
    get_connection_by_conn_handle            0x000236d1   Thumb Code    50  id_manager.o(i.get_connection_by_conn_handle)
    get_free_connection                      0x0002370d   Thumb Code    42  id_manager.o(i.get_free_connection)
    gscm_db_change_notification_done         0x000237c1   Thumb Code    24  gatts_cache_manager.o(i.gscm_db_change_notification_done)
    gscm_init                                0x000237dd   Thumb Code    16  gatts_cache_manager.o(i.gscm_init)
    gscm_local_database_has_changed          0x000237f1   Thumb Code    20  gatts_cache_manager.o(i.gscm_local_database_has_changed)
    gscm_local_db_cache_apply                0x00023809   Thumb Code   144  gatts_cache_manager.o(i.gscm_local_db_cache_apply)
    gscm_local_db_cache_update               0x00023899   Thumb Code   150  gatts_cache_manager.o(i.gscm_local_db_cache_update)
    gscm_pdb_evt_handler                     0x00023931   Thumb Code    84  gatts_cache_manager.o(i.gscm_pdb_evt_handler)
    gscm_service_changed_ind_needed          0x00023989   Thumb Code    36  gatts_cache_manager.o(i.gscm_service_changed_ind_needed)
    gscm_service_changed_ind_send            0x000239ad   Thumb Code    54  gatts_cache_manager.o(i.gscm_service_changed_ind_send)
    im_address_resolve                       0x00023a01   Thumb Code    76  id_manager.o(i.im_address_resolve)
    im_ble_addr_get                          0x00023a4d   Thumb Code    48  id_manager.o(i.im_ble_addr_get)
    im_ble_evt_handler                       0x00023a81   Thumb Code   206  id_manager.o(i.im_ble_evt_handler)
    im_conn_handle_get                       0x00023b51   Thumb Code    44  id_manager.o(i.im_conn_handle_get)
    im_init                                  0x00023b81   Thumb Code    36  id_manager.o(i.im_init)
    im_is_duplicate_bonding_data             0x00023bad   Thumb Code    68  id_manager.o(i.im_is_duplicate_bonding_data)
    im_master_id_is_valid                    0x00023bf1   Thumb Code    34  id_manager.o(i.im_master_id_is_valid)
    im_master_ids_compare                    0x00023c13   Thumb Code    50  id_manager.o(i.im_master_ids_compare)
    im_new_peer_id                           0x00023c45   Thumb Code    16  id_manager.o(i.im_new_peer_id)
    im_pdb_evt_handler                       0x00023c55   Thumb Code   124  id_manager.o(i.im_pdb_evt_handler)
    im_peer_free                             0x00023cd1   Thumb Code    42  id_manager.o(i.im_peer_free)
    im_peer_id_get_by_conn_handle            0x00023cfd   Thumb Code    34  id_manager.o(i.im_peer_id_get_by_conn_handle)
    im_peer_id_get_by_master_id              0x00023d25   Thumb Code    64  id_manager.o(i.im_peer_id_get_by_master_id)
    intern_softdevice_events_execute         0x00023e7d   Thumb Code   158  softdevice_handler.o(i.intern_softdevice_events_execute)
    is_valid_irk                             0x00024091   Thumb Code    24  id_manager.o(i.is_valid_irk)
    main                                     0x00024789   Thumb Code   102  main.o(i.main)
    new_connection                           0x00024929   Thumb Code   104  id_manager.o(i.new_connection)
    next_id_get                              0x00024999   Thumb Code    52  peer_id.o(i.next_id_get)
    nrf_drv_clock_init                       0x00024aad   Thumb Code    94  nrf_drv_clock.o(i.nrf_drv_clock_init)
    nrf_drv_clock_on_sd_enable               0x00024b15   Thumb Code    46  nrf_drv_clock.o(i.nrf_drv_clock_on_sd_enable)
    nrf_drv_clock_on_soc_event               0x00024b49   Thumb Code    14  nrf_drv_clock.o(i.nrf_drv_clock_on_soc_event)
    nrf_drv_common_irq_enable                0x00024b59   Thumb Code    84  nrf_drv_common.o(i.nrf_drv_common_irq_enable)
    nrf_drv_gpiote_in_event_enable           0x00024bc5   Thumb Code   164  nrf_drv_gpiote.o(i.nrf_drv_gpiote_in_event_enable)
    nrf_drv_gpiote_in_init                   0x00024c71   Thumb Code   206  nrf_drv_gpiote.o(i.nrf_drv_gpiote_in_init)
    nrf_drv_gpiote_in_is_set                 0x00024d4d   Thumb Code    20  nrf_drv_gpiote.o(i.nrf_drv_gpiote_in_is_set)
    nrf_drv_gpiote_init                      0x00024d61   Thumb Code    90  nrf_drv_gpiote.o(i.nrf_drv_gpiote_init)
    nrf_drv_gpiote_is_init                   0x00024dc1   Thumb Code    16  nrf_drv_gpiote.o(i.nrf_drv_gpiote_is_init)
    nrf_drv_uart_init                        0x00024de9   Thumb Code   126  nrf_drv_uart.o(i.nrf_drv_uart_init)
    nrf_drv_uart_rx                          0x00024e6d   Thumb Code   208  nrf_drv_uart.o(i.nrf_drv_uart_rx)
    nrf_drv_uart_rx_enable                   0x00024f41   Thumb Code    46  nrf_drv_uart.o(i.nrf_drv_uart_rx_enable)
    nrf_drv_uart_tx                          0x00025109   Thumb Code    96  nrf_drv_uart.o(i.nrf_drv_uart_tx)
    nrf_drv_uart_tx_in_progress              0x00025275   Thumb Code    22  nrf_drv_uart.o(i.nrf_drv_uart_tx_in_progress)
    on_adv_evt                               0x0002553b   Thumb Code    50  cherubimind_ble.o(i.on_adv_evt)
    on_ble_evt                               0x0002556d   Thumb Code   330  cherubimind_ble.o(i.on_ble_evt)
    on_conn_params_evt                       0x000256bd   Thumb Code    38  cherubimind_ble.o(i.on_conn_params_evt)
    pdb_init                                 0x00025dc9   Thumb Code    52  peer_database.o(i.pdb_init)
    pdb_next_deleted_peer_id_get             0x00025e0d   Thumb Code    12  peer_database.o(i.pdb_next_deleted_peer_id_get)
    pdb_next_peer_id_get                     0x00025e19   Thumb Code    12  peer_database.o(i.pdb_next_peer_id_get)
    pdb_pds_evt_handler                      0x00025e25   Thumb Code   436  peer_database.o(i.pdb_pds_evt_handler)
    pdb_peer_allocate                        0x00025fe1   Thumb Code     8  peer_database.o(i.pdb_peer_allocate)
    pdb_peer_data_ptr_get                    0x00025fe9   Thumb Code    22  peer_database.o(i.pdb_peer_data_ptr_get)
    pdb_peer_free                            0x00025fff   Thumb Code    88  peer_database.o(i.pdb_peer_free)
    pdb_raw_store                            0x00026057   Thumb Code    22  peer_database.o(i.pdb_raw_store)
    pdb_write_buf_get                        0x0002606d   Thumb Code   302  peer_database.o(i.pdb_write_buf_get)
    pdb_write_buf_release                    0x000261a1   Thumb Code    54  peer_database.o(i.pdb_write_buf_release)
    pdb_write_buf_store                      0x000261d9   Thumb Code   252  peer_database.o(i.pdb_write_buf_store)
    pdb_write_buf_store_prepare              0x000262dd   Thumb Code   116  peer_database.o(i.pdb_write_buf_store_prepare)
    pds_init                                 0x00026375   Thumb Code    46  peer_data_storage.o(i.pds_init)
    pds_next_deleted_peer_id_get             0x000263ad   Thumb Code    12  peer_data_storage.o(i.pds_next_deleted_peer_id_get)
    pds_next_peer_id_get                     0x000263b9   Thumb Code    12  peer_data_storage.o(i.pds_next_peer_id_get)
    pds_peer_data_iterate                    0x000263c5   Thumb Code    88  peer_data_storage.o(i.pds_peer_data_iterate)
    pds_peer_data_iterate_prepare            0x00026421   Thumb Code    10  peer_data_storage.o(i.pds_peer_data_iterate_prepare)
    pds_peer_data_read                       0x00026431   Thumb Code   136  peer_data_storage.o(i.pds_peer_data_read)
    pds_peer_data_store                      0x000264b9   Thumb Code   186  peer_data_storage.o(i.pds_peer_data_store)
    pds_peer_id_allocate                     0x00026573   Thumb Code    12  peer_data_storage.o(i.pds_peer_id_allocate)
    pds_peer_id_free                         0x0002657f   Thumb Code    30  peer_data_storage.o(i.pds_peer_id_free)
    pds_peer_id_is_allocated                 0x0002659d   Thumb Code    12  peer_data_storage.o(i.pds_peer_id_is_allocated)
    pds_space_reserve                        0x000265a9   Thumb Code    60  peer_data_storage.o(i.pds_space_reserve)
    pds_space_reserve_cancel                 0x000265e5   Thumb Code    20  peer_data_storage.o(i.pds_space_reserve_cancel)
    peer_id_allocate                         0x00026741   Thumb Code    14  peer_id.o(i.peer_id_allocate)
    peer_id_delete                           0x00026755   Thumb Code    38  peer_id.o(i.peer_id_delete)
    peer_id_free                             0x00026781   Thumb Code    24  peer_id.o(i.peer_id_free)
    peer_id_get_next_deleted                 0x0002679d   Thumb Code    14  peer_id.o(i.peer_id_get_next_deleted)
    peer_id_get_next_used                    0x000267b1   Thumb Code    50  peer_id.o(i.peer_id_get_next_used)
    peer_id_init                             0x000267e9   Thumb Code    32  peer_id.o(i.peer_id_init)
    peer_id_is_allocated                     0x0002680d   Thumb Code    22  peer_id.o(i.peer_id_is_allocated)
    peer_id_is_deleted                       0x00026829   Thumb Code    22  peer_id.o(i.peer_id_is_deleted)
    peer_manager_init                        0x000268b9   Thumb Code   258  cherubimind_ble.o(i.peer_manager_init)
    pm_buffer_block_acquire                  0x00026a21   Thumb Code    98  pm_buffer.o(i.pm_buffer_block_acquire)
    pm_buffer_init                           0x00026a83   Thumb Code    78  pm_buffer.o(i.pm_buffer_init)
    pm_buffer_ptr_get                        0x00026ad1   Thumb Code    48  pm_buffer.o(i.pm_buffer_ptr_get)
    pm_buffer_release                        0x00026b01   Thumb Code    40  pm_buffer.o(i.pm_buffer_release)
    pm_conn_sec_config_reply                 0x00026b29   Thumb Code    16  peer_manager.o(i.pm_conn_sec_config_reply)
    pm_evt_handler                           0x00026b39   Thumb Code   196  cherubimind_ble.o(i.pm_evt_handler)
    pm_gcm_evt_handler                       0x00026bfd   Thumb Code   190  peer_manager.o(i.pm_gcm_evt_handler)
    pm_im_evt_handler                        0x00026cbd   Thumb Code    82  peer_manager.o(i.pm_im_evt_handler)
    pm_init                                  0x00026d15   Thumb Code   146  peer_manager.o(i.pm_init)
    pm_local_database_has_changed            0x00026db9   Thumb Code    22  peer_manager.o(i.pm_local_database_has_changed)
    pm_mutex_init                            0x00026dd5   Thumb Code    20  pm_mutex.o(i.pm_mutex_init)
    pm_mutex_lock                            0x00026de9   Thumb Code    32  pm_mutex.o(i.pm_mutex_lock)
    pm_mutex_lock_first_available            0x00026e09   Thumb Code    48  pm_mutex.o(i.pm_mutex_lock_first_available)
    pm_mutex_lock_status_get                 0x00026e39   Thumb Code    36  pm_mutex.o(i.pm_mutex_lock_status_get)
    pm_mutex_unlock                          0x00026e5d   Thumb Code    56  pm_mutex.o(i.pm_mutex_unlock)
    pm_on_ble_evt                            0x00026e95   Thumb Code    38  peer_manager.o(i.pm_on_ble_evt)
    pm_pdb_evt_handler                       0x00026ec1   Thumb Code   440  peer_manager.o(i.pm_pdb_evt_handler)
    pm_peer_delete                           0x00027089   Thumb Code    26  peer_manager.o(i.pm_peer_delete)
    pm_peers_delete                          0x000270a9   Thumb Code    70  peer_manager.o(i.pm_peers_delete)
    pm_register                              0x000270f9   Thumb Code    52  peer_manager.o(i.pm_register)
    pm_sec_params_set                        0x00027139   Thumb Code    30  peer_manager.o(i.pm_sec_params_set)
    pm_sm_evt_handler                        0x0002715d   Thumb Code   424  peer_manager.o(i.pm_sm_evt_handler)
    sdk_mapped_flags_bulk_update_by_key      0x00027cb1   Thumb Code   118  sdk_mapped_flags.o(i.sdk_mapped_flags_bulk_update_by_key)
    sdk_mapped_flags_first_key_index_get     0x00027d27   Thumb Code    36  sdk_mapped_flags.o(i.sdk_mapped_flags_first_key_index_get)
    sdk_mapped_flags_get_by_key              0x00027d5d   Thumb Code    46  sdk_mapped_flags.o(i.sdk_mapped_flags_get_by_key)
    sdk_mapped_flags_key_list_get            0x00027d8b   Thumb Code    66  sdk_mapped_flags.o(i.sdk_mapped_flags_key_list_get)
    sdk_mapped_flags_update_by_key           0x00027dcd   Thumb Code    26  sdk_mapped_flags.o(i.sdk_mapped_flags_update_by_key)
    services_init                            0x000282fd   Thumb Code   222  cherubimind_ble.o(i.services_init)
    sleep_mode_enter                         0x000284f1   Thumb Code    76  cherubimind_ble.o(i.sleep_mode_enter)
    sm_ble_evt_handler                       0x0002853d   Thumb Code    20  security_manager.o(i.sm_ble_evt_handler)
    sm_conn_sec_config_reply                 0x00028555   Thumb Code    30  security_manager.o(i.sm_conn_sec_config_reply)
    sm_init                                  0x00028579   Thumb Code    66  security_manager.o(i.sm_init)
    sm_pdb_evt_handler                       0x000285dd   Thumb Code    80  security_manager.o(i.sm_pdb_evt_handler)
    sm_sec_params_set                        0x0002863d   Thumb Code    46  security_manager.o(i.sm_sec_params_set)
    sm_smd_evt_handler                       0x00028675   Thumb Code   156  security_manager.o(i.sm_smd_evt_handler)
    smd_ble_evt_handler                      0x00028719   Thumb Code    88  security_dispatcher.o(i.smd_ble_evt_handler)
    smd_init                                 0x00028771   Thumb Code    58  security_dispatcher.o(i.smd_init)
    smd_link_secure                          0x000287bd   Thumb Code    56  security_dispatcher.o(i.smd_link_secure)
    smd_params_reply                         0x000287f5   Thumb Code   284  security_dispatcher.o(i.smd_params_reply)
    smd_pdb_evt_handler                      0x000289a5   Thumb Code    48  security_dispatcher.o(i.smd_pdb_evt_handler)
    softdevice_ble_evt_handler_set           0x000289d9   Thumb Code    20  softdevice_handler.o(i.softdevice_ble_evt_handler_set)
    softdevice_enable                        0x000289f1   Thumb Code    34  softdevice_handler.o(i.softdevice_enable)
    softdevice_enable_get_default_config     0x00028a19   Thumb Code    44  softdevice_handler.o(i.softdevice_enable_get_default_config)
    softdevice_fault_handler                 0x00028a45   Thumb Code    20  softdevice_handler.o(i.softdevice_fault_handler)
    softdevice_handler_init                  0x00028a59   Thumb Code   134  softdevice_handler.o(i.softdevice_handler_init)
    softdevice_handler_is_enabled            0x00028af5   Thumb Code     6  softdevice_handler.o(i.softdevice_handler_is_enabled)
    softdevice_sys_evt_handler_set           0x00028b01   Thumb Code    20  softdevice_handler.o(i.softdevice_sys_evt_handler_set)
    sys_evt_dispatch                         0x00028b7f   Thumb Code    18  cherubimind_ble.o(i.sys_evt_dispatch)
    timers_init                              0x00028e4d   Thumb Code    70  cherubimind.o(i.timers_init)
    uart_event_handle                        0x0002900d   Thumb Code   690  cherubimind.o(i.uart_event_handle)
    uart_init                                0x000294b1   Thumb Code    74  cherubimind.o(i.uart_init)
    Region$$Table$$Base                      0x00029ee0   Number         0  anon$$obj.o(Region$$Table)
    Region$$Table$$Limit                     0x00029f00   Number         0  anon$$obj.o(Region$$Table)
    Image$$RW_IRAM1$$Base                    0x20002128   Number         0  anon$$obj.o ABSOLUTE
    m_conn_handle                            0x20002146   Data           2  cherubimind_ble.o(.data)
    m_adv_uuids                              0x20002148   Data          12  cherubimind_ble.o(.data)
    SystemCoreClock                          0x2000228c   Data           4  system_nrf52.o(.data)
    fs_data$$Base                            0x20002290   Number         0  fds.o(fs_data)
    fs_data$$Limit                           0x200022a0   Number         0  fds.o(fs_data)
    nrf_nvic_state                           0x20002cc8   Data          12  app_util_platform.o(.bss)
    _SEGGER_RTT                              0x20002ec8   Data         120  segger_rtt.o(.bss)
    __initial_sp                             0x20004f40   Data           0  arm_startup_nrf52.o(STACK)



==============================================================================

Memory Map of the image

  Image Entry point : 0x0001f401

  Load Region LR_IROM1 (Base: 0x0001f000, Size: 0x0000b078, Max: 0x00061000, ABSOLUTE, COMPRESSED[0x0000af4c])

    Execution Region ER_IROM1 (Base: 0x0001f000, Size: 0x0000af00, Max: 0x00061000, ABSOLUTE)

    Base Addr    Size         Type   Attr      Idx    E Section Name        Object

    0x0001f000   0x00000400   Data   RO         5670    RESET               arm_startup_nrf52.o
    0x0001f400   0x00000000   Code   RO         5751  * .ARM.Collect$$$$00000000  mc_w.l(entry.o)
    0x0001f400   0x00000004   Code   RO         5773    .ARM.Collect$$$$00000001  mc_w.l(entry2.o)
    0x0001f404   0x00000004   Code   RO         5776    .ARM.Collect$$$$00000004  mc_w.l(entry5.o)
    0x0001f408   0x00000000   Code   RO         5778    .ARM.Collect$$$$00000008  mc_w.l(entry7b.o)
    0x0001f408   0x00000000   Code   RO         5780    .ARM.Collect$$$$0000000A  mc_w.l(entry8b.o)
    0x0001f408   0x00000008   Code   RO         5781    .ARM.Collect$$$$0000000B  mc_w.l(entry9a.o)
    0x0001f410   0x00000000   Code   RO         5783    .ARM.Collect$$$$0000000D  mc_w.l(entry10a.o)
    0x0001f410   0x00000000   Code   RO         5785    .ARM.Collect$$$$0000000F  mc_w.l(entry11a.o)
    0x0001f410   0x00000004   Code   RO         5774    .ARM.Collect$$$$00002712  mc_w.l(entry2.o)
    0x0001f414   0x00000024   Code   RO         5671    .text               arm_startup_nrf52.o
    0x0001f438   0x00000024   Code   RO         5759    .text               mc_w.l(memcpya.o)
    0x0001f45c   0x00000024   Code   RO         5761    .text               mc_w.l(memseta.o)
    0x0001f480   0x0000000e   Code   RO         5763    .text               mc_w.l(strlen.o)
    0x0001f48e   0x0000001a   Code   RO         5767    .text               mc_w.l(memcmp.o)
    0x0001f4a8   0x00000012   Code   RO         5769    .text               mc_w.l(strcpy.o)
    0x0001f4ba   0x00000002   PAD
    0x0001f4bc   0x00000024   Code   RO         5789    .text               mc_w.l(init.o)
    0x0001f4e0   0x00000056   Code   RO         5799    .text               mc_w.l(__dczerorl2.o)
    0x0001f536   0x00000002   PAD
    0x0001f538   0x00000238   Code   RO         3294    i.GPIOTE_IRQHandler  nrf_drv_gpiote.o
    0x0001f770   0x00000018   Code   RO         4026    i.NVIC_ClearPendingIRQ  app_timer.o
    0x0001f788   0x00000018   Code   RO         5523    i.NVIC_DisableIRQ   softdevice_handler.o
    0x0001f7a0   0x00000016   Code   RO         4027    i.NVIC_EnableIRQ    app_timer.o
    0x0001f7b6   0x00000016   Code   RO         5524    i.NVIC_EnableIRQ    softdevice_handler.o
    0x0001f7cc   0x00000018   Code   RO         4028    i.NVIC_SetPendingIRQ  app_timer.o
    0x0001f7e4   0x00000028   Code   RO         4029    i.NVIC_SetPriority  app_timer.o
    0x0001f80c   0x00000050   Code   RO         3045    i.POWER_CLOCK_IRQHandler  nrf_drv_clock.o
    0x0001f85c   0x00000034   Code   RO         4030    i.RTC1_IRQHandler   app_timer.o
    0x0001f890   0x00000044   Code   RO         5331    i.SEGGER_RTT_Write  segger_rtt.o
    0x0001f8d4   0x00000084   Code   RO         5332    i.SEGGER_RTT_WriteNoLock  segger_rtt.o
    0x0001f958   0x0000001a   Code   RO         5334    i.SEGGER_RTT_WriteString  segger_rtt.o
    0x0001f972   0x00000008   Code   RO         4031    i.SWI0_EGU0_IRQHandler  app_timer.o
    0x0001f97a   0x00000002   PAD
    0x0001f97c   0x00000030   Code   RO         5525    i.SWI2_EGU2_IRQHandler  softdevice_handler.o
    0x0001f9ac   0x00000010   Code   RO         5678    i.SystemCoreClockUpdate  system_nrf52.o
    0x0001f9bc   0x0000024c   Code   RO         5679    i.SystemInit        system_nrf52.o
    0x0001fc08   0x00000024   Code   RO         3584    i.UARTE0_UART0_IRQHandler  nrf_drv_uart.o
    0x0001fc2c   0x0000006c   Code   RO         5335    i._DoInit           segger_rtt.o
    0x0001fc98   0x0000001c   Code   RO         5336    i._GetAvailWriteSpace  segger_rtt.o
    0x0001fcb4   0x00000072   Code   RO         5338    i._WriteBlocking    segger_rtt.o
    0x0001fd26   0x0000004c   Code   RO         5339    i._WriteNoCheck     segger_rtt.o
    0x0001fd72   0x0000000e   Code   RO         5793    i.__scatterload_copy  mc_w.l(handlers.o)
    0x0001fd80   0x00000002   Code   RO         5794    i.__scatterload_null  mc_w.l(handlers.o)
    0x0001fd82   0x0000000e   Code   RO         5795    i.__scatterload_zeroinit  mc_w.l(handlers.o)
    0x0001fd90   0x00000038   Code   RO         5526    i.__sd_nvic_app_accessible_irq  softdevice_handler.o
    0x0001fdc8   0x0000000c   Code   RO         4246    i.__sd_nvic_irq_disable  app_util_platform.o
    0x0001fdd4   0x00000032   Code   RO         1593    i.addr_compare      id_manager.o
    0x0001fe06   0x00000018   Code   RO          930    i.addr_is_valid     ble_advertising.o
    0x0001fe1e   0x00000002   PAD
    0x0001fe20   0x0000002c   Code   RO         4335    i.address_is_valid  fds.o
    0x0001fe4c   0x0000016c   Code   RO          823    i.adv_data_encode   ble_advdata.o
    0x0001ffb8   0x00000060   Code   RO          931    i.adv_mode_next_avail_get  ble_advertising.o
    0x00020018   0x00000012   Code   RO          932    i.adv_mode_next_get  ble_advertising.o
    0x0002002a   0x00000012   Code   RO          824    i.advdata_check     ble_advdata.o
    0x0002003c   0x00000054   Code   RO          731    i.advertising_buttons_configure  bsp_btn_ble.o
    0x00020090   0x000000b4   Code   RO          362    i.advertising_init  cherubimind_ble.o
    0x00020144   0x0000001e   Code   RO          363    i.advertising_start  cherubimind_ble.o
    0x00020162   0x00000056   Code   RO         1594    i.ah                id_manager.o
    0x000201b8   0x0000000c   Code   RO          619    i.alert_timer_handler  bsp.o
    0x000201c4   0x0000002c   Code   RO         3891    i.app_button_enable  app_button.o
    0x000201f0   0x000000a8   Code   RO         3892    i.app_button_init   app_button.o
    0x00020298   0x00000044   Code   RO         3995    i.app_error_fault_handler  app_error_weak.o
    0x000202dc   0x0000001c   Code   RO         3953    i.app_error_handler_bare  app_error.o
    0x000202f8   0x0000001e   Code   RO         5104    i.app_fifo_get      app_fifo.o
    0x00020316   0x00000024   Code   RO         5105    i.app_fifo_init     app_fifo.o
    0x0002033a   0x00000022   Code   RO         5107    i.app_fifo_put      app_fifo.o
    0x0002035c   0x0000003c   Code   RO         4034    i.app_timer_create  app_timer.o
    0x00020398   0x0000008c   Code   RO         4035    i.app_timer_init    app_timer.o
    0x00020424   0x00000054   Code   RO         4036    i.app_timer_start   app_timer.o
    0x00020478   0x00000030   Code   RO         4037    i.app_timer_stop    app_timer.o
    0x000204a8   0x00000054   Code   RO         5031    i.app_uart_get      app_uart_fifo.o
    0x000204fc   0x000000e8   Code   RO         5032    i.app_uart_init     app_uart_fifo.o
    0x000205e4   0x0000000c   Code   RO         4247    i.app_util_critical_region_enter  app_util_platform.o
    0x000205f0   0x00000048   Code   RO         4248    i.app_util_critical_region_exit  app_util_platform.o
    0x00020638   0x00000052   Code   RO          825    i.appearance_encode  ble_advdata.o
    0x0002068a   0x00000002   PAD
    0x0002068c   0x0000002c   Code   RO          294    i.application_timers_start  cherubimind.o
    0x000206b8   0x000000e4   Code   RO         3585    i.apply_config      nrf_drv_uart.o
    0x0002079c   0x00000058   Code   RO         1367    i.apply_pending_flags_check  gatt_cache_manager.o
    0x000207f4   0x00000014   Code   RO         2641    i.auth_status_failure_process  security_dispatcher.o
    0x00020808   0x0000001c   Code   RO         2642    i.auth_status_process  security_dispatcher.o
    0x00020824   0x000000bc   Code   RO         2643    i.auth_status_success_process  security_dispatcher.o
    0x000208e0   0x000001d4   Code   RO         2927    i.battery_level_char_add  ble_bas.o
    0x00020ab4   0x00000044   Code   RO          365    i.battery_level_update  cherubimind_ble.o
    0x00020af8   0x0000000a   Code   RO          295    i.battery_measurement_timeout_handler  cherubimind.o
    0x00020b02   0x00000094   Code   RO          826    i.ble_advdata_set   ble_advdata.o
    0x00020b96   0x00000002   PAD
    0x00020b98   0x00000174   Code   RO          933    i.ble_advertising_init  ble_advertising.o
    0x00020d0c   0x00000032   Code   RO          934    i.ble_advertising_on_ble_evt  ble_advertising.o
    0x00020d3e   0x00000002   PAD
    0x00020d40   0x0000004c   Code   RO          935    i.ble_advertising_on_sys_evt  ble_advertising.o
    0x00020d8c   0x00000058   Code   RO          937    i.ble_advertising_restart_without_whitelist  ble_advertising.o
    0x00020de4   0x00000168   Code   RO          938    i.ble_advertising_start  ble_advertising.o
    0x00020f4c   0x0000008c   Code   RO         2928    i.ble_bas_battery_level_update  ble_bas.o
    0x00020fd8   0x0000004c   Code   RO         2929    i.ble_bas_init      ble_bas.o
    0x00021024   0x00000042   Code   RO         2930    i.ble_bas_on_ble_evt  ble_bas.o
    0x00021066   0x00000002   PAD
    0x00021068   0x00000070   Code   RO         1054    i.ble_conn_params_init  ble_conn_params.o
    0x000210d8   0x0000003e   Code   RO         1055    i.ble_conn_params_on_ble_evt  ble_conn_params.o
    0x00021116   0x00000002   PAD
    0x00021118   0x00000018   Code   RO         1143    i.ble_conn_state_conn_handles  ble_conn_state.o
    0x00021130   0x00000018   Code   RO         1144    i.ble_conn_state_encrypted  ble_conn_state.o
    0x00021148   0x00000018   Code   RO         1146    i.ble_conn_state_mitm_protected  ble_conn_state.o
    0x00021160   0x0000009c   Code   RO         1150    i.ble_conn_state_on_ble_evt  ble_conn_state.o
    0x000211fc   0x00000038   Code   RO         1152    i.ble_conn_state_role  ble_conn_state.o
    0x00021234   0x00000024   Code   RO         1154    i.ble_conn_state_user_flag_acquire  ble_conn_state.o
    0x00021258   0x0000001c   Code   RO         1155    i.ble_conn_state_user_flag_collection  ble_conn_state.o
    0x00021274   0x00000024   Code   RO         1156    i.ble_conn_state_user_flag_get  ble_conn_state.o
    0x00021298   0x00000024   Code   RO         1157    i.ble_conn_state_user_flag_set  ble_conn_state.o
    0x000212bc   0x00000076   Code   RO          827    i.ble_device_addr_encode  ble_advdata.o
    0x00021332   0x00000002   PAD
    0x00021334   0x00000044   Code   RO          366    i.ble_evt_dispatch  cherubimind_ble.o
    0x00021378   0x00000094   Code   RO         2983    i.ble_nus_init      ble_nus.o
    0x0002140c   0x00000042   Code   RO         2984    i.ble_nus_on_ble_evt  ble_nus.o
    0x0002144e   0x00000056   Code   RO         2985    i.ble_nus_string_send  ble_nus.o
    0x000214a4   0x00000012   Code   RO         1301    i.ble_srv_is_notification_enabled  ble_srv_common.o
    0x000214b6   0x0000003c   Code   RO         1302    i.ble_srv_report_ref_encode  ble_srv_common.o
    0x000214f2   0x00000002   PAD
    0x000214f4   0x000000b4   Code   RO          367    i.ble_stack_init    cherubimind_ble.o
    0x000215a8   0x0000000c   Code   RO          508    i.bsp_board_button_idx_to_pin  boards.o
    0x000215b4   0x00000030   Code   RO          509    i.bsp_board_button_state_get  boards.o
    0x000215e4   0x00000030   Code   RO          512    i.bsp_board_led_invert  boards.o
    0x00021614   0x00000014   Code   RO          513    i.bsp_board_led_off  boards.o
    0x00021628   0x00000014   Code   RO          514    i.bsp_board_led_on  boards.o
    0x0002163c   0x00000030   Code   RO          515    i.bsp_board_led_state_get  boards.o
    0x0002166c   0x00000030   Code   RO          516    i.bsp_board_leds_init  boards.o
    0x0002169c   0x00000014   Code   RO          517    i.bsp_board_leds_off  boards.o
    0x000216b0   0x00000014   Code   RO          518    i.bsp_board_leds_on  boards.o
    0x000216c4   0x00000024   Code   RO          519    i.bsp_board_pin_to_button_idx  boards.o
    0x000216e8   0x0000002c   Code   RO          732    i.bsp_btn_ble_init  bsp_btn_ble.o
    0x00021714   0x00000078   Code   RO          733    i.bsp_btn_ble_on_ble_evt  bsp_btn_ble.o
    0x0002178c   0x00000032   Code   RO          734    i.bsp_btn_ble_sleep_mode_prepare  bsp_btn_ble.o
    0x000217be   0x00000002   PAD
    0x000217c0   0x000000d0   Code   RO          620    i.bsp_button_event_handler  bsp.o
    0x00021890   0x0000000c   Code   RO          621    i.bsp_button_is_pressed  bsp.o
    0x0002189c   0x0000006c   Code   RO          368    i.bsp_event_handler  cherubimind_ble.o
    0x00021908   0x0000005c   Code   RO          624    i.bsp_event_to_button_action_assign  bsp.o
    0x00021964   0x00000020   Code   RO          625    i.bsp_indication_set  bsp.o
    0x00021984   0x000000b4   Code   RO          626    i.bsp_init          bsp.o
    0x00021a38   0x00000320   Code   RO          627    i.bsp_led_indication  bsp.o
    0x00021d58   0x00000016   Code   RO          629    i.bsp_wakeup_button_enable  bsp.o
    0x00021d6e   0x0000000e   Code   RO          630    i.button_timer_handler  bsp.o
    0x00021d7c   0x00000058   Code   RO          369    i.buttons_leds_init  cherubimind_ble.o
    0x00021dd4   0x00000020   Code   RO         1368    i.cccd_written      gatt_cache_manager.o
    0x00021df4   0x00000020   Code   RO         3295    i.channel_free      nrf_drv_gpiote.o
    0x00021e14   0x00000010   Code   RO         3296    i.channel_handler_get  nrf_drv_gpiote.o
    0x00021e24   0x00000080   Code   RO         3297    i.channel_port_alloc  nrf_drv_gpiote.o
    0x00021ea4   0x0000000c   Code   RO         3298    i.channel_port_get  nrf_drv_gpiote.o
    0x00021eb0   0x00000020   Code   RO         4761    i.check_config      fstorage.o
    0x00021ed0   0x00000022   Code   RO         4336    i.chunk_is_aligned  fds.o
    0x00021ef2   0x00000002   PAD
    0x00021ef4   0x00000030   Code   RO         4337    i.chunk_queue_get_and_advance  fds.o
    0x00021f24   0x00000020   Code   RO         4338    i.chunk_queue_next  fds.o
    0x00021f44   0x0000002c   Code   RO         4339    i.chunk_queue_skip  fds.o
    0x00021f70   0x0000004a   Code   RO         2174    i.claim             peer_id.o
    0x00021fba   0x00000002   PAD
    0x00021fbc   0x00000030   Code   RO         3046    i.clock_clk_started_notify  nrf_drv_clock.o
    0x00021fec   0x00000090   Code   RO         4039    i.compare_reg_update  app_timer.o
    0x0002207c   0x0000005a   Code   RO          828    i.conn_int_check    ble_advdata.o
    0x000220d6   0x00000068   Code   RO          829    i.conn_int_encode   ble_advdata.o
    0x0002213e   0x00000010   Code   RO          370    i.conn_params_error_handler  cherubimind_ble.o
    0x0002214e   0x00000002   PAD
    0x00022150   0x0000005c   Code   RO          371    i.conn_params_init  cherubimind_ble.o
    0x000221ac   0x00000084   Code   RO         1057    i.conn_params_negotiation  ble_conn_params.o
    0x00022230   0x00000058   Code   RO         2644    i.conn_sec_update_process  security_dispatcher.o
    0x00022288   0x00000054   Code   RO          735    i.connection_buttons_configure  bsp_btn_ble.o
    0x000222dc   0x00000018   Code   RO          372    i.data_send_by_nus  cherubimind_ble.o
    0x000222f4   0x0000004a   Code   RO         4340    i.delete_execute    fds.o
    0x0002233e   0x00000002   PAD
    0x00022340   0x0000008c   Code   RO         3894    i.detection_delay_timeout_handler  app_button.o
    0x000223cc   0x00000022   Code   RO         2645    i.disconnect_process  security_dispatcher.o
    0x000223ee   0x00000002   PAD
    0x000223f0   0x00000064   Code   RO         4040    i.elapsed_ticks_acquire  app_timer.o
    0x00022454   0x00000038   Code   RO         2646    i.encryption_failure  security_dispatcher.o
    0x0002248c   0x0000000a   Code   RO         4762    i.erase_execute     fstorage.o
    0x00022496   0x00000002   PAD
    0x00022498   0x00000054   Code   RO         5680    i.errata_108        system_nrf52.o
    0x000224ec   0x00000030   Code   RO         5681    i.errata_16         system_nrf52.o
    0x0002251c   0x00000054   Code   RO         5682    i.errata_31         system_nrf52.o
    0x00022570   0x00000030   Code   RO         5683    i.errata_32         system_nrf52.o
    0x000225a0   0x00000054   Code   RO         5684    i.errata_36         system_nrf52.o
    0x000225f4   0x00000030   Code   RO         5685    i.errata_37         system_nrf52.o
    0x00022624   0x00000030   Code   RO         5686    i.errata_57         system_nrf52.o
    0x00022654   0x00000030   Code   RO         5687    i.errata_66         system_nrf52.o
    0x00022684   0x00000076   Code   RO         4342    i.event_prepare     fds.o
    0x000226fa   0x00000002   PAD
    0x000226fc   0x00000028   Code   RO         4343    i.event_send        fds.o
    0x00022724   0x00000042   Code   RO         2791    i.events_send_from_err_code  security_manager.o
    0x00022766   0x00000002   PAD
    0x00022768   0x00000020   Code   RO         1369    i.evt_send          gatt_cache_manager.o
    0x00022788   0x00000020   Code   RO         1503    i.evt_send          gatts_cache_manager.o
    0x000227a8   0x00000020   Code   RO         1595    i.evt_send          id_manager.o
    0x000227c8   0x00000028   Code   RO         2269    i.evt_send          peer_manager.o
    0x000227f0   0x00000020   Code   RO         2647    i.evt_send          security_dispatcher.o
    0x00022810   0x00000020   Code   RO         2792    i.evt_send          security_manager.o
    0x00022830   0x00000058   Code   RO         4041    i.expired_timers_handler  app_timer.o
    0x00022888   0x0000013c   Code   RO         1827    i.fds_evt_handler   peer_data_storage.o
    0x000229c4   0x00000048   Code   RO         4345    i.fds_file_delete   fds.o
    0x00022a0c   0x00000040   Code   RO         4346    i.fds_gc            fds.o
    0x00022a4c   0x000000b2   Code   RO         4347    i.fds_init          fds.o
    0x00022afe   0x00000002   PAD
    0x00022b00   0x00000058   Code   RO         4348    i.fds_record_close  fds.o
    0x00022b58   0x00000016   Code   RO         4350    i.fds_record_find   fds.o
    0x00022b6e   0x00000014   Code   RO         4351    i.fds_record_find_by_key  fds.o
    0x00022b82   0x00000014   Code   RO         4352    i.fds_record_find_in_file  fds.o
    0x00022b96   0x00000012   Code   RO         4353    i.fds_record_id_from_desc  fds.o
    0x00022ba8   0x0000004c   Code   RO         4355    i.fds_record_open   fds.o
    0x00022bf4   0x0000001a   Code   RO         4356    i.fds_record_update  fds.o
    0x00022c0e   0x00000014   Code   RO         4357    i.fds_record_write  fds.o
    0x00022c22   0x0000001c   Code   RO         4358    i.fds_record_write_reserved  fds.o
    0x00022c3e   0x00000002   PAD
    0x00022c40   0x00000030   Code   RO         4359    i.fds_register      fds.o
    0x00022c70   0x00000030   Code   RO         4360    i.fds_reserve       fds.o
    0x00022ca0   0x00000050   Code   RO         4361    i.fds_reserve_cancel  fds.o
    0x00022cf0   0x00000018   Code   RO         5110    i.fifo_get          app_fifo.o
    0x00022d08   0x0000000a   Code   RO         5034    i.fifo_length       app_uart_fifo.o
    0x00022d12   0x0000000a   Code   RO         5111    i.fifo_length       app_fifo.o
    0x00022d1c   0x00000012   Code   RO         5112    i.fifo_peek         app_fifo.o
    0x00022d2e   0x00000012   Code   RO         5113    i.fifo_put          app_fifo.o
    0x00022d40   0x00000040   Code   RO         4363    i.file_find_and_delete  fds.o
    0x00022d80   0x0000000a   Code   RO         1828    i.file_id_to_peer_id  peer_data_storage.o
    0x00022d8a   0x00000018   Code   RO         1829    i.file_id_within_pm_range  peer_data_storage.o
    0x00022da2   0x00000002   PAD
    0x00022da4   0x00000010   Code   RO         4364    i.flag_clear        fds.o
    0x00022db4   0x00000012   Code   RO         2648    i.flag_id_init      security_dispatcher.o
    0x00022dc6   0x00000012   Code   RO         2793    i.flag_id_init      security_manager.o
    0x00022dd8   0x00000018   Code   RO         4365    i.flag_is_set       fds.o
    0x00022df0   0x00000010   Code   RO         4366    i.flag_set          fds.o
    0x00022e00   0x00000036   Code   RO          830    i.flags_encode      ble_advdata.o
    0x00022e36   0x00000002   PAD
    0x00022e38   0x0000009c   Code   RO         2794    i.flags_set_from_err_code  security_manager.o
    0x00022ed4   0x00000014   Code   RO          940    i.flash_access_in_progress  ble_advertising.o
    0x00022ee8   0x00000080   Code   RO         4763    i.fs_erase          fstorage.o
    0x00022f68   0x0000000e   Code   RO         4367    i.fs_event_handler  fds.o
    0x00022f76   0x00000018   Code   RO         4765    i.fs_flash_page_end_addr  fstorage.o
    0x00022f8e   0x00000002   PAD
    0x00022f90   0x000000c0   Code   RO         4766    i.fs_init           fstorage.o
    0x00023050   0x00000018   Code   RO         4769    i.fs_queued_op_count_get  fstorage.o
    0x00023068   0x00000094   Code   RO         4770    i.fs_store          fstorage.o
    0x000230fc   0x0000006c   Code   RO         4771    i.fs_sys_event_handler  fstorage.o
    0x00023168   0x0000009c   Code   RO          373    i.gap_params_init   cherubimind_ble.o
    0x00023204   0x00000070   Code   RO         4368    i.gc_execute        fds.o
    0x00023274   0x0000003c   Code   RO         4369    i.gc_init           fds.o
    0x000232b0   0x00000028   Code   RO         4370    i.gc_next_page      fds.o
    0x000232d8   0x00000044   Code   RO         4371    i.gc_page_erase     fds.o
    0x0002331c   0x00000048   Code   RO         4372    i.gc_page_next      fds.o
    0x00023364   0x00000040   Code   RO         4373    i.gc_record_copy    fds.o
    0x000233a4   0x00000024   Code   RO         4374    i.gc_record_find_next  fds.o
    0x000233c8   0x00000058   Code   RO         4375    i.gc_state_advance  fds.o
    0x00023420   0x0000002c   Code   RO         4376    i.gc_swap_erase     fds.o
    0x0002344c   0x00000044   Code   RO         4377    i.gc_swap_pages     fds.o
    0x00023490   0x00000020   Code   RO         4378    i.gc_swap_promote   fds.o
    0x000234b0   0x00000018   Code   RO         4379    i.gc_tag_new_swap   fds.o
    0x000234c8   0x00000020   Code   RO         4380    i.gc_update_swap_offset  fds.o
    0x000234e8   0x00000074   Code   RO         1370    i.gcm_ble_evt_handler  gatt_cache_manager.o
    0x0002355c   0x00000078   Code   RO         1371    i.gcm_gscm_evt_handler  gatt_cache_manager.o
    0x000235d4   0x00000030   Code   RO         1372    i.gcm_im_evt_handler  gatt_cache_manager.o
    0x00023604   0x00000068   Code   RO         1373    i.gcm_init          gatt_cache_manager.o
    0x0002366c   0x0000004c   Code   RO         1374    i.gcm_local_database_has_changed  gatt_cache_manager.o
    0x000236b8   0x00000018   Code   RO         1377    i.gcm_smd_evt_handler  gatt_cache_manager.o
    0x000236d0   0x0000003c   Code   RO         1596    i.get_connection_by_conn_handle  id_manager.o
    0x0002370c   0x00000034   Code   RO         1597    i.get_free_connection  id_manager.o
    0x00023740   0x00000080   Code   RO         3895    i.gpiote_event_handler  app_button.o
    0x000237c0   0x0000001c   Code   RO         1504    i.gscm_db_change_notification_done  gatts_cache_manager.o
    0x000237dc   0x00000014   Code   RO         1505    i.gscm_init         gatts_cache_manager.o
    0x000237f0   0x00000018   Code   RO         1506    i.gscm_local_database_has_changed  gatts_cache_manager.o
    0x00023808   0x00000090   Code   RO         1507    i.gscm_local_db_cache_apply  gatts_cache_manager.o
    0x00023898   0x00000096   Code   RO         1509    i.gscm_local_db_cache_update  gatts_cache_manager.o
    0x0002392e   0x00000002   PAD
    0x00023930   0x00000058   Code   RO         1510    i.gscm_pdb_evt_handler  gatts_cache_manager.o
    0x00023988   0x00000024   Code   RO         1511    i.gscm_service_changed_ind_needed  gatts_cache_manager.o
    0x000239ac   0x0000003c   Code   RO         1512    i.gscm_service_changed_ind_send  gatts_cache_manager.o
    0x000239e8   0x00000018   Code   RO         4381    i.header_is_valid   fds.o
    0x00023a00   0x0000004c   Code   RO         1598    i.im_address_resolve  id_manager.o
    0x00023a4c   0x00000034   Code   RO         1599    i.im_ble_addr_get   id_manager.o
    0x00023a80   0x000000ce   Code   RO         1600    i.im_ble_evt_handler  id_manager.o
    0x00023b4e   0x00000002   PAD
    0x00023b50   0x00000030   Code   RO         1601    i.im_conn_handle_get  id_manager.o
    0x00023b80   0x0000002c   Code   RO         1605    i.im_init           id_manager.o
    0x00023bac   0x00000044   Code   RO         1606    i.im_is_duplicate_bonding_data  id_manager.o
    0x00023bf0   0x00000022   Code   RO         1607    i.im_master_id_is_valid  id_manager.o
    0x00023c12   0x00000032   Code   RO         1608    i.im_master_ids_compare  id_manager.o
    0x00023c44   0x00000010   Code   RO         1609    i.im_new_peer_id    id_manager.o
    0x00023c54   0x0000007c   Code   RO         1610    i.im_pdb_evt_handler  id_manager.o
    0x00023cd0   0x0000002a   Code   RO         1611    i.im_peer_free      id_manager.o
    0x00023cfa   0x00000002   PAD
    0x00023cfc   0x00000028   Code   RO         1612    i.im_peer_id_get_by_conn_handle  id_manager.o
    0x00023d24   0x00000040   Code   RO         1613    i.im_peer_id_get_by_master_id  id_manager.o
    0x00023d64   0x00000118   Code   RO         4382    i.init_execute      fds.o
    0x00023e7c   0x000000b8   Code   RO         5527    i.intern_softdevice_events_execute  softdevice_handler.o
    0x00023f34   0x0000000c   Code   RO         1378    i.internal_state_reset  gatt_cache_manager.o
    0x00023f40   0x00000018   Code   RO         1513    i.internal_state_reset  gatts_cache_manager.o
    0x00023f58   0x0000002c   Code   RO         1618    i.internal_state_reset  id_manager.o
    0x00023f84   0x00000020   Code   RO         1995    i.internal_state_reset  peer_database.o
    0x00023fa4   0x0000000e   Code   RO         2175    i.internal_state_reset  peer_id.o
    0x00023fb2   0x00000002   PAD
    0x00023fb4   0x0000002c   Code   RO         2270    i.internal_state_reset  peer_manager.o
    0x00023fe0   0x0000008c   Code   RO         3586    i.interrupts_enable  nrf_drv_uart.o
    0x0002406c   0x00000024   Code   RO         1058    i.is_conn_params_ok  ble_conn_params.o
    0x00024090   0x00000018   Code   RO         1619    i.is_valid_irk      id_manager.o
    0x000240a8   0x00000010   Code   RO         4383    i.is_word_aligned   fds.o
    0x000240b8   0x0000000c   Code   RO         3049    i.item_dequeue      nrf_drv_clock.o
    0x000240c4   0x00000020   Code   RO          631    i.leds_timer_handler  bsp.o
    0x000240e4   0x000000c4   Code   RO         2795    i.link_secure       security_manager.o
    0x000241a8   0x0000008e   Code   RO         2649    i.link_secure_central  security_dispatcher.o
    0x00024236   0x000000e8   Code   RO         2650    i.link_secure_central_existing_peer  security_dispatcher.o
    0x0002431e   0x0000007c   Code   RO         2651    i.link_secure_central_new_peer  security_dispatcher.o
    0x0002439a   0x00000002   PAD
    0x0002439c   0x00000058   Code   RO         2652    i.link_secure_failure  security_dispatcher.o
    0x000243f4   0x00000080   Code   RO         2796    i.link_secure_pending_process  security_manager.o
    0x00024474   0x00000012   Code   RO         2653    i.link_secure_peripheral  security_dispatcher.o
    0x00024486   0x00000002   PAD
    0x00024488   0x0000007c   Code   RO         4042    i.list_deletions_handler  app_timer.o
    0x00024504   0x000000f8   Code   RO         4043    i.list_insertions_handler  app_timer.o
    0x000245fc   0x000000a0   Code   RO         1379    i.local_db_apply_in_evt  gatt_cache_manager.o
    0x0002469c   0x000000b8   Code   RO         1380    i.local_db_update_in_evt  gatt_cache_manager.o
    0x00024754   0x00000034   Code   RO         2588    i.lock_by_mask      pm_mutex.o
    0x00024788   0x00000066   Code   RO            4    i.main              main.o
    0x000247ee   0x00000076   Code   RO          831    i.manuf_specific_data_encode  ble_advdata.o
    0x00024864   0x000000c2   Code   RO          832    i.name_encode       ble_advdata.o
    0x00024926   0x00000002   PAD
    0x00024928   0x00000070   Code   RO         1620    i.new_connection    id_manager.o
    0x00024998   0x00000034   Code   RO         2176    i.next_id_get       peer_id.o
    0x000249cc   0x00000016   Code   RO         3299    i.nrf_bitmask_bit_is_set  nrf_drv_gpiote.o
    0x000249e2   0x00000012   Code   RO         3053    i.nrf_clock_event_check  nrf_drv_clock.o
    0x000249f4   0x00000012   Code   RO         3054    i.nrf_clock_event_clear  nrf_drv_clock.o
    0x00024a06   0x00000002   PAD
    0x00024a08   0x0000000c   Code   RO         3056    i.nrf_clock_int_disable  nrf_drv_clock.o
    0x00024a14   0x00000098   Code   RO         4044    i.nrf_delay_us      app_timer.o
    0x00024aac   0x00000068   Code   RO         3065    i.nrf_drv_clock_init  nrf_drv_clock.o
    0x00024b14   0x00000034   Code   RO         3072    i.nrf_drv_clock_on_sd_enable  nrf_drv_clock.o
    0x00024b48   0x0000000e   Code   RO         3073    i.nrf_drv_clock_on_soc_event  nrf_drv_clock.o
    0x00024b56   0x00000002   PAD
    0x00024b58   0x00000060   Code   RO         3248    i.nrf_drv_common_irq_enable  nrf_drv_common.o
    0x00024bb8   0x0000000a   Code   RO         3588    i.nrf_drv_get_IRQn  nrf_drv_uart.o
    0x00024bc2   0x00000002   PAD
    0x00024bc4   0x000000ac   Code   RO         3304    i.nrf_drv_gpiote_in_event_enable  nrf_drv_gpiote.o
    0x00024c70   0x000000dc   Code   RO         3305    i.nrf_drv_gpiote_in_init  nrf_drv_gpiote.o
    0x00024d4c   0x00000014   Code   RO         3306    i.nrf_drv_gpiote_in_is_set  nrf_drv_gpiote.o
    0x00024d60   0x00000060   Code   RO         3308    i.nrf_drv_gpiote_init  nrf_drv_gpiote.o
    0x00024dc0   0x00000014   Code   RO         3309    i.nrf_drv_gpiote_is_init  nrf_drv_gpiote.o
    0x00024dd4   0x00000014   Code   RO         3589    i.nrf_drv_is_in_RAM  nrf_drv_uart.o
    0x00024de8   0x00000084   Code   RO         3591    i.nrf_drv_uart_init  nrf_drv_uart.o
    0x00024e6c   0x000000d4   Code   RO         3592    i.nrf_drv_uart_rx   nrf_drv_uart.o
    0x00024f40   0x00000034   Code   RO         3595    i.nrf_drv_uart_rx_enable  nrf_drv_uart.o
    0x00024f74   0x000000cc   Code   RO         3596    i.nrf_drv_uart_rx_for_uart  nrf_drv_uart.o
    0x00025040   0x000000c8   Code   RO         3597    i.nrf_drv_uart_rx_for_uarte  nrf_drv_uart.o
    0x00025108   0x00000064   Code   RO         3598    i.nrf_drv_uart_tx   nrf_drv_uart.o
    0x0002516c   0x0000008c   Code   RO         3600    i.nrf_drv_uart_tx_for_uart  nrf_drv_uart.o
    0x000251f8   0x0000007c   Code   RO         3601    i.nrf_drv_uart_tx_for_uarte  nrf_drv_uart.o
    0x00025274   0x0000001c   Code   RO         3602    i.nrf_drv_uart_tx_in_progress  nrf_drv_uart.o
    0x00025290   0x00000028   Code   RO          521    i.nrf_gpio_cfg      boards.o
    0x000252b8   0x00000028   Code   RO         3323    i.nrf_gpio_cfg      nrf_drv_gpiote.o
    0x000252e0   0x00000028   Code   RO         3604    i.nrf_gpio_cfg      nrf_drv_uart.o
    0x00025308   0x0000001a   Code   RO         3606    i.nrf_gpio_cfg_input  nrf_drv_uart.o
    0x00025322   0x00000018   Code   RO         3607    i.nrf_gpio_cfg_output  nrf_drv_uart.o
    0x0002533a   0x00000032   Code   RO          632    i.nrf_gpio_cfg_sense_set  bsp.o
    0x0002536c   0x00000032   Code   RO         3325    i.nrf_gpio_cfg_sense_set  nrf_drv_gpiote.o
    0x0002539e   0x00000018   Code   RO         3327    i.nrf_gpio_pin_read  nrf_drv_gpiote.o
    0x000253b6   0x00000016   Code   RO         3608    i.nrf_gpio_pin_set  nrf_drv_uart.o
    0x000253cc   0x0000003a   Code   RO          522    i.nrf_gpio_pin_write  boards.o
    0x00025406   0x00000002   PAD
    0x00025408   0x00000028   Code   RO         3329    i.nrf_gpio_ports_read  nrf_drv_gpiote.o
    0x00025430   0x0000000c   Code   RO         3330    i.nrf_gpiote_event_addr_get  nrf_drv_gpiote.o
    0x0002543c   0x0000001c   Code   RO         3331    i.nrf_gpiote_event_clear  nrf_drv_gpiote.o
    0x00025458   0x00000016   Code   RO         3332    i.nrf_gpiote_event_is_set  nrf_drv_gpiote.o
    0x0002546e   0x00000002   PAD
    0x00025470   0x0000000c   Code   RO         3333    i.nrf_gpiote_int_enable  nrf_drv_gpiote.o
    0x0002547c   0x0000000c   Code   RO         3609    i.nrf_uart_errorsrc_get_and_clear  nrf_drv_uart.o
    0x00025488   0x0000000e   Code   RO         3610    i.nrf_uart_event_check  nrf_drv_uart.o
    0x00025496   0x0000000e   Code   RO         3611    i.nrf_uart_event_clear  nrf_drv_uart.o
    0x000254a4   0x0000000a   Code   RO         3612    i.nrf_uart_hwfc_pins_set  nrf_drv_uart.o
    0x000254ae   0x00000006   Code   RO         3613    i.nrf_uart_int_disable  nrf_drv_uart.o
    0x000254b4   0x00000006   Code   RO         3614    i.nrf_uart_int_enable  nrf_drv_uart.o
    0x000254ba   0x00000012   Code   RO         3615    i.nrf_uart_int_enable_check  nrf_drv_uart.o
    0x000254cc   0x00000006   Code   RO         3616    i.nrf_uart_task_trigger  nrf_drv_uart.o
    0x000254d2   0x0000000a   Code   RO         3617    i.nrf_uart_txrx_pins_set  nrf_drv_uart.o
    0x000254dc   0x0000000c   Code   RO         3618    i.nrf_uarte_errorsrc_get_and_clear  nrf_drv_uart.o
    0x000254e8   0x0000000e   Code   RO         3619    i.nrf_uarte_event_check  nrf_drv_uart.o
    0x000254f6   0x0000000e   Code   RO         3620    i.nrf_uarte_event_clear  nrf_drv_uart.o
    0x00025504   0x0000000c   Code   RO         3621    i.nrf_uarte_hwfc_pins_set  nrf_drv_uart.o
    0x00025510   0x00000006   Code   RO         3622    i.nrf_uarte_int_disable  nrf_drv_uart.o
    0x00025516   0x00000006   Code   RO         3623    i.nrf_uarte_int_enable  nrf_drv_uart.o
    0x0002551c   0x0000000a   Code   RO         3624    i.nrf_uarte_rx_amount_get  nrf_drv_uart.o
    0x00025526   0x00000006   Code   RO         3625    i.nrf_uarte_task_trigger  nrf_drv_uart.o
    0x0002552c   0x0000000e   Code   RO         3626    i.nrf_uarte_txrx_pins_set  nrf_drv_uart.o
    0x0002553a   0x00000032   Code   RO          374    i.on_adv_evt        cherubimind_ble.o
    0x0002556c   0x00000150   Code   RO          375    i.on_ble_evt        cherubimind_ble.o
    0x000256bc   0x0000002c   Code   RO          376    i.on_conn_params_evt  cherubimind_ble.o
    0x000256e8   0x00000018   Code   RO         1059    i.on_conn_params_update  ble_conn_params.o
    0x00025700   0x00000038   Code   RO         1060    i.on_connect        ble_conn_params.o
    0x00025738   0x00000006   Code   RO         2931    i.on_connect        ble_bas.o
    0x0002573e   0x00000006   Code   RO         2986    i.on_connect        ble_nus.o
    0x00025744   0x00000014   Code   RO          941    i.on_connected      ble_advertising.o
    0x00025758   0x00000040   Code   RO         1061    i.on_disconnect     ble_conn_params.o
    0x00025798   0x00000008   Code   RO         2932    i.on_disconnect     ble_bas.o
    0x000257a0   0x00000008   Code   RO         2987    i.on_disconnect     ble_nus.o
    0x000257a8   0x0000003c   Code   RO          942    i.on_disconnected   ble_advertising.o
    0x000257e4   0x0000002c   Code   RO         4772    i.on_operation_failure  fstorage.o
    0x00025810   0x00000078   Code   RO         4773    i.on_operation_success  fstorage.o
    0x00025888   0x00000038   Code   RO          943    i.on_timeout        ble_advertising.o
    0x000258c0   0x0000004c   Code   RO         1062    i.on_write          ble_conn_params.o
    0x0002590c   0x00000040   Code   RO         2933    i.on_write          ble_bas.o
    0x0002594c   0x00000046   Code   RO         2988    i.on_write          ble_nus.o
    0x00025992   0x00000002   PAD
    0x00025994   0x000000a4   Code   RO         4384    i.op_enqueue        fds.o
    0x00025a38   0x00000040   Code   RO         4385    i.page_from_record  fds.o
    0x00025a78   0x0000002c   Code   RO         4386    i.page_has_space    fds.o
    0x00025aa4   0x0000002c   Code   RO         4387    i.page_identify     fds.o
    0x00025ad0   0x0000001e   Code   RO         4388    i.page_is_erased    fds.o
    0x00025aee   0x00000012   Code   RO         4389    i.page_offsets_update  fds.o
    0x00025b00   0x00000068   Code   RO         4390    i.page_scan         fds.o
    0x00025b68   0x00000020   Code   RO         4391    i.page_tag_write_data  fds.o
    0x00025b88   0x00000024   Code   RO         4392    i.page_tag_write_swap  fds.o
    0x00025bac   0x00000130   Code   RO         4393    i.pages_init        fds.o
    0x00025cdc   0x00000084   Code   RO         2654    i.pairing_failure   security_dispatcher.o
    0x00025d60   0x00000048   Code   RO         2797    i.params_reply_pending_process  security_manager.o
    0x00025da8   0x00000020   Code   RO         1997    i.pdb_evt_send      peer_database.o
    0x00025dc8   0x00000044   Code   RO         1998    i.pdb_init          peer_database.o
    0x00025e0c   0x0000000c   Code   RO         2000    i.pdb_next_deleted_peer_id_get  peer_database.o
    0x00025e18   0x0000000c   Code   RO         2001    i.pdb_next_peer_id_get  peer_database.o
    0x00025e24   0x000001bc   Code   RO         2002    i.pdb_pds_evt_handler  peer_database.o
    0x00025fe0   0x00000008   Code   RO         2003    i.pdb_peer_allocate  peer_database.o
    0x00025fe8   0x00000016   Code   RO         2005    i.pdb_peer_data_ptr_get  peer_database.o
    0x00025ffe   0x00000058   Code   RO         2006    i.pdb_peer_free     peer_database.o
    0x00026056   0x00000016   Code   RO         2007    i.pdb_raw_store     peer_database.o
    0x0002606c   0x00000134   Code   RO         2008    i.pdb_write_buf_get  peer_database.o
    0x000261a0   0x00000036   Code   RO         2009    i.pdb_write_buf_release  peer_database.o
    0x000261d6   0x00000002   PAD
    0x000261d8   0x00000104   Code   RO         2010    i.pdb_write_buf_store  peer_database.o
    0x000262dc   0x00000078   Code   RO         2011    i.pdb_write_buf_store_prepare  peer_database.o
    0x00026354   0x00000020   Code   RO         1830    i.pds_evt_send      peer_data_storage.o
    0x00026374   0x00000038   Code   RO         1831    i.pds_init          peer_data_storage.o
    0x000263ac   0x0000000c   Code   RO         1832    i.pds_next_deleted_peer_id_get  peer_data_storage.o
    0x000263b8   0x0000000c   Code   RO         1833    i.pds_next_peer_id_get  peer_data_storage.o
    0x000263c4   0x0000005c   Code   RO         1836    i.pds_peer_data_iterate  peer_data_storage.o
    0x00026420   0x00000010   Code   RO         1837    i.pds_peer_data_iterate_prepare  peer_data_storage.o
    0x00026430   0x00000088   Code   RO         1838    i.pds_peer_data_read  peer_data_storage.o
    0x000264b8   0x000000ba   Code   RO         1839    i.pds_peer_data_store  peer_data_storage.o
    0x00026572   0x0000000c   Code   RO         1840    i.pds_peer_id_allocate  peer_data_storage.o
    0x0002657e   0x0000001e   Code   RO         1841    i.pds_peer_id_free  peer_data_storage.o
    0x0002659c   0x0000000c   Code   RO         1842    i.pds_peer_id_is_allocated  peer_data_storage.o
    0x000265a8   0x0000003c   Code   RO         1843    i.pds_space_reserve  peer_data_storage.o
    0x000265e4   0x00000014   Code   RO         1844    i.pds_space_reserve_cancel  peer_data_storage.o
    0x000265f8   0x0000001c   Code   RO         2012    i.peer_data_const_point_to_buffer  peer_database.o
    0x00026614   0x000000a4   Code   RO         1845    i.peer_data_delete  peer_data_storage.o
    0x000266b8   0x00000040   Code   RO         1846    i.peer_data_find    peer_data_storage.o
    0x000266f8   0x00000022   Code   RO         1847    i.peer_data_id_is_valid  peer_data_storage.o
    0x0002671a   0x0000000a   Code   RO         1848    i.peer_data_id_to_record_key  peer_data_storage.o
    0x00026724   0x0000001a   Code   RO         2013    i.peer_data_point_to_buffer  peer_database.o
    0x0002673e   0x00000002   PAD
    0x00026740   0x00000014   Code   RO         2177    i.peer_id_allocate  peer_id.o
    0x00026754   0x0000002c   Code   RO         2178    i.peer_id_delete    peer_id.o
    0x00026780   0x0000001c   Code   RO         2179    i.peer_id_free      peer_id.o
    0x0002679c   0x00000014   Code   RO         2180    i.peer_id_get_next_deleted  peer_id.o
    0x000267b0   0x00000038   Code   RO         2181    i.peer_id_get_next_used  peer_id.o
    0x000267e8   0x00000024   Code   RO         2182    i.peer_id_init      peer_id.o
    0x0002680c   0x0000001c   Code   RO         2183    i.peer_id_is_allocated  peer_id.o
    0x00026828   0x0000001c   Code   RO         2184    i.peer_id_is_deleted  peer_id.o
    0x00026844   0x00000024   Code   RO         1621    i.peer_id_set       id_manager.o
    0x00026868   0x0000000a   Code   RO         1849    i.peer_id_to_file_id  peer_data_storage.o
    0x00026872   0x00000046   Code   RO         1850    i.peer_ids_load     peer_data_storage.o
    0x000268b8   0x00000108   Code   RO          377    i.peer_manager_init  cherubimind_ble.o
    0x000269c0   0x0000001c   Code   RO         3336    i.pin_in_use_by_gpiote  nrf_drv_gpiote.o
    0x000269dc   0x00000018   Code   RO         3337    i.pin_in_use_by_port  nrf_drv_gpiote.o
    0x000269f4   0x00000020   Code   RO         3338    i.pin_in_use_by_te  nrf_drv_gpiote.o
    0x00026a14   0x0000000c   Code   RO         3339    i.pin_in_use_clear  nrf_drv_gpiote.o
    0x00026a20   0x00000062   Code   RO         2546    i.pm_buffer_block_acquire  pm_buffer.o
    0x00026a82   0x0000004e   Code   RO         2547    i.pm_buffer_init    pm_buffer.o
    0x00026ad0   0x00000030   Code   RO         2548    i.pm_buffer_ptr_get  pm_buffer.o
    0x00026b00   0x00000028   Code   RO         2549    i.pm_buffer_release  pm_buffer.o
    0x00026b28   0x00000010   Code   RO         2272    i.pm_conn_sec_config_reply  peer_manager.o
    0x00026b38   0x000000c4   Code   RO          378    i.pm_evt_handler    cherubimind_ble.o
    0x00026bfc   0x000000be   Code   RO         2276    i.pm_gcm_evt_handler  peer_manager.o
    0x00026cba   0x00000002   PAD
    0x00026cbc   0x00000058   Code   RO         2279    i.pm_im_evt_handler  peer_manager.o
    0x00026d14   0x000000a4   Code   RO         2280    i.pm_init           peer_manager.o
    0x00026db8   0x0000001c   Code   RO         2282    i.pm_local_database_has_changed  peer_manager.o
    0x00026dd4   0x00000014   Code   RO         2589    i.pm_mutex_init     pm_mutex.o
    0x00026de8   0x00000020   Code   RO         2590    i.pm_mutex_lock     pm_mutex.o
    0x00026e08   0x00000030   Code   RO         2591    i.pm_mutex_lock_first_available  pm_mutex.o
    0x00026e38   0x00000024   Code   RO         2592    i.pm_mutex_lock_status_get  pm_mutex.o
    0x00026e5c   0x00000038   Code   RO         2593    i.pm_mutex_unlock   pm_mutex.o
    0x00026e94   0x0000002c   Code   RO         2284    i.pm_on_ble_evt     peer_manager.o
    0x00026ec0   0x000001c8   Code   RO         2285    i.pm_pdb_evt_handler  peer_manager.o
    0x00027088   0x00000020   Code   RO         2296    i.pm_peer_delete    peer_manager.o
    0x000270a8   0x00000050   Code   RO         2301    i.pm_peers_delete   peer_manager.o
    0x000270f8   0x00000040   Code   RO         2304    i.pm_register       peer_manager.o
    0x00027138   0x00000024   Code   RO         2306    i.pm_sec_params_set  peer_manager.o
    0x0002715c   0x000001b0   Code   RO         2307    i.pm_sm_evt_handler  peer_manager.o
    0x0002730c   0x0000001a   Code   RO            5    i.power_manage      main.o
    0x00027326   0x00000002   PAD
    0x00027328   0x00000048   Code   RO         4394    i.queue_advance     fds.o
    0x00027370   0x00000034   Code   RO         4774    i.queue_advance     fstorage.o
    0x000273a4   0x00000068   Code   RO         4775    i.queue_get_next_free  fstorage.o
    0x0002740c   0x000000a4   Code   RO         4395    i.queue_process     fds.o
    0x000274b0   0x0000006c   Code   RO         4776    i.queue_process     fstorage.o
    0x0002751c   0x00000018   Code   RO         4396    i.queue_start       fds.o
    0x00027534   0x0000002c   Code   RO         4777    i.queue_start       fstorage.o
    0x00027560   0x0000004c   Code   RO         1159    i.record_activate   ble_conn_state.o
    0x000275ac   0x00000088   Code   RO         4397    i.record_find       fds.o
    0x00027634   0x00000048   Code   RO         4398    i.record_find_and_delete  fds.o
    0x0002767c   0x0000007c   Code   RO         4399    i.record_find_by_desc  fds.o
    0x000276f8   0x00000060   Code   RO         4400    i.record_find_next  fds.o
    0x00027758   0x00000028   Code   RO         4401    i.record_header_flag_dirty  fds.o
    0x00027780   0x0000002c   Code   RO         4402    i.record_header_write_begin  fds.o
    0x000277ac   0x00000038   Code   RO         4403    i.record_header_write_finalize  fds.o
    0x000277e4   0x00000038   Code   RO         4404    i.record_header_write_id  fds.o
    0x0002781c   0x00000014   Code   RO         4405    i.record_id_new     fds.o
    0x00027830   0x0000001c   Code   RO         1160    i.record_invalidate  ble_conn_state.o
    0x0002784c   0x00000006   Code   RO         1851    i.record_key_to_peer_data_id  peer_data_storage.o
    0x00027852   0x00000018   Code   RO         1852    i.record_key_within_pm_range  peer_data_storage.o
    0x0002786a   0x00000002   PAD
    0x0002786c   0x00000044   Code   RO         1161    i.record_purge_disconnected  ble_conn_state.o
    0x000278b0   0x00000018   Code   RO         1162    i.record_set_disconnected  ble_conn_state.o
    0x000278c8   0x00000050   Code   RO         4406    i.record_write_chunk  fds.o
    0x00027918   0x00000014   Code   RO         2186    i.release           peer_id.o
    0x0002792c   0x0000000c   Code   RO         4045    i.rtc1_compare0_set  app_timer.o
    0x00027938   0x0000000c   Code   RO         4046    i.rtc1_counter_get  app_timer.o
    0x00027944   0x00000018   Code   RO         4047    i.rtc1_init         app_timer.o
    0x0002795c   0x0000003c   Code   RO         4048    i.rtc1_start        app_timer.o
    0x00027998   0x00000058   Code   RO         4049    i.rtc1_stop         app_timer.o
    0x000279f0   0x0000003e   Code   RO         3628    i.rx_byte           nrf_drv_uart.o
    0x00027a2e   0x00000136   Code   RO         2989    i.rx_char_add       ble_nus.o
    0x00027b64   0x0000001e   Code   RO         3629    i.rx_done_event     nrf_drv_uart.o
    0x00027b82   0x00000022   Code   RO         3630    i.rx_enable         nrf_drv_uart.o
    0x00027ba4   0x0000008c   Code   RO         5529    i.sd_nvic_EnableIRQ  softdevice_handler.o
    0x00027c30   0x00000068   Code   RO         4251    i.sd_nvic_critical_region_enter  app_util_platform.o
    0x00027c98   0x0000000c   Code   RO         1381    i.sdk_mapped_flags_any_set  gatt_cache_manager.o
    0x00027ca4   0x0000000c   Code   RO         2798    i.sdk_mapped_flags_any_set  security_manager.o
    0x00027cb0   0x00000076   Code   RO         4940    i.sdk_mapped_flags_bulk_update_by_key  sdk_mapped_flags.o
    0x00027d26   0x00000024   Code   RO         4941    i.sdk_mapped_flags_first_key_index_get  sdk_mapped_flags.o
    0x00027d4a   0x00000012   Code   RO         4942    i.sdk_mapped_flags_get_by_index  sdk_mapped_flags.o
    0x00027d5c   0x0000002e   Code   RO         4943    i.sdk_mapped_flags_get_by_key  sdk_mapped_flags.o
    0x00027d8a   0x00000042   Code   RO         4944    i.sdk_mapped_flags_key_list_get  sdk_mapped_flags.o
    0x00027dcc   0x0000001a   Code   RO         4946    i.sdk_mapped_flags_update_by_key  sdk_mapped_flags.o
    0x00027de6   0x000000d8   Code   RO         2655    i.sec_info_request_process  security_dispatcher.o
    0x00027ebe   0x0000001a   Code   RO         2656    i.sec_params_request_process  security_dispatcher.o
    0x00027ed8   0x000000e8   Code   RO         2799    i.sec_params_verify  security_manager.o
    0x00027fc0   0x0000005c   Code   RO         2657    i.sec_proc_start    security_dispatcher.o
    0x0002801c   0x00000034   Code   RO         2658    i.sec_request_process  security_dispatcher.o
    0x00028050   0x00000024   Code   RO         2659    i.sec_start_send    security_dispatcher.o
    0x00028074   0x0000001e   Code   RO         2800    i.send_config_req   security_manager.o
    0x00028092   0x0000005c   Code   RO         4778    i.send_event        fstorage.o
    0x000280ee   0x00000002   PAD
    0x000280f0   0x0000006c   Code   RO         1382    i.service_changed_pending_flags_check  gatt_cache_manager.o
    0x0002815c   0x00000050   Code   RO         1514    i.service_changed_pending_set  gatts_cache_manager.o
    0x000281ac   0x000000b8   Code   RO         1383    i.service_changed_send_in_evt  gatt_cache_manager.o
    0x00028264   0x00000096   Code   RO          833    i.service_data_encode  ble_advdata.o
    0x000282fa   0x00000002   PAD
    0x000282fc   0x000000e8   Code   RO          379    i.services_init     cherubimind_ble.o
    0x000283e4   0x00000020   Code   RO          944    i.set_adv_mode_directed  ble_advertising.o
    0x00028404   0x0000002c   Code   RO          945    i.set_adv_mode_directed_slow  ble_advertising.o
    0x00028430   0x00000060   Code   RO          946    i.set_adv_mode_fast  ble_advertising.o
    0x00028490   0x00000060   Code   RO          947    i.set_adv_mode_slow  ble_advertising.o
    0x000284f0   0x0000004c   Code   RO          380    i.sleep_mode_enter  cherubimind_ble.o
    0x0002853c   0x00000018   Code   RO         2801    i.sm_ble_evt_handler  security_manager.o
    0x00028554   0x00000024   Code   RO         2802    i.sm_conn_sec_config_reply  security_manager.o
    0x00028578   0x00000064   Code   RO         2803    i.sm_init           security_manager.o
    0x000285dc   0x00000060   Code   RO         2806    i.sm_pdb_evt_handler  security_manager.o
    0x0002863c   0x00000038   Code   RO         2808    i.sm_sec_params_set  security_manager.o
    0x00028674   0x000000a4   Code   RO         2809    i.sm_smd_evt_handler  security_manager.o
    0x00028718   0x00000058   Code   RO         2660    i.smd_ble_evt_handler  security_dispatcher.o
    0x00028770   0x0000004c   Code   RO         2661    i.smd_init          security_dispatcher.o
    0x000287bc   0x00000038   Code   RO         2662    i.smd_link_secure   security_dispatcher.o
    0x000287f4   0x00000120   Code   RO         2663    i.smd_params_reply  security_dispatcher.o
    0x00028914   0x00000090   Code   RO         2810    i.smd_params_reply_perform  security_manager.o
    0x000289a4   0x00000034   Code   RO         2664    i.smd_pdb_evt_handler  security_dispatcher.o
    0x000289d8   0x00000018   Code   RO         5530    i.softdevice_ble_evt_handler_set  softdevice_handler.o
    0x000289f0   0x00000028   Code   RO         5531    i.softdevice_enable  softdevice_handler.o
    0x00028a18   0x0000002c   Code   RO         5532    i.softdevice_enable_get_default_config  softdevice_handler.o
    0x00028a44   0x00000014   Code   RO         5533    i.softdevice_fault_handler  softdevice_handler.o
    0x00028a58   0x0000009c   Code   RO         5534    i.softdevice_handler_init  softdevice_handler.o
    0x00028af4   0x0000000c   Code   RO         5535    i.softdevice_handler_is_enabled  softdevice_handler.o
    0x00028b00   0x00000018   Code   RO         5540    i.softdevice_sys_evt_handler_set  softdevice_handler.o
    0x00028b18   0x0000000e   Code   RO          834    i.srdata_check      ble_advdata.o
    0x00028b26   0x00000026   Code   RO          736    i.startup_event_extract  bsp_btn_ble.o
    0x00028b4c   0x00000032   Code   RO         4779    i.store_execute     fstorage.o
    0x00028b7e   0x00000012   Code   RO          381    i.sys_evt_dispatch  cherubimind_ble.o
    0x00028b90   0x0000000a   Code   RO         4050    i.ticks_diff_get    app_timer.o
    0x00028b9a   0x00000002   PAD
    0x00028b9c   0x00000038   Code   RO         4051    i.timeout_handler_exec  app_timer.o
    0x00028bd4   0x00000054   Code   RO         4052    i.timer_list_handler  app_timer.o
    0x00028c28   0x0000000a   Code   RO         4053    i.timer_list_handler_sched  app_timer.o
    0x00028c32   0x00000002   PAD
    0x00028c34   0x00000068   Code   RO         4054    i.timer_list_insert  app_timer.o
    0x00028c9c   0x0000006c   Code   RO         4055    i.timer_list_remove  app_timer.o
    0x00028d08   0x0000005e   Code   RO         4056    i.timer_start_op_schedule  app_timer.o
    0x00028d66   0x00000042   Code   RO         4057    i.timer_stop_op_schedule  app_timer.o
    0x00028da8   0x00000098   Code   RO         4058    i.timer_timeouts_check  app_timer.o
    0x00028e40   0x0000000a   Code   RO         4059    i.timer_timeouts_check_sched  app_timer.o
    0x00028e4a   0x00000002   PAD
    0x00028e4c   0x00000054   Code   RO          297    i.timers_init       cherubimind.o
    0x00028ea0   0x00000026   Code   RO         3631    i.tx_byte           nrf_drv_uart.o
    0x00028ec6   0x000000ec   Code   RO         2990    i.tx_char_add       ble_nus.o
    0x00028fb2   0x00000022   Code   RO         3632    i.tx_done_event     nrf_drv_uart.o
    0x00028fd4   0x00000036   Code   RO          835    i.tx_power_level_encode  ble_advdata.o
    0x0002900a   0x00000002   PAD
    0x0002900c   0x000003d0   Code   RO          298    i.uart_event_handle  cherubimind.o
    0x000293dc   0x000000d4   Code   RO         5035    i.uart_event_handler  app_uart_fifo.o
    0x000294b0   0x0000005c   Code   RO          299    i.uart_init         cherubimind.o
    0x0002950c   0x00000142   Code   RO         3633    i.uart_irq_handler  nrf_drv_uart.o
    0x0002964e   0x0000010c   Code   RO         3634    i.uarte_irq_handler  nrf_drv_uart.o
    0x0002975a   0x0000000c   Code   RO         1306    i.uint16_decode     ble_srv_common.o
    0x00029766   0x0000000c   Code   RO          836    i.uint16_encode     ble_advdata.o
    0x00029772   0x00000002   PAD
    0x00029774   0x00000058   Code   RO         1384    i.update_pending_flags_check  gatt_cache_manager.o
    0x000297cc   0x00000090   Code   RO         1063    i.update_timeout_handler  ble_conn_params.o
    0x0002985c   0x00000014   Code   RO         1163    i.user_flag_acquire  ble_conn_state.o
    0x00029870   0x0000001c   Code   RO         1164    i.user_flag_is_acquired  ble_conn_state.o
    0x0002988c   0x0000003c   Code   RO         4060    i.user_op_alloc     app_timer.o
    0x000298c8   0x0000000c   Code   RO         4061    i.user_op_enque     app_timer.o
    0x000298d4   0x0000004e   Code   RO          837    i.uuid_list_encode  ble_advdata.o
    0x00029922   0x000000dc   Code   RO          838    i.uuid_list_sized_encode  ble_advdata.o
    0x000299fe   0x00000002   PAD
    0x00029a00   0x0000000c   Code   RO          948    i.whitelist_has_entries  ble_advertising.o
    0x00029a0c   0x00000038   Code   RO         2014    i.write_buf_length_words_set  peer_database.o
    0x00029a44   0x00000032   Code   RO         2015    i.write_buffer_record_find  peer_database.o
    0x00029a76   0x00000002   PAD
    0x00029a78   0x00000030   Code   RO         2016    i.write_buffer_record_find_next  peer_database.o
    0x00029aa8   0x0000000e   Code   RO         2017    i.write_buffer_record_find_unused  peer_database.o
    0x00029ab6   0x00000024   Code   RO         2018    i.write_buffer_record_get  peer_database.o
    0x00029ada   0x0000002e   Code   RO         2019    i.write_buffer_record_invalidate  peer_database.o
    0x00029b08   0x00000028   Code   RO         2020    i.write_buffer_record_release  peer_database.o
    0x00029b30   0x00000104   Code   RO         4407    i.write_enqueue     fds.o
    0x00029c34   0x000000b8   Code   RO         4408    i.write_execute     fds.o
    0x00029cec   0x0000001c   Code   RO         4409    i.write_space_free  fds.o
    0x00029d08   0x0000006c   Code   RO         4410    i.write_space_reserve  fds.o
    0x00029d74   0x0000001c   Data   RO          301    .constdata          cherubimind.o
    0x00029d90   0x00000004   Data   RO          383    .constdata          cherubimind_ble.o
    0x00029d94   0x00000008   Data   RO          523    .constdata          boards.o
    0x00029d9c   0x0000002c   Data   RO          634    .constdata          bsp.o
    0x00029dc8   0x00000004   Data   RO         1065    .constdata          ble_conn_params.o
    0x00029dcc   0x00000018   Data   RO         1515    .constdata          gatts_cache_manager.o
    0x00029de4   0x00000008   Data   RO         1624    .constdata          id_manager.o
    0x00029dec   0x00000004   Data   RO         1853    .constdata          peer_data_storage.o
    0x00029df0   0x00000014   Data   RO         2022    .constdata          peer_database.o
    0x00029e04   0x00000044   Data   RO         2666    .constdata          security_dispatcher.o
    0x00029e48   0x00000004   Data   RO         2811    .constdata          security_manager.o
    0x00029e4c   0x00000010   Data   RO         2991    .constdata          ble_nus.o
    0x00029e5c   0x00000047   Data   RO         3341    .constdata          nrf_drv_gpiote.o
    0x00029ea3   0x00000001   PAD
    0x00029ea4   0x00000008   Data   RO         3897    .constdata          app_button.o
    0x00029eac   0x00000014   Data   RO         4412    .constdata          fds.o
    0x00029ec0   0x00000020   Data   RO         5037    .constdata          app_uart_fifo.o
    0x00029ee0   0x00000020   Data   RO         5791    Region$$Table       anon$$obj.o


    Execution Region RW_IRAM1 (Base: 0x20002128, Size: 0x00002e18, Max: 0x0000ded8, ABSOLUTE, COMPRESSED[0x0000004c])

    Base Addr    Size         Type   Attr      Idx    E Section Name        Object

    0x20002128   0x0000001d   Data   RW          302    .data               cherubimind.o
    0x20002145   0x00000001   PAD
    0x20002146   0x0000000f   Data   RW          384    .data               cherubimind_ble.o
    0x20002155   0x00000003   PAD
    0x20002158   0x00000015   Data   RW          635    .data               bsp.o
    0x2000216d   0x00000003   PAD
    0x20002170   0x00000008   Data   RW          737    .data               bsp_btn_ble.o
    0x20002178   0x0000001f   Data   RW          950    .data               ble_advertising.o
    0x20002197   0x00000001   PAD
    0x20002198   0x00000015   Data   RW         1066    .data               ble_conn_params.o
    0x200021ad   0x00000003   PAD
    0x200021b0   0x00000009   Data   RW         1385    .data               gatt_cache_manager.o
    0x200021b9   0x00000003   PAD
    0x200021bc   0x0000000a   Data   RW         1516    .data               gatts_cache_manager.o
    0x200021c6   0x00000003   Data   RW         1625    .data               id_manager.o
    0x200021c9   0x00000003   PAD
    0x200021cc   0x0000000c   Data   RW         1854    .data               peer_data_storage.o
    0x200021d8   0x00000009   Data   RW         2023    .data               peer_database.o
    0x200021e1   0x00000003   PAD
    0x200021e4   0x00000011   Data   RW         2313    .data               peer_manager.o
    0x200021f5   0x00000004   Data   RW         2667    .data               security_dispatcher.o
    0x200021f9   0x00000003   PAD
    0x200021fc   0x00000013   Data   RW         2812    .data               security_manager.o
    0x2000220f   0x00000001   PAD
    0x20002210   0x00000014   Data   RW         3898    .data               app_button.o
    0x20002224   0x00000022   Data   RW         4062    .data               app_timer.o
    0x20002246   0x00000002   PAD
    0x20002248   0x00000018   Data   RW         4413    .data               fds.o
    0x20002260   0x00000002   Data   RW         4781    .data               fstorage.o
    0x20002262   0x00000002   PAD
    0x20002264   0x0000000f   Data   RW         5038    .data               app_uart_fifo.o
    0x20002273   0x00000001   PAD
    0x20002274   0x00000018   Data   RW         5541    .data               softdevice_handler.o
    0x2000228c   0x00000004   Data   RW         5688    .data               system_nrf52.o
    0x20002290   0x00000010   Data   RW         4414    fs_data             fds.o
    0x200022a0   0x0000033c   Zero   RW          300    .bss                cherubimind.o
    0x200025dc   0x00000084   Zero   RW          382    .bss                cherubimind_ble.o
    0x20002660   0x0000006c   Zero   RW          633    .bss                bsp.o
    0x200026cc   0x000000b3   Zero   RW          949    .bss                ble_advertising.o
    0x2000277f   0x00000001   PAD
    0x20002780   0x0000003c   Zero   RW         1064    .bss                ble_conn_params.o
    0x200027bc   0x00000034   Zero   RW         1165    .bss                ble_conn_state.o
    0x200027f0   0x00000070   Zero   RW         1623    .bss                id_manager.o
    0x20002860   0x00000330   Zero   RW         2021    .bss                peer_database.o
    0x20002b90   0x00000040   Zero   RW         2187    .bss                peer_id.o
    0x20002bd0   0x0000000c   Zero   RW         2311    .bss                peer_manager.o
    0x20002bdc   0x00000040   Zero   RW         2665    .bss                security_dispatcher.o
    0x20002c1c   0x00000014   Zero   RW         3075    .bss                nrf_drv_clock.o
    0x20002c30   0x00000058   Zero   RW         3340    .bss                nrf_drv_gpiote.o
    0x20002c88   0x00000020   Zero   RW         3635    .bss                nrf_drv_uart.o
    0x20002ca8   0x00000020   Zero   RW         3896    .bss                app_button.o
    0x20002cc8   0x0000000c   Zero   RW         4252    .bss                app_util_platform.o
    0x20002cd4   0x0000011c   Zero   RW         4411    .bss                fds.o
    0x20002df0   0x00000068   Zero   RW         4780    .bss                fstorage.o
    0x20002e58   0x00000020   Zero   RW         5036    .bss                app_uart_fifo.o
    0x20002e78   0x000000c8   Zero   RW         5340    .bss                segger_rtt.o
    0x20002f40   0x00002000   Zero   RW         5668    STACK               arm_startup_nrf52.o


==============================================================================

Image component sizes


      Code (inc. data)   RO Data    RW Data    ZI Data      Debug   Object Name

       480         80          8         20         32       9386   app_button.o
        28          0          0          0          0       2089   app_error.o
        68          8          0          0          0      27397   app_error_weak.o
       170          0          0          0          0       4778   app_fifo.o
      2320        264          0         34          0      67007   app_timer.o
       538         78         32         15         32      10231   app_uart_fifo.o
       200         24          0          0         12       9766   app_util_platform.o
        36          8       1024          0       8192        860   arm_startup_nrf52.o
      1818          0          0          0          0      32316   ble_advdata.o
      1520        242          0         31        179      13177   ble_advertising.o
       828          0          0          0          0       5999   ble_bas.o
       706        120          4         21         60       6956   ble_conn_params.o
       664         72          0          0         52      10846   ble_conn_state.o
       930          4         16          0          0       6642   ble_nus.o
        90          0          0          0          0      18398   ble_srv_common.o
       418         34          8          0          0      12204   boards.o
      1454        128         44         21        108      13395   bsp.o
       420         18          0          8          0       5437   bsp_btn_ble.o
      1206        332         28         29        828       4967   cherubimind.o
      2226        154          4         15        132      17312   cherubimind_ble.o
      4840        434         20         40        284      50506   fds.o
      1280         82          0          2        104      13299   fstorage.o
      1388         96          0          9          0      17516   gatt_cache_manager.o
       686         46         24         10          0       9215   gatts_cache_manager.o
      1360         72          8          3        112      18603   id_manager.o
       128          0          0          0          0     137679   main.o
       358         34          0          0         20      12176   nrf_drv_clock.o
        96         12          0          0          0      27619   nrf_drv_common.o
      1630        104         71          0         88      32010   nrf_drv_gpiote.o
      2716         74          0          0         32      45621   nrf_drv_uart.o
      1408         50          4         12          0      18144   peer_data_storage.o
      1826         70         20          9        816      22599   peer_database.o
       420         44          0          0         64       8419   peer_id.o
      1714        156          0         17         12      12488   peer_manager.o
       264          0          0          0          0       3879   pm_buffer.o
       244          0          0          0          0       4829   pm_mutex.o
       310          0          0          0          0       5764   sdk_mapped_flags.o
      2182        100         68          4         64      21460   security_dispatcher.o
      1562        168          4         19          0      16236   security_manager.o
       552         46          0          0        200       8259   segger_rtt.o
       794         98          0         24          0      42448   softdevice_handler.o
      1096        112          0          4          0       5959   system_nrf52.o

    ----------------------------------------------------------------------
     43074       3364       1420        376      11424     813891   Object Totals
         0          0         32          0          0          0   (incl. Generated)
       100          0          1         29          1          0   (incl. Padding)

    ----------------------------------------------------------------------

      Code (inc. data)   RO Data    RW Data    ZI Data      Debug   Library Member Name

        86          0          0          0          0          0   __dczerorl2.o
         0          0          0          0          0          0   entry.o
         0          0          0          0          0          0   entry10a.o
         0          0          0          0          0          0   entry11a.o
         8          4          0          0          0          0   entry2.o
         4          0          0          0          0          0   entry5.o
         0          0          0          0          0          0   entry7b.o
         0          0          0          0          0          0   entry8b.o
         8          4          0          0          0          0   entry9a.o
        30          0          0          0          0          0   handlers.o
        36          8          0          0          0         68   init.o
        26          0          0          0          0         80   memcmp.o
        36          0          0          0          0         68   memcpya.o
        36          0          0          0          0        108   memseta.o
        18          0          0          0          0         68   strcpy.o
        14          0          0          0          0         68   strlen.o

    ----------------------------------------------------------------------
       306         16          0          0          0        460   Library Totals
         4          0          0          0          0          0   (incl. Padding)

    ----------------------------------------------------------------------

      Code (inc. data)   RO Data    RW Data    ZI Data      Debug   Library Name

       302         16          0          0          0        460   mc_w.l

    ----------------------------------------------------------------------
       306         16          0          0          0        460   Library Totals

    ----------------------------------------------------------------------

==============================================================================


      Code (inc. data)   RO Data    RW Data    ZI Data      Debug   

     43380       3380       1420        376      11424     759379   Grand Totals
     43380       3380       1420         76      11424     759379   ELF Image Totals (compressed)
     43380       3380       1420         76          0          0   ROM Totals

==============================================================================

    Total RO  Size (Code + RO Data)                44800 (  43.75kB)
    Total RW  Size (RW Data + ZI Data)             11800 (  11.52kB)
    Total ROM Size (Code + RO Data + RW Data)      44876 (  43.82kB)

==============================================================================

